###############################################################################
#
# IAR ELF Linker V7.50.1.10123/W32 for ARM                14/Oct/2016  21:43:05
# Copyright 2007-2015 IAR Systems AB.
#
#    Output file  =  G:\STM32\Acopter\Acopter\EWARM\Acopter\Exe\Acopter.out
#    Map file     =  G:\STM32\Acopter\Acopter\EWARM\Acopter\List\Acopter.map
#    Command line =  
#        G:\STM32\Acopter\Acopter\EWARM\Acopter\Obj\AHRS.o
#        G:\STM32\Acopter\Acopter\EWARM\Acopter\Obj\baro.o
#        G:\STM32\Acopter\Acopter\EWARM\Acopter\Obj\ctrl.o
#        G:\STM32\Acopter\Acopter\EWARM\Acopter\Obj\datatrans.o
#        G:\STM32\Acopter\Acopter\EWARM\Acopter\Obj\delay.o
#        G:\STM32\Acopter\Acopter\EWARM\Acopter\Obj\filter.o
#        G:\STM32\Acopter\Acopter\EWARM\Acopter\Obj\flash.o
#        G:\STM32\Acopter\Acopter\EWARM\Acopter\Obj\gps.o
#        G:\STM32\Acopter\Acopter\EWARM\Acopter\Obj\height_ctrl.o
#        G:\STM32\Acopter\Acopter\EWARM\Acopter\Obj\i2c_soft.o
#        G:\STM32\Acopter\Acopter\EWARM\Acopter\Obj\imu.o
#        G:\STM32\Acopter\Acopter\EWARM\Acopter\Obj\init.o
#        G:\STM32\Acopter\Acopter\EWARM\Acopter\Obj\led.o
#        G:\STM32\Acopter\Acopter\EWARM\Acopter\Obj\magnet.o
#        G:\STM32\Acopter\Acopter\EWARM\Acopter\Obj\main.o
#        G:\STM32\Acopter\Acopter\EWARM\Acopter\Obj\matrix3.o
#        G:\STM32\Acopter\Acopter\EWARM\Acopter\Obj\misc.o
#        G:\STM32\Acopter\Acopter\EWARM\Acopter\Obj\mymath.o
#        G:\STM32\Acopter\Acopter\EWARM\Acopter\Obj\os_core.o
#        G:\STM32\Acopter\Acopter\EWARM\Acopter\Obj\os_cpu_a.o
#        G:\STM32\Acopter\Acopter\EWARM\Acopter\Obj\os_cpu_c.o
#        G:\STM32\Acopter\Acopter\EWARM\Acopter\Obj\os_dbg.o
#        G:\STM32\Acopter\Acopter\EWARM\Acopter\Obj\os_flag.o
#        G:\STM32\Acopter\Acopter\EWARM\Acopter\Obj\os_mbox.o
#        G:\STM32\Acopter\Acopter\EWARM\Acopter\Obj\os_mem.o
#        G:\STM32\Acopter\Acopter\EWARM\Acopter\Obj\os_mutex.o
#        G:\STM32\Acopter\Acopter\EWARM\Acopter\Obj\os_q.o
#        G:\STM32\Acopter\Acopter\EWARM\Acopter\Obj\os_sem.o
#        G:\STM32\Acopter\Acopter\EWARM\Acopter\Obj\os_task.o
#        G:\STM32\Acopter\Acopter\EWARM\Acopter\Obj\os_time.o
#        G:\STM32\Acopter\Acopter\EWARM\Acopter\Obj\os_tmr.o
#        G:\STM32\Acopter\Acopter\EWARM\Acopter\Obj\parameter.o
#        G:\STM32\Acopter\Acopter\EWARM\Acopter\Obj\pwm.o
#        G:\STM32\Acopter\Acopter\EWARM\Acopter\Obj\quaternion.o
#        G:\STM32\Acopter\Acopter\EWARM\Acopter\Obj\rc.o
#        G:\STM32\Acopter\Acopter\EWARM\Acopter\Obj\scheduler.o
#        G:\STM32\Acopter\Acopter\EWARM\Acopter\Obj\sonar.o
#        G:\STM32\Acopter\Acopter\EWARM\Acopter\Obj\startup_stm32f407xx.o
#        G:\STM32\Acopter\Acopter\EWARM\Acopter\Obj\stm32f4xx_hal.o
#        G:\STM32\Acopter\Acopter\EWARM\Acopter\Obj\stm32f4xx_hal_cortex.o
#        G:\STM32\Acopter\Acopter\EWARM\Acopter\Obj\stm32f4xx_hal_dma.o
#        G:\STM32\Acopter\Acopter\EWARM\Acopter\Obj\stm32f4xx_hal_dma_ex.o
#        G:\STM32\Acopter\Acopter\EWARM\Acopter\Obj\stm32f4xx_hal_flash.o
#        G:\STM32\Acopter\Acopter\EWARM\Acopter\Obj\stm32f4xx_hal_flash_ex.o
#        G:\STM32\Acopter\Acopter\EWARM\Acopter\Obj\stm32f4xx_hal_flash_ramfunc.o
#        G:\STM32\Acopter\Acopter\EWARM\Acopter\Obj\stm32f4xx_hal_gpio.o
#        G:\STM32\Acopter\Acopter\EWARM\Acopter\Obj\stm32f4xx_hal_msp.o
#        G:\STM32\Acopter\Acopter\EWARM\Acopter\Obj\stm32f4xx_hal_pwr.o
#        G:\STM32\Acopter\Acopter\EWARM\Acopter\Obj\stm32f4xx_hal_pwr_ex.o
#        G:\STM32\Acopter\Acopter\EWARM\Acopter\Obj\stm32f4xx_hal_rcc.o
#        G:\STM32\Acopter\Acopter\EWARM\Acopter\Obj\stm32f4xx_hal_rcc_ex.o
#        G:\STM32\Acopter\Acopter\EWARM\Acopter\Obj\stm32f4xx_hal_spi.o
#        G:\STM32\Acopter\Acopter\EWARM\Acopter\Obj\stm32f4xx_hal_tim.o
#        G:\STM32\Acopter\Acopter\EWARM\Acopter\Obj\stm32f4xx_hal_tim_ex.o
#        G:\STM32\Acopter\Acopter\EWARM\Acopter\Obj\stm32f4xx_hal_uart.o
#        G:\STM32\Acopter\Acopter\EWARM\Acopter\Obj\stm32f4xx_it.o
#        G:\STM32\Acopter\Acopter\EWARM\Acopter\Obj\system_stm32f4xx.o
#        G:\STM32\Acopter\Acopter\EWARM\Acopter\Obj\time.o
#        G:\STM32\Acopter\Acopter\EWARM\Acopter\Obj\vector3.o --redirect
#        _Printf=_PrintfFull --redirect _Scanf=_ScanfFull -o
#        G:\STM32\Acopter\Acopter\EWARM\Acopter\Exe\Acopter.out --map
#        G:\STM32\Acopter\Acopter\EWARM\Acopter\List\Acopter.map --config
#        G:\STM32\Acopter\Acopter\EWARM/stm32f407xx_flash.icf --semihosting
#        --entry __iar_program_start --vfe
#
###############################################################################

*******************************************************************************
*** RUNTIME MODEL ATTRIBUTES
***

CppFlavor                     = *
__CPP_Language                = EC++
__SystemLibrary               = DLib
__dlib_dynamic_initialization = normal


*******************************************************************************
*** PLACEMENT SUMMARY
***

"A1":  place at 0x08000000 { ro section .intvec };
"P1":  place in [from 0x08000000 to 0x080fffff] { ro };
"P2":  place in [from 0x20000000 to 0x2001ffff] { rw, block CSTACK, block HEAP };

  Section             Kind        Address    Size  Object
  -------             ----        -------    ----  ------
"A1":                                       0x188
  .intvec             ro code  0x08000000   0x188  startup_stm32f407xx.o [1]
                             - 0x08000188   0x188

"P1":                                      0x8f6e
  .text               ro code  0x08000188   0xcc0  ctrl.o [1]
  .text               ro code  0x08000e48    0x60  ctrl.o [1]
  .text               ro code  0x08000ea8   0x614  mymath.o [1]
  .text               ro code  0x080014bc    0x38  xfdtest.o [4]
  .text               ro code  0x080014f4     0xa  quaternion.o [1]
  .text               ro code  0x08001500    0x4e  FltToDbl.o [4]
  .text               ro code  0x08001550    0x90  DblToFlt.o [4]
  .text               ro code  0x080015e0   0x2f0  pwm.o [1]
  .text               ro code  0x080018d0   0x1a2  DblMul.o [4]
  .text               ro code  0x08001a72    0x44  ctrl.o [1]
  .text               ro code  0x08001ab8   0x354  rc.o [1]
  .text               ro code  0x08001e0c   0x1f4  stm32f4xx_hal_gpio.o [1]
  .text               ro code  0x08002000   0x71c  stm32f4xx_hal_tim.o [1]
  .text               ro code  0x0800271c     0x6  ABImemclr4.o [5]
  .text               ro code  0x08002724   0x390  stm32f4xx_hal_msp.o [1]
  .text               ro code  0x08002ab4    0x8e  stm32f4xx_hal_tim_ex.o [1]
  .text               ro code  0x08002b44    0x32  ABImemset48.o [5]
  .text               ro code  0x08002b78    0xe2  stm32f4xx_hal_cortex.o [1]
  .text               ro code  0x08002c5c   0x404  stm32f4xx_hal_dma.o [1]
  .text               ro code  0x08003060   0x4bc  main.o [1]
  .text               ro code  0x0800351c    0x70  stm32f4xx_hal.o [1]
  .text               ro code  0x0800358c   0x50e  stm32f4xx_hal_uart.o [1]
  .text               ro code  0x08003a9c   0x92c  stm32f4xx_hal_spi.o [1]
  .text               ro code  0x080043c8   0x114  init.o [1]
  .text               ro code  0x080044dc   0x434  stm32f4xx_hal_rcc.o [1]
  .text               ro code  0x08004910   0x6cc  AHRS.o [1]
  .text               ro code  0x08004fdc    0x8c  delay.o [1]
  .text               ro code  0x08005068   0x148  parameter.o [1]
  .text               ro code  0x080051b0   0x39c  baro.o [1]
  .text               ro code  0x0800554c    0xc0  time.o [1]
  .text               ro code  0x0800560c   0x65c  os_core.o [1]
  .text               ro code  0x08005c68   0x39a  os_task.o [1]
  .text               ro code  0x08006002    0x44  AHRS.o [1]
  .text               ro code  0x08006048    0x56  ABImemcpy_unaligned.o [5]
  .text               ro code  0x080060a0    0x5c  os_time.o [1]
  .text               ro code  0x080060fc   0x5ae  flash.o [1]
  .text               ro code  0x080066ac   0x228  height_ctrl.o [1]
  .text               ro code  0x080068d4   0x230  i2c_soft.o [1]
  .text               ro code  0x08006b04    0x62  I64ToFlt.o [4]
  .text               ro code  0x08006b68   0x128  filter.o [1]
  .text               ro code  0x08006c90   0x330  scheduler.o [1]
  .text               ro code  0x08006fc0   0x15c  os_cpu_c.o [1]
  .text               ro code  0x0800711c     0x6  ABImemclr.o [5]
  .text               ro code  0x08007124    0x62  os_flag.o [1]
  .text               ro code  0x08007188    0x38  os_q.o [1]
  CODE                ro code  0x080071c0    0xc8  os_cpu_a.o [1]
  .text               ro code  0x08007288     0xa  magnet.o [1]
  .text               ro code  0x08007294   0x1e8  stm32f4xx_hal_flash.o [1]
  .text               ro code  0x0800747c   0x15c  stm32f4xx_hal_flash_ex.o [1]
  .text               ro code  0x080075d8    0xe8  DblAdd.o [4]
  .text               ro code  0x080076c0   0x15c  os_sem.o [1]
  .text               ro code  0x0800781c   0x330  magnet.o [1]
  .text               ro code  0x08007b4c   0x80c  datatrans.o [1]
  .text               ro code  0x08008358   0x582  imu.o [1]
  .text               ro code  0x080088dc    0xa4  led.o [1]
  .text               ro code  0x08008980    0x5e  ABImemset.o [5]
  .text               ro code  0x080089e0   0x16c  DblSub.o [4]
  .text               ro code  0x08008b4c    0x24  magnet.o [1]
  .text               ro code  0x08008b70     0xe  vector3.o [1]
  .text               ro code  0x08008b80    0x2c  I32ToDbl.o [4]
  .text               ro code  0x08008bac    0x40  imu.o [1]
  .text               ro code  0x08008bec    0x5c  asinf.o [4]
  .text               ro code  0x08008c48    0x2c  imu.o [1]
  .text               ro code  0x08008c74    0xa4  xatanf.o [4]
  .text               ro code  0x08008d18     0xc  iarEdom.o [5]
  .text               ro code  0x08008d24     0xc  errno.o [3]
  .text               ro code  0x08008d30     0x2  xtls.o [3]
  .text               ro code  0x08008d34    0xb0  stm32f4xx_it.o [1]
  .text               ro code  0x08008de4    0x50  system_stm32f4xx.o [1]
  .text               ro code  0x08008e34    0x40  zero_init3.o [5]
  .text               ro code  0x08008e74    0x38  packbits_init_single.o [5]
  .text               ro code  0x08008eac    0x28  data_init.o [5]
  .text               ro code  0x08008ed4    0x22  fpinit_M.o [4]
  .iar.init_table     const    0x08008ef8    0x24  - Linker created -
  .text               ro code  0x08008f1c    0x20  cmain_call_ctors.o [5]
  .text               ro code  0x08008f3c    0x18  cppinit.o [3]
  .text               ro code  0x08008f54    0x1a  cmain.o [5]
  .text               ro code  0x08008f6e     0x4  low_level_init.o [3]
  .text               ro code  0x08008f72     0x4  exit.o [3]
  .text               ro code  0x08008f78     0xa  cexit.o [5]
  .text               ro code  0x08008f84    0x14  exit.o [6]
  .text               ro code  0x08008f98    0x10  startup_stm32f407xx.o [1]
  SHT$$PREINIT_ARRAY           0x08008fa8     0x0  <Block>
  SHT$$INIT_ARRAY              0x08008fa8    0x10  <Block>
    .init_array       const    0x08008fa8     0x4  AHRS.o [1]
    .init_array       const    0x08008fac     0x4  ctrl.o [1]
    .init_array       const    0x08008fb0     0x4  imu.o [1]
    .init_array       const    0x08008fb4     0x4  magnet.o [1]
  .text               ro code  0x08008fb8     0xc  cstartup_M.o [5]
  .text               ro code  0x08008fc4     0x4  startup_stm32f407xx.o [1]
  .text               ro code  0x08008fc8     0x4  startup_stm32f407xx.o [1]
  .text               ro code  0x08008fcc     0x4  startup_stm32f407xx.o [1]
  .text               ro code  0x08008fd0     0x4  startup_stm32f407xx.o [1]
  .text               ro code  0x08008fd4     0x4  startup_stm32f407xx.o [1]
  .text               ro code  0x08008fd8     0x4  startup_stm32f407xx.o [1]
  .text               ro code  0x08008fdc     0x4  startup_stm32f407xx.o [1]
  .text               ro code  0x08008fe0     0x4  startup_stm32f407xx.o [1]
  .text               ro code  0x08008fe4     0x4  startup_stm32f407xx.o [1]
  .text               ro code  0x08008fe8     0x4  startup_stm32f407xx.o [1]
  .text               ro code  0x08008fec     0x4  startup_stm32f407xx.o [1]
  .text               ro code  0x08008ff0     0x4  startup_stm32f407xx.o [1]
  .text               ro code  0x08008ff4     0x4  startup_stm32f407xx.o [1]
  .text               ro code  0x08008ff8     0x4  startup_stm32f407xx.o [1]
  .text               ro code  0x08008ffc     0x4  startup_stm32f407xx.o [1]
  .text               ro code  0x08009000     0x4  startup_stm32f407xx.o [1]
  .text               ro code  0x08009004     0x4  startup_stm32f407xx.o [1]
  .text               ro code  0x08009008     0x4  startup_stm32f407xx.o [1]
  .text               ro code  0x0800900c     0x4  startup_stm32f407xx.o [1]
  .text               ro code  0x08009010     0x4  startup_stm32f407xx.o [1]
  .text               ro code  0x08009014     0x4  startup_stm32f407xx.o [1]
  .text               ro code  0x08009018     0x4  startup_stm32f407xx.o [1]
  .text               ro code  0x0800901c     0x4  startup_stm32f407xx.o [1]
  .text               ro code  0x08009020     0x4  startup_stm32f407xx.o [1]
  .text               ro code  0x08009024     0x4  startup_stm32f407xx.o [1]
  .text               ro code  0x08009028     0x4  startup_stm32f407xx.o [1]
  .text               ro code  0x0800902c     0x4  startup_stm32f407xx.o [1]
  .text               ro code  0x08009030     0x4  startup_stm32f407xx.o [1]
  .text               ro code  0x08009034     0x4  startup_stm32f407xx.o [1]
  .text               ro code  0x08009038     0x4  startup_stm32f407xx.o [1]
  .text               ro code  0x0800903c     0x4  startup_stm32f407xx.o [1]
  .text               ro code  0x08009040     0x4  startup_stm32f407xx.o [1]
  .text               ro code  0x08009044     0x4  startup_stm32f407xx.o [1]
  .text               ro code  0x08009048     0x4  startup_stm32f407xx.o [1]
  .text               ro code  0x0800904c     0x4  startup_stm32f407xx.o [1]
  .text               ro code  0x08009050     0x4  startup_stm32f407xx.o [1]
  .text               ro code  0x08009054     0x4  startup_stm32f407xx.o [1]
  .text               ro code  0x08009058     0x4  startup_stm32f407xx.o [1]
  .text               ro code  0x0800905c     0x4  startup_stm32f407xx.o [1]
  .text               ro code  0x08009060     0x4  startup_stm32f407xx.o [1]
  .text               ro code  0x08009064     0x4  startup_stm32f407xx.o [1]
  .text               ro code  0x08009068     0x4  startup_stm32f407xx.o [1]
  .text               ro code  0x0800906c     0x4  startup_stm32f407xx.o [1]
  .text               ro code  0x08009070     0x4  startup_stm32f407xx.o [1]
  .text               ro code  0x08009074     0x4  startup_stm32f407xx.o [1]
  .text               ro code  0x08009078     0x4  startup_stm32f407xx.o [1]
  .text               ro code  0x0800907c     0x4  startup_stm32f407xx.o [1]
  .text               ro code  0x08009080     0x4  startup_stm32f407xx.o [1]
  .text               ro code  0x08009084     0x4  startup_stm32f407xx.o [1]
  .text               ro code  0x08009088     0x4  startup_stm32f407xx.o [1]
  .text               ro code  0x0800908c     0x4  startup_stm32f407xx.o [1]
  .text               ro code  0x08009090     0x4  startup_stm32f407xx.o [1]
  .text               ro code  0x08009094     0x4  startup_stm32f407xx.o [1]
  .text               ro code  0x08009098     0x4  startup_stm32f407xx.o [1]
  .text               ro code  0x0800909c     0x4  startup_stm32f407xx.o [1]
  .text               ro code  0x080090a0     0x4  startup_stm32f407xx.o [1]
  .text               ro code  0x080090a4     0x4  startup_stm32f407xx.o [1]
  .text               ro code  0x080090a8     0x4  startup_stm32f407xx.o [1]
  .text               ro code  0x080090ac     0x4  startup_stm32f407xx.o [1]
  .text               ro code  0x080090b0     0x4  startup_stm32f407xx.o [1]
  .text               ro code  0x080090b4     0x4  startup_stm32f407xx.o [1]
  .text               ro code  0x080090b8     0x4  startup_stm32f407xx.o [1]
  .text               ro code  0x080090bc     0x4  startup_stm32f407xx.o [1]
  .text               ro code  0x080090c0     0x4  startup_stm32f407xx.o [1]
  .text               ro code  0x080090c4     0x4  startup_stm32f407xx.o [1]
  .text               ro code  0x080090c8     0x4  startup_stm32f407xx.o [1]
  .text               ro code  0x080090cc     0x4  startup_stm32f407xx.o [1]
  .text               ro code  0x080090d0     0x4  startup_stm32f407xx.o [1]
  .text               ro code  0x080090d4     0x4  startup_stm32f407xx.o [1]
  .text               ro code  0x080090d8     0x4  startup_stm32f407xx.o [1]
  .text               ro code  0x080090dc     0x4  startup_stm32f407xx.o [1]
  .text               ro code  0x080090e0     0x4  startup_stm32f407xx.o [1]
  .rodata             const    0x080090e4     0x0  zero_init3.o [5]
  .rodata             const    0x080090e4     0x0  packbits_init_single.o [5]
  Initializer bytes   const    0x080090e4    0x12  <for P2-1>
                             - 0x080090f6  0x8f6e

"P2", part 1 of 3:                          0x244
  P2-1                         0x20000000   0x244  <Init block>
    .data             inited   0x20000000   0x23c  height_ctrl.o [1]
    .data             inited   0x2000023c     0x4  system_stm32f4xx.o [1]
    __DLIB_PERTHREAD  inited   0x20000240     0x4  errno.o [3]
                             - 0x20000244   0x244

"P2", part 2 of 3:                          0x400
  CSTACK                       0x20000248   0x400  <Block>
    CSTACK            uninit   0x20000248   0x400  <Block tail>
                             - 0x20000648   0x400

"P2", part 3 of 3:                         0x5c20
  .bss                zero     0x20000648  0x4030  scheduler.o [1]
  .bss                zero     0x20004678   0x8f4  os_core.o [1]
  .bss                zero     0x20004f6c   0x350  AHRS.o [1]
  .bss                zero     0x200052bc   0x21c  ctrl.o [1]
  .bss                zero     0x200054d8   0x188  main.o [1]
  .bss                zero     0x20005660   0x158  filter.o [1]
  .bss                zero     0x200057b8   0x130  flash.o [1]
  .bss                zero     0x200058e8   0x100  baro.o [1]
  .bss                zero     0x200059e8   0x100  os_core.o [1]
  .bss                zero     0x20005ae8   0x100  scheduler.o [1]
  .bss                zero     0x20005be8    0xe8  rc.o [1]
  .bss                zero     0x20005cd0    0x90  imu.o [1]
  .bss                zero     0x20005d60    0x8c  time.o [1]
  .bss                zero     0x20005dec    0x7c  datatrans.o [1]
  .bss                zero     0x20005e68    0x78  os_core.o [1]
  .bss                zero     0x20005ee0    0x64  magnet.o [1]
  .bss                zero     0x20005f44    0x60  main.o [1]
  .bss                zero     0x20005fa4    0x60  main.o [1]
  .bss                zero     0x20006004    0x60  main.o [1]
  .bss                zero     0x20006064    0x60  main.o [1]
  .bss                zero     0x200060c4    0x58  pwm.o [1]
  .bss                zero     0x2000611c    0x50  os_core.o [1]
  .bss                zero     0x2000616c    0x3c  main.o [1]
  .bss                zero     0x200061a8    0x2c  magnet.o [1]
  .bss                zero     0x200061d4    0x20  stm32f4xx_hal_flash.o [1]
  .bss                zero     0x200061f4    0x14  flash.o [1]
  .bss                zero     0x20006208    0x14  imu.o [1]
  .bss                zero     0x2000621c    0x10  rc.o [1]
  .bss                zero     0x2000622c     0x8  height_ctrl.o [1]
  .bss                zero     0x20006234     0x4  AHRS.o [1]
  .bss                zero     0x20006238     0x4  baro.o [1]
  .bss                zero     0x2000623c     0x4  ctrl.o [1]
  .bss                zero     0x20006240     0x4  delay.o [1]
  .bss                zero     0x20006244     0x4  filter.o [1]
  .bss                zero     0x20006248     0x4  i2c_soft.o [1]
  .bss                zero     0x2000624c     0x4  led.o [1]
  .bss                zero     0x20006250     0x4  os_core.o [1]
  .bss                zero     0x20006254     0x4  os_core.o [1]
  .bss                zero     0x20006258     0x4  parameter.o [1]
  .bss                zero     0x2000625c     0x4  stm32f4xx_hal.o [1]
  .bss                zero     0x20006260     0x3  datatrans.o [1]
  .bss                zero     0x20006263     0x1  baro.o [1]
  .bss                zero     0x20006264     0x1  init.o [1]
  .bss                zero     0x20006265     0x1  magnet.o [1]
                             - 0x20006266  0x5c1e


*******************************************************************************
*** INIT TABLE
***

          Address     Size
          -------     ----
Zero (__iar_zero_init3)
    1 destination range, total size 0x5c1e:
          0x20000648  0x5c1e

Copy/packbits (__iar_packbits_init_single3)
    1 source range, total size 0x12 (3% of destination):
          0x080090e4    0x12
    1 destination range, total size 0x244:
          0x20000000   0x244

Extra (__iar_cstart_call_ctors)



*******************************************************************************
*** MODULE SUMMARY
***

    Module                    ro code  ro data  rw data
    ------                    -------  -------  -------
G:\STM32\Acopter\Acopter\EWARM\Acopter\Obj: [1]
    AHRS.o                      1 808        4      852
    baro.o                        924               261
    ctrl.o                      3 428        4      544
    datatrans.o                 2 060               127
    delay.o                       140                 4
    filter.o                      296               348
    flash.o                     1 454               324
    height_ctrl.o                 552       17      580
    i2c_soft.o                    560                 4
    imu.o                       1 518        4      164
    init.o                        276                 1
    led.o                         164                 4
    magnet.o                      862        4      145
    main.o                      1 212               836
    mymath.o                    1 556
    os_core.o                   1 628             2 756
    os_cpu_a.o                    200
    os_cpu_c.o                    348
    os_flag.o                      98
    os_q.o                         56
    os_sem.o                      348
    os_task.o                     922
    os_time.o                      92
    parameter.o                   328                 4
    pwm.o                         752                88
    quaternion.o                   10
    rc.o                          852               248
    scheduler.o                   816            16 688
    startup_stm32f407xx.o         696
    stm32f4xx_hal.o               112                 4
    stm32f4xx_hal_cortex.o        226
    stm32f4xx_hal_dma.o         1 028
    stm32f4xx_hal_flash.o         488                32
    stm32f4xx_hal_flash_ex.o      348
    stm32f4xx_hal_gpio.o          500
    stm32f4xx_hal_msp.o           912
    stm32f4xx_hal_rcc.o         1 076
    stm32f4xx_hal_spi.o         2 348
    stm32f4xx_hal_tim.o         1 820
    stm32f4xx_hal_tim_ex.o        142
    stm32f4xx_hal_uart.o        1 294
    stm32f4xx_it.o                176
    system_stm32f4xx.o             80                 4
    time.o                        192               140
    vector3.o                      14
    ---------------------------------------------------
    Total:                     34 712       33   24 158

command line: [2]
    ---------------------------------------------------
    Total:

dl7M_tlf.a: [3]
    cppinit.o                      24
    errno.o                        12        1        4
    exit.o                          4
    low_level_init.o                4
    xtls.o                          2
    ---------------------------------------------------
    Total:                         46        1        4

m7M_tls.a: [4]
    DblAdd.o                      232
    DblMul.o                      418
    DblSub.o                      364
    DblToFlt.o                    144
    FltToDbl.o                     78
    I32ToDbl.o                     44
    I64ToFlt.o                     98
    asinf.o                        92
    fpinit_M.o                     34
    xatanf.o                      164
    xfdtest.o                      56
    ---------------------------------------------------
    Total:                      1 724

rt7M_tl.a: [5]
    ABImemclr.o                     6
    ABImemclr4.o                    6
    ABImemcpy_unaligned.o          86
    ABImemset.o                    94
    ABImemset48.o                  50
    cexit.o                        10
    cmain.o                        26
    cmain_call_ctors.o             32
    cstartup_M.o                   12
    data_init.o                    40
    iarEdom.o                      12
    packbits_init_single.o         56
    zero_init3.o                   64
    ---------------------------------------------------
    Total:                        494

shb_l.a: [6]
    exit.o                         20
    ---------------------------------------------------
    Total:                         20

    Gaps                           42        2
    Linker created                          36    1 024
-------------------------------------------------------
    Grand Total:               37 038       72   25 186


*******************************************************************************
*** ENTRY LIST
***

Entry                      Address    Size  Type      Object
-----                      -------    ----  ----      ------
.iar.init_table$$Base   0x08008ef8           --   Gb  - Linker created -
.iar.init_table$$Limit  0x08008f1c           --   Gb  - Linker created -
?main                   0x08008f55          Code  Gb  cmain.o [5]
AHRS_S::AHRS_S()        0x08006003    0x44  Code  Gb  AHRS.o [1]
AHRS_S::MPU9250_Check()
                        0x08004ab9    0xac  Code  Gb  AHRS.o [1]
AHRS_S::MPU9250_Init(__SPI_HandleTypeDef *)
                        0x08004a83    0x36  Code  Gb  AHRS.o [1]
AHRS_S::MPU_READ_INITIAL_DATA()
                        0x08004b71    0x50  Code  Gb  AHRS.o [1]
AHRS_S::Transform(float, float, float, float *, float *, float *)
                        0x08004be9     0xe  Code  Gb  AHRS.o [1]
AHRS_S::ahrs_Data_Offset()
                        0x08004bf9   0x102  Code  Gb  AHRS.o [1]
AHRS_S::ahrs_Data_Prepare(float)
                        0x08004cfb   0x13e  Code  Gb  AHRS.o [1]
AHRS_S::ahrs_data_filt(float)
                        0x08004e45   0x160  Code  Gb  AHRS.o [1]
AHRS_S::initial_data_filed()
                        0x08004bd7    0x12  Code  Gb  AHRS.o [1]
APBAHBPrescTable        0x08004900    0x10  Data  Lc  stm32f4xx_hal_rcc.o [1]
Acopter_RC::CH_Mapping_Fun(unsigned short *, unsigned short *)
                        0x08001ab9    0x1c  Code  Gb  rc.o [1]
Acopter_RC::Feed_Rc_Dog(unsigned char)
                        0x08001d69     0xa  Code  Gb  rc.o [1]
Acopter_RC::Fly_Ready(float)
                        0x08001cb9    0xa6  Code  Gb  rc.o [1]
Acopter_RC::RC_Duty(float, unsigned short *)
                        0x08001ad5   0x1e2  Code  Gb  rc.o [1]
Acopter_RC::mode_switch()
                        0x08001d75    0x2e  Code  Gb  rc.o [1]
All_Init()              0x080043c9    0xca  Code  Gb  init.o [1]
BARO::MS5611_BaroAltCalculate()
                        0x0800528d   0x1b2  Code  Gb  baro.o [1]
BARO::MS5611_Init()     0x0800522f    0x2c  Code  Gb  baro.o [1]
BARO::MS5611_Read_Adc_P()
                        0x08005209     0x4  Code  Gb  baro.o [1]
BARO::MS5611_Read_Adc_T()
                        0x08005203     0x6  Code  Gb  baro.o [1]
BARO::MS5611_Read_Prom()
                        0x080051b7    0x4c  Code  Gb  baro.o [1]
BARO::MS5611_Reset()    0x080051b1     0x6  Code  Gb  baro.o [1]
BARO::MS5611_Start_P()  0x08005229     0x6  Code  Gb  baro.o [1]
BARO::MS5611_Start_T()  0x0800521d     0x4  Code  Gb  baro.o [1]
BARO::MS5611_Update()   0x0800525b    0x32  Code  Gb  baro.o [1]
BARO::call_offset()     0x0800550d    0x40  Code  Gb  baro.o [1]
BARO::height_speed_filter(float)
                        0x08005441    0x92  Code  Gb  baro.o [1]
BusFault_Handler        0x08008d3b     0x2  Code  Gb  stm32f4xx_it.o [1]
CH_DIR                  0x08001df4     0x8  Data  Lc  rc.o [1]
CH_in_Mapping           0x08001dfc    0x10  Data  Lc  rc.o [1]
CSTACK$$Base            0x20000248           --   Gb  - Linker created -
CSTACK$$Limit           0x20000648           --   Gb  - Linker created -
CTRL_S::All_Out(float, float, float)
                        0x08000b05   0x29c  Code  Gb  ctrl.o [1]
CTRL_S::CTRL_1(float)   0x080005a5   0x452  Code  Gb  ctrl.o [1]
CTRL_S::CTRL_2(float)   0x080001ad   0x3cc  Code  Gb  ctrl.o [1]
CTRL_S::CTRL_S()        0x08000e49    0x60  Code  Gb  ctrl.o [1]
CTRL_S::Ctrl_Para_Init()
                        0x08000191    0x1a  Code  Gb  ctrl.o [1]
CTRL_S::Thr_Ctrl(float)
                        0x08000a41    0xa6  Code  Gb  ctrl.o [1]
CYCLER_TASK_STK         0x20002678  0x1000  Data  Gb  scheduler.o [1]
CYCLEST_TASK_STK        0x20000678  0x2000  Data  Gb  scheduler.o [1]
DMA1_Stream2_IRQHandler
                        0x08008d71     0x6  Code  Gb  stm32f4xx_it.o [1]
DMA1_Stream5_IRQHandler
                        0x08008d77     0x6  Code  Gb  stm32f4xx_it.o [1]
DMA1_Stream6_IRQHandler
                        0x08008d7d     0x6  Code  Gb  stm32f4xx_it.o [1]
DMA1_Stream7_IRQHandler
                        0x08008da7     0x6  Code  Gb  stm32f4xx_it.o [1]
DMA_CalcBaseAndBitshift(__DMA_HandleTypeDef *)
                        0x08003033    0x24  Code  Lc  stm32f4xx_hal_dma.o [1]
DMA_SetConfig(__DMA_HandleTypeDef *, unsigned int, unsigned int, unsigned int)
                        0x08003015    0x1e  Code  Lc  stm32f4xx_hal_dma.o [1]
Datatrans::ANO_DT_Data_Receive_Anl(unsigned char *, unsigned char)
                        0x08008061   0x27a  Code  Gb  datatrans.o [1]
Datatrans::ANO_DT_Send_Check(unsigned char, unsigned char)
                        0x0800832b    0x2e  Code  Gb  datatrans.o [1]
Datatrans::ANO_DT_Send_PID(unsigned char, float, float, float, float, float, float, float, float, float)
                        0x08007da5    0xf6  Code  Gb  datatrans.o [1]
Datatrans::ANO_data_receive_prepara()
                        0x08007fb1    0xa8  Code  Gb  datatrans.o [1]
Datatrans::acopter_Send_Data(unsigned char *, unsigned char)
                        0x08007c03     0x8  Code  Gb  datatrans.o [1]
Datatrans::data_trans_with_ano()
                        0x08007eb1    0xfa  Code  Gb  datatrans.o [1]
Datatrans::send_15_data(short, short, short, short, short, short, short, short, short, float, float, float, int, unsigned char, unsigned char)
                        0x08007c0d   0x18e  Code  Gb  datatrans.o [1]
Datatrans::send_all_fly_data_to_ANO()
                        0x08007b4d    0x9e  Code  Gb  datatrans.o [1]
DebugMon_Handler        0x08008d41     0x2  Code  Gb  stm32f4xx_it.o [1]
EraseInitStruct         0x200061f4    0x14  Data  Gb  flash.o [1]
Error_Handler()         0x0800351b     0x2  Code  Gb  main.o [1]
FLASH_Erase_Sector      0x08007531    0x48  Code  Gb  stm32f4xx_hal_flash_ex.o [1]
FLASH_FlushCaches       0x08007579    0x50  Code  Gb  stm32f4xx_hal_flash_ex.o [1]
FLASH_MassErase(unsigned char, unsigned int)
                        0x08007511    0x20  Code  Lc  stm32f4xx_hal_flash_ex.o [1]
FLASH_Program_Byte(unsigned int, unsigned char)
                        0x080073d7    0x1a  Code  Lc  stm32f4xx_hal_flash.o [1]
FLASH_Program_DoubleWord(unsigned int, unsigned long long)
                        0x08007379    0x22  Code  Lc  stm32f4xx_hal_flash.o [1]
FLASH_Program_HalfWord(unsigned int, unsigned short)
                        0x080073b9    0x1e  Code  Lc  stm32f4xx_hal_flash.o [1]
FLASH_Program_Word(unsigned int, unsigned int)
                        0x0800739b    0x1e  Code  Lc  stm32f4xx_hal_flash.o [1]
FLASH_SetErrorCode()    0x080073f1    0x74  Code  Lc  stm32f4xx_hal_flash.o [1]
FLASH_WaitForLastOperation
                        0x08007329    0x50  Code  Gb  stm32f4xx_hal_flash.o [1]
FLASHinit()             0x0800616d    0x2a  Code  Gb  flash.o [1]
GetSector(unsigned int)
                        0x080060fd    0x70  Code  Lc  flash.o [1]
HAL_DMA_Abort           0x08002db3    0x72  Code  Gb  stm32f4xx_hal_dma.o [1]
HAL_DMA_Abort_IT        0x08002e31    0x24  Code  Gb  stm32f4xx_hal_dma.o [1]
HAL_DMA_IRQHandler      0x08002e55   0x18c  Code  Gb  stm32f4xx_hal_dma.o [1]
HAL_DMA_Init            0x08002c5d    0xe6  Code  Gb  stm32f4xx_hal_dma.o [1]
HAL_DMA_Start_IT        0x08002d43    0x64  Code  Gb  stm32f4xx_hal_dma.o [1]
HAL_FLASHEx_Erase       0x0800747d    0x94  Code  Gb  stm32f4xx_hal_flash_ex.o [1]
HAL_FLASH_Lock          0x0800731b     0x8  Code  Gb  stm32f4xx_hal_flash.o [1]
HAL_FLASH_Program       0x08007295    0x72  Code  Gb  stm32f4xx_hal_flash.o [1]
HAL_FLASH_Unlock        0x08007307    0x14  Code  Gb  stm32f4xx_hal_flash.o [1]
HAL_GPIO_Init           0x08001e0d   0x1b4  Code  Gb  stm32f4xx_hal_gpio.o [1]
HAL_GPIO_ReadPin        0x08001fc1     0xc  Code  Gb  stm32f4xx_hal_gpio.o [1]
HAL_GPIO_WritePin       0x08001fcd     0x8  Code  Gb  stm32f4xx_hal_gpio.o [1]
HAL_GetTick             0x0800357b     0x6  Code  Wk  stm32f4xx_hal.o [1]
HAL_IncTick             0x08003571     0xa  Code  Wk  stm32f4xx_hal.o [1]
HAL_Init                0x0800351d    0x30  Code  Gb  stm32f4xx_hal.o [1]
HAL_InitTick            0x0800354d    0x24  Code  Wk  stm32f4xx_hal.o [1]
HAL_MspInit             0x08002725    0x60  Code  Gb  stm32f4xx_hal_msp.o [1]
HAL_NVIC_EnableIRQ      0x08002be7     0xc  Code  Gb  stm32f4xx_hal_cortex.o [1]
HAL_NVIC_SetPriority    0x08002bad    0x3a  Code  Gb  stm32f4xx_hal_cortex.o [1]
HAL_NVIC_SetPriorityGrouping
                        0x08002b93    0x1a  Code  Gb  stm32f4xx_hal_cortex.o [1]
HAL_RCC_ClockConfig     0x08004725   0x12c  Code  Gb  stm32f4xx_hal_rcc.o [1]
HAL_RCC_GetHCLKFreq     0x080048a5     0x6  Code  Gb  stm32f4xx_hal_rcc.o [1]
HAL_RCC_GetPCLK1Freq    0x080048ab    0x12  Code  Gb  stm32f4xx_hal_rcc.o [1]
HAL_RCC_GetPCLK2Freq    0x080048bd    0x10  Code  Gb  stm32f4xx_hal_rcc.o [1]
HAL_RCC_GetSysClockFreq
                        0x0800485f    0x46  Code  Wk  stm32f4xx_hal_rcc.o [1]
HAL_RCC_OscConfig       0x080044dd   0x240  Code  Wk  stm32f4xx_hal_rcc.o [1]
HAL_SPI_DMAStop         0x08004105    0x22  Code  Gb  stm32f4xx_hal_spi.o [1]
HAL_SPI_ErrorCallback   0x08004215     0x2  Code  Wk  stm32f4xx_hal_spi.o [1]
HAL_SPI_IRQHandler      0x08004127    0xe8  Code  Gb  stm32f4xx_hal_spi.o [1]
HAL_SPI_Init            0x08003a9d    0x76  Code  Gb  stm32f4xx_hal_spi.o [1]
HAL_SPI_MspInit         0x08002785    0xc4  Code  Gb  stm32f4xx_hal_msp.o [1]
HAL_SPI_Receive         0x08003c47   0x11a  Code  Gb  stm32f4xx_hal_spi.o [1]
HAL_SPI_Receive_DMA     0x08003f61    0x98  Code  Gb  stm32f4xx_hal_spi.o [1]
HAL_SPI_RxCpltCallback  0x08004bc1    0x16  Code  Gb  AHRS.o [1]
HAL_SPI_RxHalfCpltCallback
                        0x08004211     0x2  Code  Wk  stm32f4xx_hal_spi.o [1]
HAL_SPI_Transmit        0x08003b1f   0x128  Code  Gb  stm32f4xx_hal_spi.o [1]
HAL_SPI_TransmitReceive
                        0x08003d61   0x18e  Code  Gb  stm32f4xx_hal_spi.o [1]
HAL_SPI_TransmitReceive_DMA
                        0x08004007    0xae  Code  Gb  stm32f4xx_hal_spi.o [1]
HAL_SPI_TxRxCpltCallback
                        0x0800420f     0x2  Code  Wk  stm32f4xx_hal_spi.o [1]
HAL_SPI_TxRxHalfCpltCallback
                        0x08004213     0x2  Code  Wk  stm32f4xx_hal_spi.o [1]
HAL_SYSTICK_CLKSourceConfig
                        0x08002c23    0x14  Code  Gb  stm32f4xx_hal_cortex.o [1]
HAL_SYSTICK_Callback    0x08002c59     0x2  Code  Wk  stm32f4xx_hal_cortex.o [1]
HAL_SYSTICK_Config      0x08002bfb    0x28  Code  Gb  stm32f4xx_hal_cortex.o [1]
HAL_SYSTICK_IRQHandler  0x08002c51     0x8  Code  Gb  stm32f4xx_hal_cortex.o [1]
HAL_TIMEx_BreakCallback
                        0x08002b41     0x2  Code  Wk  stm32f4xx_hal_tim_ex.o [1]
HAL_TIMEx_CommutationCallback
                        0x08002b3f     0x2  Code  Wk  stm32f4xx_hal_tim_ex.o [1]
HAL_TIMEx_ConfigBreakDeadTime
                        0x08002aff    0x40  Code  Gb  stm32f4xx_hal_tim_ex.o [1]
HAL_TIMEx_MasterConfigSynchronization
                        0x08002ab5    0x4a  Code  Gb  stm32f4xx_hal_tim_ex.o [1]
HAL_TIM_IC_CaptureCallback
                        0x0800164b   0x254  Code  Gb  pwm.o [1]
HAL_TIM_IC_ConfigChannel
                        0x0800222b   0x116  Code  Gb  stm32f4xx_hal_tim.o [1]
HAL_TIM_IC_Init         0x080020b9    0x1a  Code  Gb  stm32f4xx_hal_tim.o [1]
HAL_TIM_IC_MspInit      0x08002887    0xc0  Code  Gb  stm32f4xx_hal_msp.o [1]
HAL_TIM_IC_Start_IT     0x080020d3     0xa  Code  Gb  stm32f4xx_hal_tim.o [1]
HAL_TIM_IRQHandler      0x080020e1   0x14a  Code  Gb  stm32f4xx_hal_tim.o [1]
HAL_TIM_MspPostInit(TIM_HandleTypeDef *)
                        0x08002975    0x38  Code  Gb  stm32f4xx_hal_msp.o [1]
HAL_TIM_OC_DelayElapsedCallback
                        0x0800245d     0x2  Code  Wk  stm32f4xx_hal_tim.o [1]
HAL_TIM_PWM_ConfigChannel
                        0x08002341    0xb8  Code  Gb  stm32f4xx_hal_tim.o [1]
HAL_TIM_PWM_Init        0x0800202b    0x1a  Code  Gb  stm32f4xx_hal_tim.o [1]
HAL_TIM_PWM_MspInit     0x08002849    0x3e  Code  Gb  stm32f4xx_hal_msp.o [1]
HAL_TIM_PWM_PulseFinishedCallback
                        0x0800245f     0x2  Code  Wk  stm32f4xx_hal_tim.o [1]
HAL_TIM_PWM_Start       0x0800204d    0x14  Code  Gb  stm32f4xx_hal_tim.o [1]
HAL_TIM_PeriodElapsedCallback
                        0x0800245b     0x2  Code  Wk  stm32f4xx_hal_tim.o [1]
HAL_TIM_ReadCapturedValue
                        0x08002419    0x42  Code  Gb  stm32f4xx_hal_tim.o [1]
HAL_TIM_TriggerCallback
                        0x08002461     0x2  Code  Wk  stm32f4xx_hal_tim.o [1]
HAL_UART_ErrorCallback  0x080037cf     0x2  Code  Wk  stm32f4xx_hal_uart.o [1]
HAL_UART_IRQHandler     0x08003675   0x148  Code  Gb  stm32f4xx_hal_uart.o [1]
HAL_UART_Init           0x0800358d    0x28  Code  Gb  stm32f4xx_hal_uart.o [1]
HAL_UART_MspInit        0x080029bd    0x9a  Code  Gb  stm32f4xx_hal_msp.o [1]
HAL_UART_RxCpltCallback
                        0x080037cd     0x2  Code  Wk  stm32f4xx_hal_uart.o [1]
HAL_UART_Transmit_DMA   0x080035fb    0x7a  Code  Gb  stm32f4xx_hal_uart.o [1]
HAL_UART_TxCpltCallback
                        0x080037c9     0x2  Code  Wk  stm32f4xx_hal_uart.o [1]
HAL_UART_TxHalfCpltCallback
                        0x080037cb     0x2  Code  Wk  stm32f4xx_hal_uart.o [1]
HLT_CTRL::Ultra_PID_Init()
                        0x080066c5    0x18  Code  Gb  height_ctrl.o [1]
HLT_CTRL::WZ_Speed_PID_Init()
                        0x080066ad    0x18  Code  Gb  height_ctrl.o [1]
HLT_CTRL::speed_height_caculate_with_sensor(float, float, float)
                        0x080066dd   0x186  Code  Gb  height_ctrl.o [1]
HardFault_Handler       0x08008d37     0x2  Code  Gb  stm32f4xx_it.o [1]
I2c_SOFT::I2c_Soft_Ask()
                        0x08006947     0xc  Code  Gb  i2c_soft.o [1]
I2c_SOFT::I2c_Soft_NoAsk()
                        0x08006953     0x8  Code  Gb  i2c_soft.o [1]
I2c_SOFT::I2c_Soft_ReadByte(unsigned char)
                        0x080069fb    0x56  Code  Gb  i2c_soft.o [1]
I2c_SOFT::I2c_Soft_SendByte(unsigned char)
                        0x080069b9    0x42  Code  Gb  i2c_soft.o [1]
I2c_SOFT::I2c_Soft_Start()
                        0x080068e7    0x32  Code  Gb  i2c_soft.o [1]
I2c_SOFT::I2c_Soft_Stop()
                        0x08006919    0x26  Code  Gb  i2c_soft.o [1]
I2c_SOFT::I2c_Soft_WaitAsk()
                        0x08006979    0x40  Code  Gb  i2c_soft.o [1]
I2c_SOFT::I2c_Soft_delay()
                        0x080068d5    0x12  Code  Gb  i2c_soft.o [1]
I2c_SOFT::IIC_Read_nByte(unsigned char, unsigned char, unsigned char, unsigned char *)
                        0x08006ab7    0x4e  Code  Gb  i2c_soft.o [1]
I2c_SOFT::IIC_Write_1Byte(unsigned char, unsigned char, unsigned char)
                        0x08006a61    0x2a  Code  Gb  i2c_soft.o [1]
IMU_DCM::IMU_DCM()      0x08008bad    0x40  Code  Gb  imu.o [1]
IMU_DCM::IMUupdate(float, float, float, float, float, float, float, float *, float *, float *)
                        0x08008361   0x528  Code  Gb  imu.o [1]
Init_Finish             0x20006264     0x1  Data  Gb  init.o [1]
LED::led_change()       0x080088dd    0x44  Code  Gb  led.o [1]
LED::led_state0()       0x08008921     0x4  Code  Gb  led.o [1]
LED::led_state1()       0x08008925     0x2  Code  Gb  led.o [1]
LED::led_state2()       0x08008931    0x3c  Code  Gb  led.o [1]
MAG_S::CalOffset_Mag()  0x0800789d   0x1f0  Code  Gb  magnet.o [1]
MAG_S::MAG_S()          0x08008b4d    0x24  Code  Gb  magnet.o [1]
MAG_S::Read_Mag_Data()  0x08007825    0x78  Code  Gb  magnet.o [1]
MAG_S::filt_data()      0x08007ae1    0x6c  Code  Gb  magnet.o [1]
MAX_CH                  0x08001dd4    0x10  Data  Lc  rc.o [1]
MIN_CH                  0x08001de4    0x10  Data  Lc  rc.o [1]
MPU9250_Handler         0x20006234     0x4  Data  Gb  AHRS.o [1]
MPU9250_Mag_ReadReg(unsigned char)
                        0x08004a07    0x4e  Code  Gb  AHRS.o [1]
MPU9250_Mag_ReadRegs(unsigned char, unsigned char *, unsigned char)
                        0x08004a55    0x22  Code  Gb  AHRS.o [1]
MPU9250_Mag_WriteReg(unsigned char, unsigned char)
                        0x080049af    0x52  Code  Gb  AHRS.o [1]
MPU9250_ReadReg(unsigned char)
                        0x08004927    0x4e  Code  Gb  AHRS.o [1]
MPU9250_WriteReg(unsigned char, unsigned char)
                        0x08004975    0x3a  Code  Gb  AHRS.o [1]
MX_GPIO_Init()          0x08003407    0xd6  Code  Lc  main.o [1]
MX_TIM1_Init()          0x0800334d    0x92  Code  Lc  main.o [1]
MemManage_Handler       0x08008d39     0x2  Code  Gb  stm32f4xx_it.o [1]
Myfilt::Moving_Average(float, float *, unsigned short, unsigned short *, float *)
                        0x08006b69    0x54  Code  Gb  filter.o [1]
Myfilt::simple_3d_trans(Vector3<float> *, Vector3<float> *, Vector3<float> *)
                        0x08006bbd    0xd0  Code  Gb  filter.o [1]
NMI_Handler             0x08008d35     0x2  Code  Gb  stm32f4xx_it.o [1]
NVIC_SetPriority(IRQn_Type, unsigned int)
                        0x08002b79    0x1a  Code  Lc  stm32f4xx_hal_cortex.o [1]
OSCPUUsage              0x20004678     0x1  Data  Gb  os_core.o [1]
OSCtxSw                 0x080071ef          Code  Gb  os_cpu_a.o [1]
OSCtxSwCtr              0x2000468c     0x4  Data  Gb  os_core.o [1]
OSEventFreeList         0x20004690     0x4  Data  Gb  os_core.o [1]
OSEventTbl              0x200046b4    0xc8  Data  Gb  os_core.o [1]
OSFlagFreeList          0x20006250     0x4  Data  Gb  os_core.o [1]
OSFlagTbl               0x2000611c    0x50  Data  Gb  os_core.o [1]
OSIdleCtr               0x2000469c     0x4  Data  Gb  os_core.o [1]
OSIdleCtrMax            0x20004694     0x4  Data  Gb  os_core.o [1]
OSIdleCtrRun            0x20004698     0x4  Data  Gb  os_core.o [1]
OSInit                  0x0800560d   0x11c  Code  Gb  os_core.o [1]
OSInitHookBegin         0x08006fc1     0x2  Code  Gb  os_cpu_c.o [1]
OSInitHookEnd           0x08006fc3     0x2  Code  Gb  os_cpu_c.o [1]
OSIntCtxSw              0x080071fb          Code  Gb  os_cpu_a.o [1]
OSIntEnter              0x08005735    0x16  Code  Gb  os_core.o [1]
OSIntExit               0x0800574b    0x4a  Code  Gb  os_core.o [1]
OSIntNesting            0x2000467a     0x1  Data  Gb  os_core.o [1]
OSLockNesting           0x2000467b     0x1  Data  Gb  os_core.o [1]
OSPrioCur               0x2000467c     0x1  Data  Gb  os_core.o [1]
OSPrioHighRdy           0x2000467d     0x1  Data  Gb  os_core.o [1]
OSQFreeList             0x20006254     0x4  Data  Gb  os_core.o [1]
OSQTbl                  0x20005e68    0x78  Data  Gb  os_core.o [1]
OSRdyGrp                0x2000467e     0x1  Data  Gb  os_core.o [1]
OSRdyTbl                0x20004684     0x8  Data  Gb  os_core.o [1]
OSRunning               0x2000467f     0x1  Data  Gb  os_core.o [1]
OSSchedLock             0x08005795    0x1e  Code  Gb  os_core.o [1]
OSSchedUnlock           0x080057bd    0x2e  Code  Gb  os_core.o [1]
OSSemCreate             0x080076c1    0x38  Code  Gb  os_sem.o [1]
OSSemPend               0x080076f9    0xaa  Code  Gb  os_sem.o [1]
OSSemPost               0x080077c7    0x4a  Code  Gb  os_sem.o [1]
OSStart                 0x080057eb    0x28  Code  Gb  os_core.o [1]
OSStartHighRdy          0x080071cf          Code  Gb  os_cpu_a.o [1]
OSStatRdy               0x20004679     0x1  Data  Gb  os_core.o [1]
OSTCBCur                0x200046a0     0x4  Data  Gb  os_core.o [1]
OSTCBFreeList           0x200046a4     0x4  Data  Gb  os_core.o [1]
OSTCBHighRdy            0x200046a8     0x4  Data  Gb  os_core.o [1]
OSTCBInitHook           0x08007117     0x2  Code  Gb  os_cpu_c.o [1]
OSTCBList               0x200046ac     0x4  Data  Gb  os_core.o [1]
OSTCBPrioTbl            0x200059e8   0x100  Data  Gb  os_core.o [1]
OSTCBTbl                0x20004b7c   0x3f0  Data  Gb  os_core.o [1]
OSTaskCreate            0x08005c69    0x82  Code  Gb  os_task.o [1]
OSTaskCreateExt         0x08005ceb    0x94  Code  Gb  os_task.o [1]
OSTaskCreateHook        0x08006fc5     0x2  Code  Gb  os_cpu_c.o [1]
OSTaskCtr               0x20004680     0x1  Data  Gb  os_core.o [1]
OSTaskDel               0x08005d89    0xfa  Code  Gb  os_task.o [1]
OSTaskDelHook           0x08006fc7     0x2  Code  Gb  os_cpu_c.o [1]
OSTaskIdleHook          0x08006fc9     0x2  Code  Gb  os_cpu_c.o [1]
OSTaskIdleStk           0x2000497c   0x200  Data  Gb  os_core.o [1]
OSTaskNameSet           0x08005e89    0x40  Code  Gb  os_task.o [1]
OSTaskReturnHook        0x0800711b     0x2  Code  Gb  os_cpu_c.o [1]
OSTaskStatHook          0x08006fcb     0x2  Code  Gb  os_cpu_c.o [1]
OSTaskStatStk           0x2000477c   0x200  Data  Gb  os_core.o [1]
OSTaskStkChk            0x08005ed9    0x64  Code  Gb  os_task.o [1]
OSTaskStkInit           0x08006fcd   0x144  Code  Gb  os_cpu_c.o [1]
OSTaskSuspend           0x08005f3d    0x66  Code  Gb  os_task.o [1]
OSTaskSwHook            0x08007115     0x2  Code  Gb  os_cpu_c.o [1]
OSTickStepState         0x20004681     0x1  Data  Gb  os_core.o [1]
OSTime                  0x200046b0     0x4  Data  Gb  os_core.o [1]
OSTimeDly               0x080060a1    0x48  Code  Gb  os_time.o [1]
OSTimeTick              0x0800581b    0x8a  Code  Gb  os_core.o [1]
OSTimeTickHook          0x08007119     0x2  Code  Gb  os_cpu_c.o [1]
OSUnMapTbl              0x08005b68   0x100  Data  Gb  os_core.o [1]
OS_CPU_SR_Restore       0x080071c9          Code  Gb  os_cpu_a.o [1]
OS_CPU_SR_Save          0x080071c1          Code  Gb  os_cpu_a.o [1]
OS_Dummy                0x080058a5     0x2  Code  Gb  os_core.o [1]
OS_EventTaskRdy         0x080058a7    0x58  Code  Gb  os_core.o [1]
OS_EventTaskRemove      0x08005945    0x1e  Code  Gb  os_core.o [1]
OS_EventTaskWait        0x080058ff    0x40  Code  Gb  os_core.o [1]
OS_EventWaitListInit    0x08005963     0xc  Code  Gb  os_core.o [1]
OS_FlagInit             0x08007125    0x38  Code  Gb  os_flag.o [1]
OS_FlagUnlink           0x08007169    0x1e  Code  Gb  os_flag.o [1]
OS_MemClr               0x0800596f     0xa  Code  Gb  os_core.o [1]
OS_QInit                0x08007189    0x2e  Code  Gb  os_q.o [1]
OS_Sched                0x08005979    0x38  Code  Gb  os_core.o [1]
OS_SchedNew()           0x080059b9    0x18  Code  Lc  os_core.o [1]
OS_TCBInit              0x08005a71    0xcc  Code  Gb  os_core.o [1]
OS_TaskIdle             0x080059d1    0x18  Code  Gb  os_core.o [1]
OS_TaskReturn           0x08005fdd    0x12  Code  Gb  os_task.o [1]
OS_TaskStat             0x080059e9    0x54  Code  Gb  os_core.o [1]
OS_TaskStatStkChk       0x08005a3d    0x34  Code  Gb  os_core.o [1]
OS_TaskStkClr           0x08005fef    0x14  Code  Gb  os_task.o [1]
OUTER_TASK_STK          0x20003678  0x1000  Data  Gb  scheduler.o [1]
PARAMERTER::PID_Para_Init()
                        0x080050c9    0x8e  Code  Gb  parameter.o [1]
PARAMERTER::Para_Init()
                        0x08005069    0x60  Code  Gb  parameter.o [1]
PendSV_Handler          0x08007209          Code  Gb  os_cpu_a.o [1]
Rc_Pwm_In               0x200060cc    0x10  Data  Gb  pwm.o [1]
Region$$Table$$Base     0x08008ef8           --   Gb  - Linker created -
Region$$Table$$Limit    0x08008f1c           --   Gb  - Linker created -
SHT$$INIT_ARRAY$$Base   0x08008fa8           --   Gb  - Linker created -
SHT$$INIT_ARRAY$$Limit  0x08008fb8           --   Gb  - Linker created -
SHT$$PREINIT_ARRAY$$Base
                        0x08008fa8           --   Gb  - Linker created -
SHT$$PREINIT_ARRAY$$Limit
                        0x08008fa8           --   Gb  - Linker created -
SPI3_IRQHandler         0x08008dad     0x6  Code  Gb  stm32f4xx_it.o [1]
SPI_CheckFlag_BSY(__SPI_HandleTypeDef *, unsigned int, unsigned int)
                        0x0800438f    0x20  Code  Lc  stm32f4xx_hal_spi.o [1]
SPI_DMAAbortOnError(__DMA_HandleTypeDef *)
                        0x080042f9     0xc  Code  Lc  stm32f4xx_hal_spi.o [1]
SPI_DMAError(__DMA_HandleTypeDef *)
                        0x080042cd    0x18  Code  Lc  stm32f4xx_hal_spi.o [1]
SPI_DMAHalfReceiveCplt(__DMA_HandleTypeDef *)
                        0x080042b5     0xa  Code  Lc  stm32f4xx_hal_spi.o [1]
SPI_DMAHalfTransmitReceiveCplt(__DMA_HandleTypeDef *)
                        0x080042c1     0xa  Code  Lc  stm32f4xx_hal_spi.o [1]
SPI_DMAReceiveCplt(__DMA_HandleTypeDef *)
                        0x08004219    0x3c  Code  Lc  stm32f4xx_hal_spi.o [1]
SPI_DMATransmitReceiveCplt(__DMA_HandleTypeDef *)
                        0x0800425d    0x3a  Code  Lc  stm32f4xx_hal_spi.o [1]
SPI_WaitFlagStateUntilTimeout(__SPI_HandleTypeDef *, unsigned int, unsigned int, unsigned int, unsigned int)
                        0x08004305    0x8a  Code  Lc  stm32f4xx_hal_spi.o [1]
START_TASK_STK          0x20005ae8   0x100  Data  Gb  scheduler.o [1]
SVC_Handler             0x08008d3f     0x2  Code  Gb  stm32f4xx_it.o [1]
Scheduler::Loop_check()
                        0x08006d25    0x80  Code  Gb  scheduler.o [1]
Scheduler::check_flash_save()
                        0x08006f4f    0x2a  Code  Gb  scheduler.o [1]
Scheduler::cycler_loop()
                        0x08006e13    0x4a  Code  Gb  scheduler.o [1]
Scheduler::cyclest_Duty_1ms()
                        0x08006e5d    0x32  Code  Gb  scheduler.o [1]
Scheduler::cyclest_Duty_3ms()
                        0x08006e8f    0x50  Code  Gb  scheduler.o [1]
Scheduler::cyclest_Duty_50ms()
                        0x08006f3f    0x10  Code  Gb  scheduler.o [1]
Scheduler::cyclest_Duty_5ms()
                        0x08006edf    0x60  Code  Gb  scheduler.o [1]
Scheduler::cyclest_loop()
                        0x08006da5    0x6e  Code  Gb  scheduler.o [1]
SetPwm(short *, short, short)
                        0x080015e1    0x6a  Code  Gb  pwm.o [1]
SysTick_Handler         0x08008d43    0x2e  Code  Gb  stm32f4xx_it.o [1]
SystemClock_Config()    0x080032a7    0xa6  Code  Gb  main.o [1]
SystemCoreClock         0x2000023c     0x4  Data  Gb  system_stm32f4xx.o [1]
SystemInit              0x08008de5    0x3a  Code  Gb  system_stm32f4xx.o [1]
TIM2_IRQHandler         0x08008d83     0x6  Code  Gb  stm32f4xx_it.o [1]
TIM3_IRQHandler         0x08008d89     0x6  Code  Gb  stm32f4xx_it.o [1]
TIM8_BRK_TIM12_IRQHandler
                        0x08008da1     0x6  Code  Gb  stm32f4xx_it.o [1]
TIM_Base_SetConfig      0x08002463    0x90  Code  Gb  stm32f4xx_hal_tim.o [1]
TIM_CCxChannelCmd       0x080025ad    0x18  Code  Gb  stm32f4xx_hal_tim.o [1]
TIM_OC1_SetConfig(TIM_TypeDef *, TIM_OC_InitTypeDef *)
                        0x080025c5    0x4a  Code  Lc  stm32f4xx_hal_tim.o [1]
TIM_OC2_SetConfig       0x0800255b    0x52  Code  Gb  stm32f4xx_hal_tim.o [1]
TIM_OC3_SetConfig(TIM_TypeDef *, TIM_OC_InitTypeDef *)
                        0x0800261b    0x56  Code  Lc  stm32f4xx_hal_tim.o [1]
TIM_OC4_SetConfig(TIM_TypeDef *, TIM_OC_InitTypeDef *)
                        0x08002677    0x46  Code  Lc  stm32f4xx_hal_tim.o [1]
TIM_TI1_SetConfig       0x080024f5    0x66  Code  Gb  stm32f4xx_hal_tim.o [1]
TIM_TI2_SetConfig(TIM_TypeDef *, unsigned int, unsigned int, unsigned int)
                        0x080026e9    0x34  Code  Lc  stm32f4xx_hal_tim.o [1]
To_180_degrees(float)   0x08001051    0x2c  Code  Gb  mymath.o [1]
UART_DMAAbortOnError(__DMA_HandleTypeDef *)
                        0x08003881    0x10  Code  Lc  stm32f4xx_hal_uart.o [1]
UART_DMAError(__DMA_HandleTypeDef *)
                        0x08003809    0x48  Code  Lc  stm32f4xx_hal_uart.o [1]
UART_DMATransmitCplt(__DMA_HandleTypeDef *)
                        0x080037d1    0x2c  Code  Lc  stm32f4xx_hal_uart.o [1]
UART_DMATxHalfCplt(__DMA_HandleTypeDef *)
                        0x080037fd     0xa  Code  Lc  stm32f4xx_hal_uart.o [1]
UART_EndRxTransfer(UART_HandleTypeDef *)
                        0x08003863    0x1c  Code  Lc  stm32f4xx_hal_uart.o [1]
UART_EndTxTransfer(UART_HandleTypeDef *)
                        0x08003851    0x12  Code  Lc  stm32f4xx_hal_uart.o [1]
UART_Receive_IT(UART_HandleTypeDef *)
                        0x08003891    0x7e  Code  Lc  stm32f4xx_hal_uart.o [1]
UART_SetConfig(UART_HandleTypeDef *)
                        0x0800391d   0x13a  Code  Lc  stm32f4xx_hal_uart.o [1]
USART2_IRQHandler       0x08008d8f    0x12  Code  Gb  stm32f4xx_it.o [1]
UsageFault_Handler      0x08008d3d     0x2  Code  Gb  stm32f4xx_it.o [1]
Vector3<float>::Vector3()
                        0x080014f5     0xa  Code  Gb  quaternion.o [1]
Vector3<float>::Vector3(float, float, float)
                        0x08008b71     0xe  Code  Gb  vector3.o [1]
Vector3<short>::Vector3()
                        0x08007289     0xa  Code  Gb  magnet.o [1]
__aeabi_d2f             0x08001551          Code  Gb  DblToFlt.o [4]
__aeabi_dadd            0x080075d9          Code  Gb  DblAdd.o [4]
__aeabi_dmul            0x080018d1          Code  Gb  DblMul.o [4]
__aeabi_errno_addr      0x08008d25     0x6  Code  Gb  errno.o [3]
__aeabi_f2d             0x08001501          Code  Gb  FltToDbl.o [4]
__aeabi_i2d             0x08008b81          Code  Gb  I32ToDbl.o [4]
__aeabi_l2f             0x08006b05          Code  Gb  I64ToFlt.o [4]
__aeabi_memclr          0x0800711d          Code  Gb  ABImemclr.o [5]
__aeabi_memclr4         0x0800271d          Code  Gb  ABImemclr4.o [5]
__aeabi_ul2f            0x08006b21          Code  Gb  I64ToFlt.o [4]
__call_ctors            0x08008f3d    0x18  Code  Gb  cppinit.o [3]
__cmain                 0x08008f55          Code  Gb  cmain.o [5]
__exit                  0x08008f85    0x14  Code  Gb  exit.o [6]
__iar_Errno             0x20000240     0x4  Data  Gb  errno.o [3]
__iar_FDtest            0x080014bd    0x30  Code  Gb  xfdtest.o [4]
__iar_Memset4_word      0x08002b45          Code  Gb  ABImemset48.o [5]
__iar_Memset8_word      0x08002b45          Code  Gb  ABImemset48.o [5]
__iar_Memset_word       0x08008981          Code  Gb  ABImemset.o [5]
__iar_cstart_call_ctors
                        0x08008f1d    0x20  Code  Gb  cmain_call_ctors.o [5]
__iar_dadd              0x080075ed          Code  Gb  DblAdd.o [4]
__iar_data_init3        0x08008ead    0x28  Code  Gb  data_init.o [5]
__iar_dlib_perthread_access
                        0x08008d31     0x2  Code  Gb  xtls.o [3]
__iar_dsub              0x080089e1          Code  Gb  DblSub.o [4]
__iar_dsubStart         0x080089f3          Code  Gb  DblSub.o [4]
__iar_edom              0x08008d19          Code  Gb  iarEdom.o [5]
__iar_init_vfp          0x08008ed5          Code  Gb  fpinit_M.o [4]
__iar_packbits_init_single3
                        0x08008e75    0x38  Code  Gb  packbits_init_single.o [5]
__iar_program_start     0x08008fb9          Code  Gb  cstartup_M.o [5]
__iar_ui2d              0x08008b95          Code  Gb  I32ToDbl.o [4]
__iar_ul2f              0x08006b2d          Code  Gb  I64ToFlt.o [4]
__iar_unaligned___aeabi_memcpy4
                        0x08006049          Code  Gb  ABImemcpy_unaligned.o [5]
__iar_unaligned___aeabi_memcpy8
                        0x08006049          Code  Gb  ABImemcpy_unaligned.o [5]
__iar_xatanf            0x08008c75          Code  Gb  xatanf.o [4]
__iar_zero_init3        0x08008e35    0x40  Code  Gb  zero_init3.o [5]
__low_level_init        0x08008f6f     0x4  Code  Gb  low_level_init.o [3]
__sti__routine          0x08004911     0x8  Code  Lc  AHRS.o [1]
__sti__routine          0x08000189     0x8  Code  Lc  ctrl.o [1]
__sti__routine          0x08008359     0x8  Code  Lc  imu.o [1]
__sti__routine          0x0800781d     0x6  Code  Lc  magnet.o [1]
__vector_table          0x08000000          Data  Gb  startup_stm32f407xx.o [1]
_call_main              0x08008f61          Code  Gb  cmain.o [5]
_exit                   0x08008f79          Code  Gb  cexit.o [5]
_main                   0x08008f6b          Code  Gb  cmain.o [5]
ahrs                    0x20004f6c   0x350  Data  Gb  AHRS.o [1]
asinf                   0x08008bed          Code  Gb  asinf.o [4]
baro                    0x200058e8   0x100  Data  Gb  baro.o [1]
ctrl_s                  0x200052bc   0x21c  Data  Gb  ctrl.o [1]
ctrl_t::ctrl_t()        0x08001a73    0x44  Code  Gb  ctrl.o [1]
cycler_task(void *)     0x08006cad    0x1c  Code  Gb  scheduler.o [1]
cyclest_task(void *)    0x08006c91    0x1c  Code  Gb  scheduler.o [1]
data_trans              0x20005dec    0x7c  Data  Gb  datatrans.o [1]
delay_init(unsigned char)
                        0x08004fdd     0xa  Code  Gb  delay.o [1]
delay_ms(unsigned short)
                        0x0800501f    0x38  Code  Gb  delay.o [1]
delay_us(unsigned int)  0x08004fe7    0x38  Code  Gb  delay.o [1]
exit                    0x08008f73     0x4  Code  Gb  exit.o [3]
fac_ms                  0x20006242     0x2  Data  Lc  delay.o [1]
fac_us                  0x20006240     0x1  Data  Lc  delay.o [1]
fast_atan2(float, float)
                        0x08000eb9    0xf4  Code  Gb  mymath.o [1]
fast_atan_table         0x080010b8   0x404  Data  Lc  mymath.o [1]
filter                  0x20005660   0x158  Data  Gb  filter.o [1]
flash_save              0x200057b8   0x130  Data  Gb  flash.o [1]
flash_save_para::ReadTheFLASH(unsigned int, unsigned char *, short)
                        0x08006229    0x22  Code  Gb  flash.o [1]
flash_save_para::UpdateTheFLASH(unsigned int, unsigned char *, short)
                        0x08006197    0x92  Code  Gb  flash.o [1]
flash_save_para::flash_byte_to_float(unsigned char *, short, float *)
                        0x0800624b    0x26  Code  Gb  flash.o [1]
flash_save_para::flash_float_to_byte(unsigned char *, short, float *)
                        0x08006271    0x16  Code  Gb  flash.o [1]
flash_save_para::flash_read_parameters()
                        0x08006469   0x1ea  Code  Gb  flash.o [1]
flash_save_para::flash_save_parameters()
                        0x08006287   0x1dc  Code  Gb  flash.o [1]
hdma_spi3_rx            0x20005f44    0x60  Data  Gb  main.o [1]
hdma_spi3_tx            0x20005fa4    0x60  Data  Gb  main.o [1]
hdma_usart2_rx          0x20006004    0x60  Data  Gb  main.o [1]
hdma_usart2_tx          0x20006064    0x60  Data  Gb  main.o [1]
hlt_ctl                 0x20000000   0x23c  Data  Gb  height_ctrl.o [1]
hspi3                   0x200054d8    0x58  Data  Gb  main.o [1]
htim1                   0x2000616c    0x3c  Data  Gb  main.o [1]
htim12                  0x20005624    0x3c  Data  Gb  main.o [1]
htim2                   0x20005570    0x3c  Data  Gb  main.o [1]
htim3                   0x200055ac    0x3c  Data  Gb  main.o [1]
htim4                   0x200055e8    0x3c  Data  Gb  main.o [1]
huart2                  0x20005530    0x40  Data  Gb  main.o [1]
i2c_soft                0x20006248     0x4  Data  Gb  i2c_soft.o [1]
imu_dcm                 0x20005cd0    0x90  Data  Gb  imu.o [1]
led                     0x2000624c     0x4  Data  Gb  led.o [1]
mag_s                   0x20005ee0    0x64  Data  Gb  magnet.o [1]
main                    0x08003061   0x214  Code  Gb  main.o [1]
my_abs(float)           0x08000ea9    0x10  Code  Gb  mymath.o [1]
my_deathzoom(float, float)
                        0x08000ffd    0x2e  Code  Gb  mymath.o [1]
my_deathzoom_2(float, float)
                        0x0800102d    0x1c  Code  Gb  mymath.o [1]
my_pow(float)           0x08000fb7     0x2  Code  Gb  mymath.o [1]
my_sqrt(float)          0x08000fb9    0x42  Code  Gb  mymath.o [1]
outer_task(void *)      0x08006cc9     0x2  Code  Gb  scheduler.o [1]
pFlash                  0x200061d4    0x20  Data  Gb  stm32f4xx_hal_flash.o [1]
parameter               0x20006258     0x4  Data  Gb  parameter.o [1]
rc                      0x20005be8    0xe8  Data  Gb  rc.o [1]
ref_t::ref_t()          0x08008c49    0x2c  Code  Gb  imu.o [1]
scheduler               0x20000648    0x28  Data  Gb  scheduler.o [1]
sem_cycler              0x20000674     0x4  Data  Gb  scheduler.o [1]
sem_cyclest             0x20000670     0x4  Data  Gb  scheduler.o [1]
simpdelay()             0x08004919     0xe  Code  Lc  AHRS.o [1]
start_task(void *)      0x08006ccb    0x5a  Code  Gb  scheduler.o [1]
systime::Cycle_Time_Init()
                        0x080055cb    0x16  Code  Gb  time.o [1]
systime::GetSysTime_us()
                        0x080055e1    0x1a  Code  Gb  time.o [1]
systime::Get_Cycle_T(unsigned char)
                        0x08005599    0x32  Code  Gb  time.o [1]
systime::sys_time()     0x0800554d    0x4c  Code  Gb  time.o [1]
time                    0x20005d60    0x8c  Data  Gb  time.o [1]
uwTick                  0x2000625c     0x4  Data  Gb  stm32f4xx_hal.o [1]


[1] = G:\STM32\Acopter\Acopter\EWARM\Acopter\Obj
[2] = command line
[3] = dl7M_tlf.a
[4] = m7M_tls.a
[5] = rt7M_tl.a
[6] = shb_l.a

  37 038 bytes of readonly  code memory
      72 bytes of readonly  data memory
  25 186 bytes of readwrite data memory

Errors: none
Warnings: none
