###############################################################################
#
# IAR ELF Linker V7.50.1.10123/W32 for ARM                26/Sep/2016  21:20:08
# Copyright 2007-2015 IAR Systems AB.
#
#    Output file  =  G:\STM32\Acopter\Acopter\EWARM\Acopter\Exe\Acopter.out
#    Map file     =  G:\STM32\Acopter\Acopter\EWARM\Acopter\List\Acopter.map
#    Command line =  
#        G:\STM32\Acopter\Acopter\EWARM\Acopter\Obj\AHRS.o
#        G:\STM32\Acopter\Acopter\EWARM\Acopter\Obj\baro.o
#        G:\STM32\Acopter\Acopter\EWARM\Acopter\Obj\ctrl.o
#        G:\STM32\Acopter\Acopter\EWARM\Acopter\Obj\datatrans.o
#        G:\STM32\Acopter\Acopter\EWARM\Acopter\Obj\delay.o
#        G:\STM32\Acopter\Acopter\EWARM\Acopter\Obj\filter.o
#        G:\STM32\Acopter\Acopter\EWARM\Acopter\Obj\flash.o
#        G:\STM32\Acopter\Acopter\EWARM\Acopter\Obj\gps.o
#        G:\STM32\Acopter\Acopter\EWARM\Acopter\Obj\height_ctrl.o
#        G:\STM32\Acopter\Acopter\EWARM\Acopter\Obj\imu.o
#        G:\STM32\Acopter\Acopter\EWARM\Acopter\Obj\init.o
#        G:\STM32\Acopter\Acopter\EWARM\Acopter\Obj\led.o
#        G:\STM32\Acopter\Acopter\EWARM\Acopter\Obj\magnet.o
#        G:\STM32\Acopter\Acopter\EWARM\Acopter\Obj\main.o
#        G:\STM32\Acopter\Acopter\EWARM\Acopter\Obj\matrix3.o
#        G:\STM32\Acopter\Acopter\EWARM\Acopter\Obj\misc.o
#        G:\STM32\Acopter\Acopter\EWARM\Acopter\Obj\mymath.o
#        G:\STM32\Acopter\Acopter\EWARM\Acopter\Obj\os_core.o
#        G:\STM32\Acopter\Acopter\EWARM\Acopter\Obj\os_cpu_a.o
#        G:\STM32\Acopter\Acopter\EWARM\Acopter\Obj\os_cpu_c.o
#        G:\STM32\Acopter\Acopter\EWARM\Acopter\Obj\os_dbg.o
#        G:\STM32\Acopter\Acopter\EWARM\Acopter\Obj\os_flag.o
#        G:\STM32\Acopter\Acopter\EWARM\Acopter\Obj\os_mbox.o
#        G:\STM32\Acopter\Acopter\EWARM\Acopter\Obj\os_mem.o
#        G:\STM32\Acopter\Acopter\EWARM\Acopter\Obj\os_mutex.o
#        G:\STM32\Acopter\Acopter\EWARM\Acopter\Obj\os_q.o
#        G:\STM32\Acopter\Acopter\EWARM\Acopter\Obj\os_sem.o
#        G:\STM32\Acopter\Acopter\EWARM\Acopter\Obj\os_task.o
#        G:\STM32\Acopter\Acopter\EWARM\Acopter\Obj\os_time.o
#        G:\STM32\Acopter\Acopter\EWARM\Acopter\Obj\os_tmr.o
#        G:\STM32\Acopter\Acopter\EWARM\Acopter\Obj\parameter.o
#        G:\STM32\Acopter\Acopter\EWARM\Acopter\Obj\pwm.o
#        G:\STM32\Acopter\Acopter\EWARM\Acopter\Obj\quaternion.o
#        G:\STM32\Acopter\Acopter\EWARM\Acopter\Obj\rc.o
#        G:\STM32\Acopter\Acopter\EWARM\Acopter\Obj\scheduler.o
#        G:\STM32\Acopter\Acopter\EWARM\Acopter\Obj\sonar.o
#        G:\STM32\Acopter\Acopter\EWARM\Acopter\Obj\startup_stm32f407xx.o
#        G:\STM32\Acopter\Acopter\EWARM\Acopter\Obj\stm32f4xx_hal.o
#        G:\STM32\Acopter\Acopter\EWARM\Acopter\Obj\stm32f4xx_hal_cortex.o
#        G:\STM32\Acopter\Acopter\EWARM\Acopter\Obj\stm32f4xx_hal_dma.o
#        G:\STM32\Acopter\Acopter\EWARM\Acopter\Obj\stm32f4xx_hal_dma_ex.o
#        G:\STM32\Acopter\Acopter\EWARM\Acopter\Obj\stm32f4xx_hal_flash.o
#        G:\STM32\Acopter\Acopter\EWARM\Acopter\Obj\stm32f4xx_hal_flash_ex.o
#        G:\STM32\Acopter\Acopter\EWARM\Acopter\Obj\stm32f4xx_hal_flash_ramfunc.o
#        G:\STM32\Acopter\Acopter\EWARM\Acopter\Obj\stm32f4xx_hal_gpio.o
#        G:\STM32\Acopter\Acopter\EWARM\Acopter\Obj\stm32f4xx_hal_msp.o
#        G:\STM32\Acopter\Acopter\EWARM\Acopter\Obj\stm32f4xx_hal_pwr.o
#        G:\STM32\Acopter\Acopter\EWARM\Acopter\Obj\stm32f4xx_hal_pwr_ex.o
#        G:\STM32\Acopter\Acopter\EWARM\Acopter\Obj\stm32f4xx_hal_rcc.o
#        G:\STM32\Acopter\Acopter\EWARM\Acopter\Obj\stm32f4xx_hal_rcc_ex.o
#        G:\STM32\Acopter\Acopter\EWARM\Acopter\Obj\stm32f4xx_hal_spi.o
#        G:\STM32\Acopter\Acopter\EWARM\Acopter\Obj\stm32f4xx_hal_tim.o
#        G:\STM32\Acopter\Acopter\EWARM\Acopter\Obj\stm32f4xx_hal_tim_ex.o
#        G:\STM32\Acopter\Acopter\EWARM\Acopter\Obj\stm32f4xx_hal_uart.o
#        G:\STM32\Acopter\Acopter\EWARM\Acopter\Obj\stm32f4xx_it.o
#        G:\STM32\Acopter\Acopter\EWARM\Acopter\Obj\system_stm32f4xx.o
#        G:\STM32\Acopter\Acopter\EWARM\Acopter\Obj\time.o
#        G:\STM32\Acopter\Acopter\EWARM\Acopter\Obj\vector3.o --redirect
#        _Printf=_PrintfFull --redirect _Scanf=_ScanfFull -o
#        G:\STM32\Acopter\Acopter\EWARM\Acopter\Exe\Acopter.out --map
#        G:\STM32\Acopter\Acopter\EWARM\Acopter\List\Acopter.map --config
#        G:\STM32\Acopter\Acopter\EWARM/stm32f407xx_flash.icf --semihosting
#        --entry __iar_program_start --vfe
#
###############################################################################

*******************************************************************************
*** RUNTIME MODEL ATTRIBUTES
***

CppFlavor                     = *
__CPP_Language                = EC++
__SystemLibrary               = DLib
__dlib_dynamic_initialization = normal


*******************************************************************************
*** PLACEMENT SUMMARY
***

"A1":  place at 0x08000000 { ro section .intvec };
"P1":  place in [from 0x08000000 to 0x080fffff] { ro };
"P2":  place in [from 0x20000000 to 0x2001ffff] { rw, block CSTACK, block HEAP };

  Section             Kind        Address    Size  Object
  -------             ----        -------    ----  ------
"A1":                                       0x188
  .intvec             ro code  0x08000000   0x188  startup_stm32f407xx.o [1]
                             - 0x08000188   0x188

"P1":                                      0x82ba
  .text               ro code  0x08000188   0xcb2  ctrl.o [1]
  .text               ro code  0x08000e3c    0x60  ctrl.o [1]
  .text               ro code  0x08000e9c   0x614  mymath.o [1]
  .text               ro code  0x080014b0    0x38  xfdtest.o [4]
  .text               ro code  0x080014e8     0xa  quaternion.o [1]
  .text               ro code  0x080014f4    0x4e  FltToDbl.o [4]
  .text               ro code  0x08001544    0x90  DblToFlt.o [4]
  .text               ro code  0x080015d4   0x2ec  pwm.o [1]
  .text               ro code  0x080018c0   0x1a2  DblMul.o [4]
  .text               ro code  0x08001a62    0x44  ctrl.o [1]
  .text               ro code  0x08001aa8   0x2fc  rc.o [1]
  .text               ro code  0x08001da4   0x1f4  stm32f4xx_hal_gpio.o [1]
  .text               ro code  0x08001f98   0x71c  stm32f4xx_hal_tim.o [1]
  .text               ro code  0x080026b4     0x6  ABImemclr4.o [5]
  .text               ro code  0x080026bc   0x394  stm32f4xx_hal_msp.o [1]
  .text               ro code  0x08002a50    0x8e  stm32f4xx_hal_tim_ex.o [1]
  .text               ro code  0x08002ae0    0x32  ABImemset48.o [5]
  .text               ro code  0x08002b14    0xe2  stm32f4xx_hal_cortex.o [1]
  .text               ro code  0x08002bf8   0x404  stm32f4xx_hal_dma.o [1]
  .text               ro code  0x08002ffc   0x498  main.o [1]
  .text               ro code  0x08003494    0x70  stm32f4xx_hal.o [1]
  .text               ro code  0x08003504   0x50e  stm32f4xx_hal_uart.o [1]
  .text               ro code  0x08003a14   0x92c  stm32f4xx_hal_spi.o [1]
  .text               ro code  0x08004340   0x108  init.o [1]
  .text               ro code  0x08004448   0x434  stm32f4xx_hal_rcc.o [1]
  .text               ro code  0x0800487c    0x8c  delay.o [1]
  .text               ro code  0x08004908   0x148  parameter.o [1]
  .text               ro code  0x08004a50   0x6b4  AHRS.o [1]
  .text               ro code  0x08005104    0xc0  time.o [1]
  .text               ro code  0x080051c4   0x65c  os_core.o [1]
  .text               ro code  0x08005820   0x39a  os_task.o [1]
  .text               ro code  0x08005bbc    0x5c  os_time.o [1]
  .text               ro code  0x08005c18   0x5ae  flash.o [1]
  .text               ro code  0x080061c8    0x48  height_ctrl.o [1]
  .text               ro code  0x08006210    0x44  AHRS.o [1]
  .text               ro code  0x08006254    0x56  ABImemcpy_unaligned.o [5]
  .text               ro code  0x080062ac   0x2f4  scheduler.o [1]
  .text               ro code  0x080065a0   0x15c  os_cpu_c.o [1]
  .text               ro code  0x080066fc     0x6  ABImemclr.o [5]
  .text               ro code  0x08006704    0x62  os_flag.o [1]
  .text               ro code  0x08006768    0x38  os_q.o [1]
  CODE                ro code  0x080067a0    0xc8  os_cpu_a.o [1]
  .text               ro code  0x08006868   0x1e8  stm32f4xx_hal_flash.o [1]
  .text               ro code  0x08006a50   0x15c  stm32f4xx_hal_flash_ex.o [1]
  .text               ro code  0x08006bac     0xa  magnet.o [1]
  .text               ro code  0x08006bb8   0x15c  os_sem.o [1]
  .text               ro code  0x08006d14   0x2f4  magnet.o [1]
  .text               ro code  0x08007008   0x768  datatrans.o [1]
  .text               ro code  0x08007770   0x57a  imu.o [1]
  .text               ro code  0x08007cec    0x6c  led.o [1]
  .text               ro code  0x08007d58    0x5e  ABImemset.o [5]
  .text               ro code  0x08007db6    0x24  magnet.o [1]
  .text               ro code  0x08007dda     0xe  vector3.o [1]
  .text               ro code  0x08007de8    0x2c  I32ToDbl.o [4]
  .text               ro code  0x08007e14    0x40  imu.o [1]
  .text               ro code  0x08007e54    0xd4  filter.o [1]
  .text               ro code  0x08007f28    0x5c  asinf.o [4]
  .text               ro code  0x08007f84    0x2c  imu.o [1]
  .text               ro code  0x08007fb0    0xa4  xatanf.o [4]
  .text               ro code  0x08008054     0xc  iarEdom.o [5]
  .text               ro code  0x08008060     0xc  errno.o [3]
  .text               ro code  0x0800806c     0x2  xtls.o [3]
  .text               ro code  0x08008070    0xc0  stm32f4xx_it.o [1]
  .text               ro code  0x08008130    0x50  system_stm32f4xx.o [1]
  .text               ro code  0x08008180    0x40  zero_init3.o [5]
  .text               ro code  0x080081c0    0x38  packbits_init_single.o [5]
  .text               ro code  0x080081f8    0x28  data_init.o [5]
  .text               ro code  0x08008220    0x22  fpinit_M.o [4]
  .iar.init_table     const    0x08008244    0x24  - Linker created -
  .text               ro code  0x08008268    0x20  cmain_call_ctors.o [5]
  .text               ro code  0x08008288    0x18  cppinit.o [3]
  .text               ro code  0x080082a0    0x1a  cmain.o [5]
  .text               ro code  0x080082ba     0x4  low_level_init.o [3]
  .text               ro code  0x080082be     0x4  exit.o [3]
  .text               ro code  0x080082c4     0xa  cexit.o [5]
  .text               ro code  0x080082d0    0x14  exit.o [6]
  .text               ro code  0x080082e4    0x10  startup_stm32f407xx.o [1]
  SHT$$PREINIT_ARRAY           0x080082f4     0x0  <Block>
  SHT$$INIT_ARRAY              0x080082f4    0x10  <Block>
    .init_array       const    0x080082f4     0x4  AHRS.o [1]
    .init_array       const    0x080082f8     0x4  ctrl.o [1]
    .init_array       const    0x080082fc     0x4  imu.o [1]
    .init_array       const    0x08008300     0x4  magnet.o [1]
  .text               ro code  0x08008304     0xc  cstartup_M.o [5]
  .text               ro code  0x08008310     0x4  startup_stm32f407xx.o [1]
  .text               ro code  0x08008314     0x4  startup_stm32f407xx.o [1]
  .text               ro code  0x08008318     0x4  startup_stm32f407xx.o [1]
  .text               ro code  0x0800831c     0x4  startup_stm32f407xx.o [1]
  .text               ro code  0x08008320     0x4  startup_stm32f407xx.o [1]
  .text               ro code  0x08008324     0x4  startup_stm32f407xx.o [1]
  .text               ro code  0x08008328     0x4  startup_stm32f407xx.o [1]
  .text               ro code  0x0800832c     0x4  startup_stm32f407xx.o [1]
  .text               ro code  0x08008330     0x4  startup_stm32f407xx.o [1]
  .text               ro code  0x08008334     0x4  startup_stm32f407xx.o [1]
  .text               ro code  0x08008338     0x4  startup_stm32f407xx.o [1]
  .text               ro code  0x0800833c     0x4  startup_stm32f407xx.o [1]
  .text               ro code  0x08008340     0x4  startup_stm32f407xx.o [1]
  .text               ro code  0x08008344     0x4  startup_stm32f407xx.o [1]
  .text               ro code  0x08008348     0x4  startup_stm32f407xx.o [1]
  .text               ro code  0x0800834c     0x4  startup_stm32f407xx.o [1]
  .text               ro code  0x08008350     0x4  startup_stm32f407xx.o [1]
  .text               ro code  0x08008354     0x4  startup_stm32f407xx.o [1]
  .text               ro code  0x08008358     0x4  startup_stm32f407xx.o [1]
  .text               ro code  0x0800835c     0x4  startup_stm32f407xx.o [1]
  .text               ro code  0x08008360     0x4  startup_stm32f407xx.o [1]
  .text               ro code  0x08008364     0x4  startup_stm32f407xx.o [1]
  .text               ro code  0x08008368     0x4  startup_stm32f407xx.o [1]
  .text               ro code  0x0800836c     0x4  startup_stm32f407xx.o [1]
  .text               ro code  0x08008370     0x4  startup_stm32f407xx.o [1]
  .text               ro code  0x08008374     0x4  startup_stm32f407xx.o [1]
  .text               ro code  0x08008378     0x4  startup_stm32f407xx.o [1]
  .text               ro code  0x0800837c     0x4  startup_stm32f407xx.o [1]
  .text               ro code  0x08008380     0x4  startup_stm32f407xx.o [1]
  .text               ro code  0x08008384     0x4  startup_stm32f407xx.o [1]
  .text               ro code  0x08008388     0x4  startup_stm32f407xx.o [1]
  .text               ro code  0x0800838c     0x4  startup_stm32f407xx.o [1]
  .text               ro code  0x08008390     0x4  startup_stm32f407xx.o [1]
  .text               ro code  0x08008394     0x4  startup_stm32f407xx.o [1]
  .text               ro code  0x08008398     0x4  startup_stm32f407xx.o [1]
  .text               ro code  0x0800839c     0x4  startup_stm32f407xx.o [1]
  .text               ro code  0x080083a0     0x4  startup_stm32f407xx.o [1]
  .text               ro code  0x080083a4     0x4  startup_stm32f407xx.o [1]
  .text               ro code  0x080083a8     0x4  startup_stm32f407xx.o [1]
  .text               ro code  0x080083ac     0x4  startup_stm32f407xx.o [1]
  .text               ro code  0x080083b0     0x4  startup_stm32f407xx.o [1]
  .text               ro code  0x080083b4     0x4  startup_stm32f407xx.o [1]
  .text               ro code  0x080083b8     0x4  startup_stm32f407xx.o [1]
  .text               ro code  0x080083bc     0x4  startup_stm32f407xx.o [1]
  .text               ro code  0x080083c0     0x4  startup_stm32f407xx.o [1]
  .text               ro code  0x080083c4     0x4  startup_stm32f407xx.o [1]
  .text               ro code  0x080083c8     0x4  startup_stm32f407xx.o [1]
  .text               ro code  0x080083cc     0x4  startup_stm32f407xx.o [1]
  .text               ro code  0x080083d0     0x4  startup_stm32f407xx.o [1]
  .text               ro code  0x080083d4     0x4  startup_stm32f407xx.o [1]
  .text               ro code  0x080083d8     0x4  startup_stm32f407xx.o [1]
  .text               ro code  0x080083dc     0x4  startup_stm32f407xx.o [1]
  .text               ro code  0x080083e0     0x4  startup_stm32f407xx.o [1]
  .text               ro code  0x080083e4     0x4  startup_stm32f407xx.o [1]
  .text               ro code  0x080083e8     0x4  startup_stm32f407xx.o [1]
  .text               ro code  0x080083ec     0x4  startup_stm32f407xx.o [1]
  .text               ro code  0x080083f0     0x4  startup_stm32f407xx.o [1]
  .text               ro code  0x080083f4     0x4  startup_stm32f407xx.o [1]
  .text               ro code  0x080083f8     0x4  startup_stm32f407xx.o [1]
  .text               ro code  0x080083fc     0x4  startup_stm32f407xx.o [1]
  .text               ro code  0x08008400     0x4  startup_stm32f407xx.o [1]
  .text               ro code  0x08008404     0x4  startup_stm32f407xx.o [1]
  .text               ro code  0x08008408     0x4  startup_stm32f407xx.o [1]
  .text               ro code  0x0800840c     0x4  startup_stm32f407xx.o [1]
  .text               ro code  0x08008410     0x4  startup_stm32f407xx.o [1]
  .text               ro code  0x08008414     0x4  startup_stm32f407xx.o [1]
  .text               ro code  0x08008418     0x4  startup_stm32f407xx.o [1]
  .text               ro code  0x0800841c     0x4  startup_stm32f407xx.o [1]
  .text               ro code  0x08008420     0x4  startup_stm32f407xx.o [1]
  .text               ro code  0x08008424     0x4  startup_stm32f407xx.o [1]
  .text               ro code  0x08008428     0x4  startup_stm32f407xx.o [1]
  .text               ro code  0x0800842c     0x4  startup_stm32f407xx.o [1]
  .rodata             const    0x08008430     0x0  zero_init3.o [5]
  .rodata             const    0x08008430     0x0  packbits_init_single.o [5]
  Initializer bytes   const    0x08008430    0x12  <for P2-1>
                             - 0x08008442  0x82ba

"P2", part 1 of 3:                          0x238
  P2-1                         0x20000000   0x238  <Init block>
    .data             inited   0x20000000   0x230  height_ctrl.o [1]
    .data             inited   0x20000230     0x4  system_stm32f4xx.o [1]
    __DLIB_PERTHREAD  inited   0x20000234     0x4  errno.o [3]
                             - 0x20000238   0x238

"P2", part 2 of 3:                          0x400
  CSTACK                       0x20000238   0x400  <Block>
    CSTACK            uninit   0x20000238   0x400  <Block tail>
                             - 0x20000638   0x400

"P2", part 3 of 3:                         0x5974
  .bss                zero     0x20000638  0x4030  scheduler.o [1]
  .bss                zero     0x20004668   0x8f4  os_core.o [1]
  .bss                zero     0x20004f5c   0x30c  AHRS.o [1]
  .bss                zero     0x20005268   0x21c  ctrl.o [1]
  .bss                zero     0x20005484   0x188  main.o [1]
  .bss                zero     0x2000560c   0x130  flash.o [1]
  .bss                zero     0x2000573c   0x100  os_core.o [1]
  .bss                zero     0x2000583c   0x100  scheduler.o [1]
  .bss                zero     0x2000593c    0xe8  rc.o [1]
  .bss                zero     0x20005a24    0x90  imu.o [1]
  .bss                zero     0x20005ab4    0x8c  time.o [1]
  .bss                zero     0x20005b40    0x7c  datatrans.o [1]
  .bss                zero     0x20005bbc    0x78  os_core.o [1]
  .bss                zero     0x20005c34    0x64  magnet.o [1]
  .bss                zero     0x20005c98    0x60  main.o [1]
  .bss                zero     0x20005cf8    0x60  main.o [1]
  .bss                zero     0x20005d58    0x60  main.o [1]
  .bss                zero     0x20005db8    0x60  main.o [1]
  .bss                zero     0x20005e18    0x58  pwm.o [1]
  .bss                zero     0x20005e70    0x50  os_core.o [1]
  .bss                zero     0x20005ec0    0x3c  main.o [1]
  .bss                zero     0x20005efc    0x2c  magnet.o [1]
  .bss                zero     0x20005f28    0x20  stm32f4xx_hal_flash.o [1]
  .bss                zero     0x20005f48    0x14  flash.o [1]
  .bss                zero     0x20005f5c    0x14  imu.o [1]
  .bss                zero     0x20005f70    0x10  rc.o [1]
  .bss                zero     0x20005f80     0x4  AHRS.o [1]
  .bss                zero     0x20005f84     0x4  ctrl.o [1]
  .bss                zero     0x20005f88     0x4  delay.o [1]
  .bss                zero     0x20005f8c     0x4  filter.o [1]
  .bss                zero     0x20005f90     0x4  led.o [1]
  .bss                zero     0x20005f94     0x4  os_core.o [1]
  .bss                zero     0x20005f98     0x4  os_core.o [1]
  .bss                zero     0x20005f9c     0x4  parameter.o [1]
  .bss                zero     0x20005fa0     0x4  stm32f4xx_hal.o [1]
  .bss                zero     0x20005fa4     0x3  datatrans.o [1]
  .bss                zero     0x20005fa7     0x1  init.o [1]
  .bss                zero     0x20005fa8     0x1  magnet.o [1]
                             - 0x20005fa9  0x5971


*******************************************************************************
*** INIT TABLE
***

          Address     Size
          -------     ----
Zero (__iar_zero_init3)
    1 destination range, total size 0x5971:
          0x20000638  0x5971

Copy/packbits (__iar_packbits_init_single3)
    1 source range, total size 0x12 (3% of destination):
          0x08008430    0x12
    1 destination range, total size 0x238:
          0x20000000   0x238

Extra (__iar_cstart_call_ctors)



*******************************************************************************
*** MODULE SUMMARY
***

    Module                    ro code  ro data  rw data
    ------                    -------  -------  -------
G:\STM32\Acopter\Acopter\EWARM\Acopter\Obj: [1]
    AHRS.o                      1 784        4      784
    ctrl.o                      3 414        4      544
    datatrans.o                 1 896               127
    delay.o                       140                 4
    filter.o                      212                 4
    flash.o                     1 454               324
    height_ctrl.o                  72       17      560
    imu.o                       1 510        4      164
    init.o                        264                 1
    led.o                         108                 4
    magnet.o                      802        4      145
    main.o                      1 176               836
    mymath.o                    1 556
    os_core.o                   1 628             2 756
    os_cpu_a.o                    200
    os_cpu_c.o                    348
    os_flag.o                      98
    os_q.o                         56
    os_sem.o                      348
    os_task.o                     922
    os_time.o                      92
    parameter.o                   328                 4
    pwm.o                         748                88
    quaternion.o                   10
    rc.o                          764               248
    scheduler.o                   756            16 688
    startup_stm32f407xx.o         696
    stm32f4xx_hal.o               112                 4
    stm32f4xx_hal_cortex.o        226
    stm32f4xx_hal_dma.o         1 028
    stm32f4xx_hal_flash.o         488                32
    stm32f4xx_hal_flash_ex.o      348
    stm32f4xx_hal_gpio.o          500
    stm32f4xx_hal_msp.o           916
    stm32f4xx_hal_rcc.o         1 076
    stm32f4xx_hal_spi.o         2 348
    stm32f4xx_hal_tim.o         1 820
    stm32f4xx_hal_tim_ex.o        142
    stm32f4xx_hal_uart.o        1 294
    stm32f4xx_it.o                192
    system_stm32f4xx.o             80                 4
    time.o                        192               140
    vector3.o                      14
    ---------------------------------------------------
    Total:                     32 158       33   23 461

command line: [2]
    ---------------------------------------------------
    Total:

dl7M_tlf.a: [3]
    cppinit.o                      24
    errno.o                        12        1        4
    exit.o                          4
    low_level_init.o                4
    xtls.o                          2
    ---------------------------------------------------
    Total:                         46        1        4

m7M_tls.a: [4]
    DblMul.o                      418
    DblToFlt.o                    144
    FltToDbl.o                     78
    I32ToDbl.o                     44
    asinf.o                        92
    fpinit_M.o                     34
    xatanf.o                      164
    xfdtest.o                      56
    ---------------------------------------------------
    Total:                      1 030

rt7M_tl.a: [5]
    ABImemclr.o                     6
    ABImemclr4.o                    6
    ABImemcpy_unaligned.o          86
    ABImemset.o                    94
    ABImemset48.o                  50
    cexit.o                        10
    cmain.o                        26
    cmain_call_ctors.o             32
    cstartup_M.o                   12
    data_init.o                    40
    iarEdom.o                      12
    packbits_init_single.o         56
    zero_init3.o                   64
    ---------------------------------------------------
    Total:                        494

shb_l.a: [6]
    exit.o                         20
    ---------------------------------------------------
    Total:                         20

    Gaps                           38        2
    Linker created                          36    1 024
-------------------------------------------------------
    Grand Total:               33 786       72   24 489


*******************************************************************************
*** ENTRY LIST
***

Entry                      Address    Size  Type      Object
-----                      -------    ----  ----      ------
.iar.init_table$$Base   0x08008244           --   Gb  - Linker created -
.iar.init_table$$Limit  0x08008268           --   Gb  - Linker created -
?main                   0x080082a1          Code  Gb  cmain.o [5]
AHRS_S::AHRS_S()        0x08006211    0x44  Code  Gb  AHRS.o [1]
AHRS_S::MPU9250_Check()
                        0x08004bf9    0xac  Code  Gb  AHRS.o [1]
AHRS_S::MPU9250_Init(__SPI_HandleTypeDef *)
                        0x08004bc3    0x36  Code  Gb  AHRS.o [1]
AHRS_S::MPU_READ_INITIAL_DATA()
                        0x08004cb1    0x50  Code  Gb  AHRS.o [1]
AHRS_S::Transform(float, float, float, float *, float *, float *)
                        0x08004d01     0xe  Code  Gb  AHRS.o [1]
AHRS_S::ahrs_Data_Offset()
                        0x08004d11   0x102  Code  Gb  AHRS.o [1]
AHRS_S::ahrs_Data_Prepare(float)
                        0x08004e13   0x132  Code  Gb  AHRS.o [1]
AHRS_S::ahrs_data_filt(float)
                        0x08004f5d   0x160  Code  Gb  AHRS.o [1]
AHRS_S::initial_data_filed()
                        0x080050bd    0x10  Code  Gb  AHRS.o [1]
APBAHBPrescTable        0x0800486c    0x10  Data  Lc  stm32f4xx_hal_rcc.o [1]
Acopter_RC::CH_Mapping_Fun(unsigned short *, unsigned short *)
                        0x08001aa9    0x1c  Code  Gb  rc.o [1]
Acopter_RC::Feed_Rc_Dog(unsigned char)
                        0x08001d63     0xa  Code  Gb  rc.o [1]
Acopter_RC::Fly_Ready(float)
                        0x08001ca1    0x98  Code  Gb  rc.o [1]
Acopter_RC::RC_Duty(float, unsigned short *)
                        0x08001ac5   0x1dc  Code  Gb  rc.o [1]
All_Init()              0x08004341    0xc4  Code  Gb  init.o [1]
BusFault_Handler        0x08008077     0x2  Code  Gb  stm32f4xx_it.o [1]
CH_DIR                  0x08001d8c     0x8  Data  Lc  rc.o [1]
CH_in_Mapping           0x08001d94    0x10  Data  Lc  rc.o [1]
CSTACK$$Base            0x20000238           --   Gb  - Linker created -
CSTACK$$Limit           0x20000638           --   Gb  - Linker created -
CTRL_S::All_Out(float, float, float)
                        0x08000af5   0x298  Code  Gb  ctrl.o [1]
CTRL_S::CTRL_1(float)   0x080005a9   0x452  Code  Gb  ctrl.o [1]
CTRL_S::CTRL_2(float)   0x080001ad   0x3d4  Code  Gb  ctrl.o [1]
CTRL_S::CTRL_S()        0x08000e3d    0x60  Code  Gb  ctrl.o [1]
CTRL_S::Ctrl_Para_Init()
                        0x08000191    0x1a  Code  Gb  ctrl.o [1]
CTRL_S::Thr_Ctrl(float)
                        0x08000a39    0xa6  Code  Gb  ctrl.o [1]
CYCLER_TASK_STK         0x20002668  0x1000  Data  Gb  scheduler.o [1]
CYCLEST_TASK_STK        0x20000668  0x2000  Data  Gb  scheduler.o [1]
DMA1_Stream0_IRQHandler
                        0x080080ad     0x6  Code  Gb  stm32f4xx_it.o [1]
DMA1_Stream5_IRQHandler
                        0x080080b3     0x6  Code  Gb  stm32f4xx_it.o [1]
DMA1_Stream6_IRQHandler
                        0x080080b9     0x6  Code  Gb  stm32f4xx_it.o [1]
DMA1_Stream7_IRQHandler
                        0x080080e3     0x6  Code  Gb  stm32f4xx_it.o [1]
DMA_CalcBaseAndBitshift(__DMA_HandleTypeDef *)
                        0x08002fcf    0x24  Code  Lc  stm32f4xx_hal_dma.o [1]
DMA_SetConfig(__DMA_HandleTypeDef *, unsigned int, unsigned int, unsigned int)
                        0x08002fb1    0x1e  Code  Lc  stm32f4xx_hal_dma.o [1]
Datatrans::ANO_DT_Data_Receive_Anl(unsigned char *, unsigned char)
                        0x080074e1   0x214  Code  Gb  datatrans.o [1]
Datatrans::ANO_DT_Send_Check(unsigned char, unsigned char)
                        0x08007743    0x2e  Code  Gb  datatrans.o [1]
Datatrans::ANO_DT_Send_PID(unsigned char, float, float, float, float, float, float, float, float, float)
                        0x08007255    0xf6  Code  Gb  datatrans.o [1]
Datatrans::ANO_data_receive_prepara()
                        0x08007431    0xa8  Code  Gb  datatrans.o [1]
Datatrans::acopter_Send_Data(unsigned char *, unsigned char)
                        0x080070b3     0x8  Code  Gb  datatrans.o [1]
Datatrans::data_trans_with_ano()
                        0x0800735f    0xd2  Code  Gb  datatrans.o [1]
Datatrans::send_15_data(short, short, short, short, short, short, short, short, short, float, float, float, int, unsigned char, unsigned char)
                        0x080070bd   0x18e  Code  Gb  datatrans.o [1]
Datatrans::send_all_fly_data_to_ANO()
                        0x08007009    0x9e  Code  Gb  datatrans.o [1]
DebugMon_Handler        0x0800807d     0x2  Code  Gb  stm32f4xx_it.o [1]
EraseInitStruct         0x20005f48    0x14  Data  Gb  flash.o [1]
Error_Handler()         0x08003493     0x2  Code  Gb  main.o [1]
FLASH_Erase_Sector      0x08006b05    0x48  Code  Gb  stm32f4xx_hal_flash_ex.o [1]
FLASH_FlushCaches       0x08006b4d    0x50  Code  Gb  stm32f4xx_hal_flash_ex.o [1]
FLASH_MassErase(unsigned char, unsigned int)
                        0x08006ae5    0x20  Code  Lc  stm32f4xx_hal_flash_ex.o [1]
FLASH_Program_Byte(unsigned int, unsigned char)
                        0x080069ab    0x1a  Code  Lc  stm32f4xx_hal_flash.o [1]
FLASH_Program_DoubleWord(unsigned int, unsigned long long)
                        0x0800694d    0x22  Code  Lc  stm32f4xx_hal_flash.o [1]
FLASH_Program_HalfWord(unsigned int, unsigned short)
                        0x0800698d    0x1e  Code  Lc  stm32f4xx_hal_flash.o [1]
FLASH_Program_Word(unsigned int, unsigned int)
                        0x0800696f    0x1e  Code  Lc  stm32f4xx_hal_flash.o [1]
FLASH_SetErrorCode()    0x080069c5    0x74  Code  Lc  stm32f4xx_hal_flash.o [1]
FLASH_WaitForLastOperation
                        0x080068fd    0x50  Code  Gb  stm32f4xx_hal_flash.o [1]
FLASHinit()             0x08005c89    0x2a  Code  Gb  flash.o [1]
GetSector(unsigned int)
                        0x08005c19    0x70  Code  Lc  flash.o [1]
HAL_DMA_Abort           0x08002d4f    0x72  Code  Gb  stm32f4xx_hal_dma.o [1]
HAL_DMA_Abort_IT        0x08002dcd    0x24  Code  Gb  stm32f4xx_hal_dma.o [1]
HAL_DMA_IRQHandler      0x08002df1   0x18c  Code  Gb  stm32f4xx_hal_dma.o [1]
HAL_DMA_Init            0x08002bf9    0xe6  Code  Gb  stm32f4xx_hal_dma.o [1]
HAL_DMA_Start_IT        0x08002cdf    0x64  Code  Gb  stm32f4xx_hal_dma.o [1]
HAL_FLASHEx_Erase       0x08006a51    0x94  Code  Gb  stm32f4xx_hal_flash_ex.o [1]
HAL_FLASH_Lock          0x080068ef     0x8  Code  Gb  stm32f4xx_hal_flash.o [1]
HAL_FLASH_Program       0x08006869    0x72  Code  Gb  stm32f4xx_hal_flash.o [1]
HAL_FLASH_Unlock        0x080068db    0x14  Code  Gb  stm32f4xx_hal_flash.o [1]
HAL_GPIO_Init           0x08001da5   0x1b4  Code  Gb  stm32f4xx_hal_gpio.o [1]
HAL_GPIO_ReadPin        0x08001f59     0xc  Code  Gb  stm32f4xx_hal_gpio.o [1]
HAL_GPIO_WritePin       0x08001f65     0x8  Code  Gb  stm32f4xx_hal_gpio.o [1]
HAL_GetTick             0x080034f3     0x6  Code  Wk  stm32f4xx_hal.o [1]
HAL_IncTick             0x080034e9     0xa  Code  Wk  stm32f4xx_hal.o [1]
HAL_Init                0x08003495    0x30  Code  Gb  stm32f4xx_hal.o [1]
HAL_InitTick            0x080034c5    0x24  Code  Wk  stm32f4xx_hal.o [1]
HAL_MspInit             0x080026bd    0x60  Code  Gb  stm32f4xx_hal_msp.o [1]
HAL_NVIC_EnableIRQ      0x08002b83     0xc  Code  Gb  stm32f4xx_hal_cortex.o [1]
HAL_NVIC_SetPriority    0x08002b49    0x3a  Code  Gb  stm32f4xx_hal_cortex.o [1]
HAL_NVIC_SetPriorityGrouping
                        0x08002b2f    0x1a  Code  Gb  stm32f4xx_hal_cortex.o [1]
HAL_RCC_ClockConfig     0x08004691   0x12c  Code  Gb  stm32f4xx_hal_rcc.o [1]
HAL_RCC_GetHCLKFreq     0x08004811     0x6  Code  Gb  stm32f4xx_hal_rcc.o [1]
HAL_RCC_GetPCLK1Freq    0x08004817    0x12  Code  Gb  stm32f4xx_hal_rcc.o [1]
HAL_RCC_GetPCLK2Freq    0x08004829    0x10  Code  Gb  stm32f4xx_hal_rcc.o [1]
HAL_RCC_GetSysClockFreq
                        0x080047cb    0x46  Code  Wk  stm32f4xx_hal_rcc.o [1]
HAL_RCC_OscConfig       0x08004449   0x240  Code  Wk  stm32f4xx_hal_rcc.o [1]
HAL_SPI_DMAStop         0x0800407d    0x22  Code  Gb  stm32f4xx_hal_spi.o [1]
HAL_SPI_ErrorCallback   0x0800418f     0x2  Code  Wk  stm32f4xx_hal_spi.o [1]
HAL_SPI_IRQHandler      0x0800409f    0xe8  Code  Gb  stm32f4xx_hal_spi.o [1]
HAL_SPI_Init            0x08003a15    0x76  Code  Gb  stm32f4xx_hal_spi.o [1]
HAL_SPI_MspInit         0x0800271d    0xc4  Code  Gb  stm32f4xx_hal_msp.o [1]
HAL_SPI_Receive         0x08003bbf   0x11a  Code  Gb  stm32f4xx_hal_spi.o [1]
HAL_SPI_Receive_DMA     0x08003ed9    0x98  Code  Gb  stm32f4xx_hal_spi.o [1]
HAL_SPI_RxCpltCallback  0x08004187     0x2  Code  Wk  stm32f4xx_hal_spi.o [1]
HAL_SPI_RxHalfCpltCallback
                        0x0800418b     0x2  Code  Wk  stm32f4xx_hal_spi.o [1]
HAL_SPI_Transmit        0x08003a97   0x128  Code  Gb  stm32f4xx_hal_spi.o [1]
HAL_SPI_TransmitReceive
                        0x08003cd9   0x18e  Code  Gb  stm32f4xx_hal_spi.o [1]
HAL_SPI_TransmitReceive_DMA
                        0x08003f7f    0xae  Code  Gb  stm32f4xx_hal_spi.o [1]
HAL_SPI_TxRxCpltCallback
                        0x08004189     0x2  Code  Wk  stm32f4xx_hal_spi.o [1]
HAL_SPI_TxRxHalfCpltCallback
                        0x0800418d     0x2  Code  Wk  stm32f4xx_hal_spi.o [1]
HAL_SYSTICK_CLKSourceConfig
                        0x08002bbf    0x14  Code  Gb  stm32f4xx_hal_cortex.o [1]
HAL_SYSTICK_Callback    0x08002bf5     0x2  Code  Wk  stm32f4xx_hal_cortex.o [1]
HAL_SYSTICK_Config      0x08002b97    0x28  Code  Gb  stm32f4xx_hal_cortex.o [1]
HAL_SYSTICK_IRQHandler  0x08002bed     0x8  Code  Gb  stm32f4xx_hal_cortex.o [1]
HAL_TIMEx_BreakCallback
                        0x08002add     0x2  Code  Wk  stm32f4xx_hal_tim_ex.o [1]
HAL_TIMEx_CommutationCallback
                        0x08002adb     0x2  Code  Wk  stm32f4xx_hal_tim_ex.o [1]
HAL_TIMEx_ConfigBreakDeadTime
                        0x08002a9b    0x40  Code  Gb  stm32f4xx_hal_tim_ex.o [1]
HAL_TIMEx_MasterConfigSynchronization
                        0x08002a51    0x4a  Code  Gb  stm32f4xx_hal_tim_ex.o [1]
HAL_TIM_IC_CaptureCallback
                        0x0800163d   0x254  Code  Gb  pwm.o [1]
HAL_TIM_IC_ConfigChannel
                        0x080021c3   0x116  Code  Gb  stm32f4xx_hal_tim.o [1]
HAL_TIM_IC_Init         0x08002051    0x1a  Code  Gb  stm32f4xx_hal_tim.o [1]
HAL_TIM_IC_MspInit      0x0800281f    0xc0  Code  Gb  stm32f4xx_hal_msp.o [1]
HAL_TIM_IC_Start_IT     0x0800206b     0xa  Code  Gb  stm32f4xx_hal_tim.o [1]
HAL_TIM_IRQHandler      0x08002079   0x14a  Code  Gb  stm32f4xx_hal_tim.o [1]
HAL_TIM_MspPostInit(TIM_HandleTypeDef *)
                        0x0800290d    0x38  Code  Gb  stm32f4xx_hal_msp.o [1]
HAL_TIM_OC_DelayElapsedCallback
                        0x080023f5     0x2  Code  Wk  stm32f4xx_hal_tim.o [1]
HAL_TIM_PWM_ConfigChannel
                        0x080022d9    0xb8  Code  Gb  stm32f4xx_hal_tim.o [1]
HAL_TIM_PWM_Init        0x08001fc3    0x1a  Code  Gb  stm32f4xx_hal_tim.o [1]
HAL_TIM_PWM_MspInit     0x080027e1    0x3e  Code  Gb  stm32f4xx_hal_msp.o [1]
HAL_TIM_PWM_PulseFinishedCallback
                        0x080023f7     0x2  Code  Wk  stm32f4xx_hal_tim.o [1]
HAL_TIM_PWM_Start       0x08001fe5    0x14  Code  Gb  stm32f4xx_hal_tim.o [1]
HAL_TIM_PeriodElapsedCallback
                        0x080023f3     0x2  Code  Wk  stm32f4xx_hal_tim.o [1]
HAL_TIM_ReadCapturedValue
                        0x080023b1    0x42  Code  Gb  stm32f4xx_hal_tim.o [1]
HAL_TIM_TriggerCallback
                        0x080023f9     0x2  Code  Wk  stm32f4xx_hal_tim.o [1]
HAL_UART_ErrorCallback  0x08003747     0x2  Code  Wk  stm32f4xx_hal_uart.o [1]
HAL_UART_IRQHandler     0x080035ed   0x148  Code  Gb  stm32f4xx_hal_uart.o [1]
HAL_UART_Init           0x08003505    0x28  Code  Gb  stm32f4xx_hal_uart.o [1]
HAL_UART_MspInit        0x08002955    0x9a  Code  Gb  stm32f4xx_hal_msp.o [1]
HAL_UART_RxCpltCallback
                        0x08003745     0x2  Code  Wk  stm32f4xx_hal_uart.o [1]
HAL_UART_Transmit_DMA   0x08003573    0x7a  Code  Gb  stm32f4xx_hal_uart.o [1]
HAL_UART_TxCpltCallback
                        0x08003741     0x2  Code  Wk  stm32f4xx_hal_uart.o [1]
HAL_UART_TxHalfCpltCallback
                        0x08003743     0x2  Code  Wk  stm32f4xx_hal_uart.o [1]
HLT_CTRL::Ultra_PID_Init()
                        0x080061e1    0x18  Code  Gb  height_ctrl.o [1]
HLT_CTRL::WZ_Speed_PID_Init()
                        0x080061c9    0x18  Code  Gb  height_ctrl.o [1]
HardFault_Handler       0x08008073     0x2  Code  Gb  stm32f4xx_it.o [1]
IMU_DCM::IMU_DCM()      0x08007e15    0x40  Code  Gb  imu.o [1]
IMU_DCM::IMUupdate(float, float, float, float, float, float, float, float *, float *, float *)
                        0x08007779   0x524  Code  Gb  imu.o [1]
Init_Finish             0x20005fa7     0x1  Data  Gb  init.o [1]
LED::led_change()       0x08007ced    0x46  Code  Gb  led.o [1]
LED::led_state0()       0x08007d33     0x4  Code  Gb  led.o [1]
LED::led_state1()       0x08007d37     0x2  Code  Gb  led.o [1]
MAG_S::CalOffset_Mag()  0x08006d99   0x1c6  Code  Gb  magnet.o [1]
MAG_S::MAG_S()          0x08007db7    0x24  Code  Gb  magnet.o [1]
MAG_S::Read_Mag_Data()  0x08006d1d    0x7c  Code  Gb  magnet.o [1]
MAG_S::filt_data()      0x08006f9d    0x6c  Code  Gb  magnet.o [1]
MAX_CH                  0x08001d6c    0x10  Data  Lc  rc.o [1]
MIN_CH                  0x08001d7c    0x10  Data  Lc  rc.o [1]
MPU9250_Handler         0x20005f80     0x4  Data  Gb  AHRS.o [1]
MPU9250_Mag_ReadReg(unsigned char)
                        0x08004b47    0x4e  Code  Gb  AHRS.o [1]
MPU9250_Mag_ReadRegs(unsigned char, unsigned char *, unsigned char)
                        0x08004b95    0x22  Code  Gb  AHRS.o [1]
MPU9250_Mag_WriteReg(unsigned char, unsigned char)
                        0x08004aef    0x52  Code  Gb  AHRS.o [1]
MPU9250_ReadReg(unsigned char)
                        0x08004a67    0x4e  Code  Gb  AHRS.o [1]
MPU9250_WriteReg(unsigned char, unsigned char)
                        0x08004ab5    0x3a  Code  Gb  AHRS.o [1]
MX_GPIO_Init()          0x080033a1    0xb4  Code  Lc  main.o [1]
MX_TIM1_Init()          0x080032e7    0x92  Code  Lc  main.o [1]
MemManage_Handler       0x08008075     0x2  Code  Gb  stm32f4xx_it.o [1]
NMI_Handler             0x08008071     0x2  Code  Gb  stm32f4xx_it.o [1]
NVIC_SetPriority(IRQn_Type, unsigned int)
                        0x08002b15    0x1a  Code  Lc  stm32f4xx_hal_cortex.o [1]
OSCPUUsage              0x20004668     0x1  Data  Gb  os_core.o [1]
OSCtxSw                 0x080067cf          Code  Gb  os_cpu_a.o [1]
OSCtxSwCtr              0x2000467c     0x4  Data  Gb  os_core.o [1]
OSEventFreeList         0x20004680     0x4  Data  Gb  os_core.o [1]
OSEventTbl              0x200046a4    0xc8  Data  Gb  os_core.o [1]
OSFlagFreeList          0x20005f94     0x4  Data  Gb  os_core.o [1]
OSFlagTbl               0x20005e70    0x50  Data  Gb  os_core.o [1]
OSIdleCtr               0x2000468c     0x4  Data  Gb  os_core.o [1]
OSIdleCtrMax            0x20004684     0x4  Data  Gb  os_core.o [1]
OSIdleCtrRun            0x20004688     0x4  Data  Gb  os_core.o [1]
OSInit                  0x080051c5   0x11c  Code  Gb  os_core.o [1]
OSInitHookBegin         0x080065a1     0x2  Code  Gb  os_cpu_c.o [1]
OSInitHookEnd           0x080065a3     0x2  Code  Gb  os_cpu_c.o [1]
OSIntCtxSw              0x080067db          Code  Gb  os_cpu_a.o [1]
OSIntEnter              0x080052ed    0x16  Code  Gb  os_core.o [1]
OSIntExit               0x08005303    0x4a  Code  Gb  os_core.o [1]
OSIntNesting            0x2000466a     0x1  Data  Gb  os_core.o [1]
OSLockNesting           0x2000466b     0x1  Data  Gb  os_core.o [1]
OSPrioCur               0x2000466c     0x1  Data  Gb  os_core.o [1]
OSPrioHighRdy           0x2000466d     0x1  Data  Gb  os_core.o [1]
OSQFreeList             0x20005f98     0x4  Data  Gb  os_core.o [1]
OSQTbl                  0x20005bbc    0x78  Data  Gb  os_core.o [1]
OSRdyGrp                0x2000466e     0x1  Data  Gb  os_core.o [1]
OSRdyTbl                0x20004674     0x8  Data  Gb  os_core.o [1]
OSRunning               0x2000466f     0x1  Data  Gb  os_core.o [1]
OSSchedLock             0x0800534d    0x1e  Code  Gb  os_core.o [1]
OSSchedUnlock           0x08005375    0x2e  Code  Gb  os_core.o [1]
OSSemCreate             0x08006bb9    0x38  Code  Gb  os_sem.o [1]
OSSemPend               0x08006bf1    0xaa  Code  Gb  os_sem.o [1]
OSSemPost               0x08006cbf    0x4a  Code  Gb  os_sem.o [1]
OSStart                 0x080053a3    0x28  Code  Gb  os_core.o [1]
OSStartHighRdy          0x080067af          Code  Gb  os_cpu_a.o [1]
OSStatRdy               0x20004669     0x1  Data  Gb  os_core.o [1]
OSTCBCur                0x20004690     0x4  Data  Gb  os_core.o [1]
OSTCBFreeList           0x20004694     0x4  Data  Gb  os_core.o [1]
OSTCBHighRdy            0x20004698     0x4  Data  Gb  os_core.o [1]
OSTCBInitHook           0x080066f7     0x2  Code  Gb  os_cpu_c.o [1]
OSTCBList               0x2000469c     0x4  Data  Gb  os_core.o [1]
OSTCBPrioTbl            0x2000573c   0x100  Data  Gb  os_core.o [1]
OSTCBTbl                0x20004b6c   0x3f0  Data  Gb  os_core.o [1]
OSTaskCreate            0x08005821    0x82  Code  Gb  os_task.o [1]
OSTaskCreateExt         0x080058a3    0x94  Code  Gb  os_task.o [1]
OSTaskCreateHook        0x080065a5     0x2  Code  Gb  os_cpu_c.o [1]
OSTaskCtr               0x20004670     0x1  Data  Gb  os_core.o [1]
OSTaskDel               0x08005941    0xfa  Code  Gb  os_task.o [1]
OSTaskDelHook           0x080065a7     0x2  Code  Gb  os_cpu_c.o [1]
OSTaskIdleHook          0x080065a9     0x2  Code  Gb  os_cpu_c.o [1]
OSTaskIdleStk           0x2000496c   0x200  Data  Gb  os_core.o [1]
OSTaskNameSet           0x08005a41    0x40  Code  Gb  os_task.o [1]
OSTaskReturnHook        0x080066fb     0x2  Code  Gb  os_cpu_c.o [1]
OSTaskStatHook          0x080065ab     0x2  Code  Gb  os_cpu_c.o [1]
OSTaskStatStk           0x2000476c   0x200  Data  Gb  os_core.o [1]
OSTaskStkChk            0x08005a91    0x64  Code  Gb  os_task.o [1]
OSTaskStkInit           0x080065ad   0x144  Code  Gb  os_cpu_c.o [1]
OSTaskSuspend           0x08005af5    0x66  Code  Gb  os_task.o [1]
OSTaskSwHook            0x080066f5     0x2  Code  Gb  os_cpu_c.o [1]
OSTickStepState         0x20004671     0x1  Data  Gb  os_core.o [1]
OSTime                  0x200046a0     0x4  Data  Gb  os_core.o [1]
OSTimeDly               0x08005bbd    0x48  Code  Gb  os_time.o [1]
OSTimeTick              0x080053d3    0x8a  Code  Gb  os_core.o [1]
OSTimeTickHook          0x080066f9     0x2  Code  Gb  os_cpu_c.o [1]
OSUnMapTbl              0x08005720   0x100  Data  Gb  os_core.o [1]
OS_CPU_SR_Restore       0x080067a9          Code  Gb  os_cpu_a.o [1]
OS_CPU_SR_Save          0x080067a1          Code  Gb  os_cpu_a.o [1]
OS_Dummy                0x0800545d     0x2  Code  Gb  os_core.o [1]
OS_EventTaskRdy         0x0800545f    0x58  Code  Gb  os_core.o [1]
OS_EventTaskRemove      0x080054fd    0x1e  Code  Gb  os_core.o [1]
OS_EventTaskWait        0x080054b7    0x40  Code  Gb  os_core.o [1]
OS_EventWaitListInit    0x0800551b     0xc  Code  Gb  os_core.o [1]
OS_FlagInit             0x08006705    0x38  Code  Gb  os_flag.o [1]
OS_FlagUnlink           0x08006749    0x1e  Code  Gb  os_flag.o [1]
OS_MemClr               0x08005527     0xa  Code  Gb  os_core.o [1]
OS_QInit                0x08006769    0x2e  Code  Gb  os_q.o [1]
OS_Sched                0x08005531    0x38  Code  Gb  os_core.o [1]
OS_SchedNew()           0x08005571    0x18  Code  Lc  os_core.o [1]
OS_TCBInit              0x08005629    0xcc  Code  Gb  os_core.o [1]
OS_TaskIdle             0x08005589    0x18  Code  Gb  os_core.o [1]
OS_TaskReturn           0x08005b95    0x12  Code  Gb  os_task.o [1]
OS_TaskStat             0x080055a1    0x54  Code  Gb  os_core.o [1]
OS_TaskStatStkChk       0x080055f5    0x34  Code  Gb  os_core.o [1]
OS_TaskStkClr           0x08005ba7    0x14  Code  Gb  os_task.o [1]
OUTER_TASK_STK          0x20003668  0x1000  Data  Gb  scheduler.o [1]
PARAMERTER::PID_Para_Init()
                        0x08004969    0x8e  Code  Gb  parameter.o [1]
PARAMERTER::Para_Init()
                        0x08004909    0x60  Code  Gb  parameter.o [1]
PendSV_Handler          0x080067e9          Code  Gb  os_cpu_a.o [1]
Rc_Pwm_In               0x20005e20    0x10  Data  Gb  pwm.o [1]
Region$$Table$$Base     0x08008244           --   Gb  - Linker created -
Region$$Table$$Limit    0x08008268           --   Gb  - Linker created -
SHT$$INIT_ARRAY$$Base   0x080082f4           --   Gb  - Linker created -
SHT$$INIT_ARRAY$$Limit  0x08008304           --   Gb  - Linker created -
SHT$$PREINIT_ARRAY$$Base
                        0x080082f4           --   Gb  - Linker created -
SHT$$PREINIT_ARRAY$$Limit
                        0x080082f4           --   Gb  - Linker created -
SPI3_IRQHandler         0x080080e9    0x12  Code  Gb  stm32f4xx_it.o [1]
SPI_CheckFlag_BSY(__SPI_HandleTypeDef *, unsigned int, unsigned int)
                        0x08004307    0x20  Code  Lc  stm32f4xx_hal_spi.o [1]
SPI_DMAAbortOnError(__DMA_HandleTypeDef *)
                        0x08004271     0xc  Code  Lc  stm32f4xx_hal_spi.o [1]
SPI_DMAError(__DMA_HandleTypeDef *)
                        0x08004245    0x18  Code  Lc  stm32f4xx_hal_spi.o [1]
SPI_DMAHalfReceiveCplt(__DMA_HandleTypeDef *)
                        0x0800422d     0xa  Code  Lc  stm32f4xx_hal_spi.o [1]
SPI_DMAHalfTransmitReceiveCplt(__DMA_HandleTypeDef *)
                        0x08004239     0xa  Code  Lc  stm32f4xx_hal_spi.o [1]
SPI_DMAReceiveCplt(__DMA_HandleTypeDef *)
                        0x08004191    0x3c  Code  Lc  stm32f4xx_hal_spi.o [1]
SPI_DMATransmitReceiveCplt(__DMA_HandleTypeDef *)
                        0x080041d5    0x3a  Code  Lc  stm32f4xx_hal_spi.o [1]
SPI_WaitFlagStateUntilTimeout(__SPI_HandleTypeDef *, unsigned int, unsigned int, unsigned int, unsigned int)
                        0x0800427d    0x8a  Code  Lc  stm32f4xx_hal_spi.o [1]
START_TASK_STK          0x2000583c   0x100  Data  Gb  scheduler.o [1]
SVC_Handler             0x0800807b     0x2  Code  Gb  stm32f4xx_it.o [1]
Scheduler::Loop_check()
                        0x08006341    0x80  Code  Gb  scheduler.o [1]
Scheduler::check_flash_save()
                        0x08006551    0x16  Code  Gb  scheduler.o [1]
Scheduler::cycler_loop()
                        0x08006429    0x4a  Code  Gb  scheduler.o [1]
Scheduler::cyclest_Duty_1ms()
                        0x08006473    0x32  Code  Gb  scheduler.o [1]
Scheduler::cyclest_Duty_3ms()
                        0x080064a5    0x3c  Code  Gb  scheduler.o [1]
Scheduler::cyclest_Duty_50ms()
                        0x08006541    0x10  Code  Gb  scheduler.o [1]
Scheduler::cyclest_Duty_5ms()
                        0x080064e1    0x60  Code  Gb  scheduler.o [1]
Scheduler::cyclest_loop()
                        0x080063c1    0x68  Code  Gb  scheduler.o [1]
SetPwm(short *, short, short)
                        0x080015d5    0x68  Code  Gb  pwm.o [1]
SysTick_Handler         0x0800807f    0x2e  Code  Gb  stm32f4xx_it.o [1]
SystemClock_Config()    0x08003241    0xa6  Code  Gb  main.o [1]
SystemCoreClock         0x20000230     0x4  Data  Gb  system_stm32f4xx.o [1]
SystemInit              0x08008131    0x3a  Code  Gb  system_stm32f4xx.o [1]
TIM2_IRQHandler         0x080080bf     0x6  Code  Gb  stm32f4xx_it.o [1]
TIM3_IRQHandler         0x080080c5     0x6  Code  Gb  stm32f4xx_it.o [1]
TIM8_BRK_TIM12_IRQHandler
                        0x080080dd     0x6  Code  Gb  stm32f4xx_it.o [1]
TIM_Base_SetConfig      0x080023fb    0x90  Code  Gb  stm32f4xx_hal_tim.o [1]
TIM_CCxChannelCmd       0x08002545    0x18  Code  Gb  stm32f4xx_hal_tim.o [1]
TIM_OC1_SetConfig(TIM_TypeDef *, TIM_OC_InitTypeDef *)
                        0x0800255d    0x4a  Code  Lc  stm32f4xx_hal_tim.o [1]
TIM_OC2_SetConfig       0x080024f3    0x52  Code  Gb  stm32f4xx_hal_tim.o [1]
TIM_OC3_SetConfig(TIM_TypeDef *, TIM_OC_InitTypeDef *)
                        0x080025b3    0x56  Code  Lc  stm32f4xx_hal_tim.o [1]
TIM_OC4_SetConfig(TIM_TypeDef *, TIM_OC_InitTypeDef *)
                        0x0800260f    0x46  Code  Lc  stm32f4xx_hal_tim.o [1]
TIM_TI1_SetConfig       0x0800248d    0x66  Code  Gb  stm32f4xx_hal_tim.o [1]
TIM_TI2_SetConfig(TIM_TypeDef *, unsigned int, unsigned int, unsigned int)
                        0x08002681    0x34  Code  Lc  stm32f4xx_hal_tim.o [1]
To_180_degrees(float)   0x08001045    0x2c  Code  Gb  mymath.o [1]
UART_DMAAbortOnError(__DMA_HandleTypeDef *)
                        0x080037f9    0x10  Code  Lc  stm32f4xx_hal_uart.o [1]
UART_DMAError(__DMA_HandleTypeDef *)
                        0x08003781    0x48  Code  Lc  stm32f4xx_hal_uart.o [1]
UART_DMATransmitCplt(__DMA_HandleTypeDef *)
                        0x08003749    0x2c  Code  Lc  stm32f4xx_hal_uart.o [1]
UART_DMATxHalfCplt(__DMA_HandleTypeDef *)
                        0x08003775     0xa  Code  Lc  stm32f4xx_hal_uart.o [1]
UART_EndRxTransfer(UART_HandleTypeDef *)
                        0x080037db    0x1c  Code  Lc  stm32f4xx_hal_uart.o [1]
UART_EndTxTransfer(UART_HandleTypeDef *)
                        0x080037c9    0x12  Code  Lc  stm32f4xx_hal_uart.o [1]
UART_Receive_IT(UART_HandleTypeDef *)
                        0x08003809    0x7e  Code  Lc  stm32f4xx_hal_uart.o [1]
UART_SetConfig(UART_HandleTypeDef *)
                        0x08003895   0x13a  Code  Lc  stm32f4xx_hal_uart.o [1]
USART2_IRQHandler       0x080080cb    0x12  Code  Gb  stm32f4xx_it.o [1]
UsageFault_Handler      0x08008079     0x2  Code  Gb  stm32f4xx_it.o [1]
Vector3<float>::Vector3()
                        0x080014e9     0xa  Code  Gb  quaternion.o [1]
Vector3<float>::Vector3(float, float, float)
                        0x08007ddb     0xe  Code  Gb  vector3.o [1]
Vector3<short>::Vector3()
                        0x08006bad     0xa  Code  Gb  magnet.o [1]
__aeabi_d2f             0x08001545          Code  Gb  DblToFlt.o [4]
__aeabi_dmul            0x080018c1          Code  Gb  DblMul.o [4]
__aeabi_errno_addr      0x08008061     0x6  Code  Gb  errno.o [3]
__aeabi_f2d             0x080014f5          Code  Gb  FltToDbl.o [4]
__aeabi_i2d             0x08007de9          Code  Gb  I32ToDbl.o [4]
__aeabi_memclr          0x080066fd          Code  Gb  ABImemclr.o [5]
__aeabi_memclr4         0x080026b5          Code  Gb  ABImemclr4.o [5]
__call_ctors            0x08008289    0x18  Code  Gb  cppinit.o [3]
__cmain                 0x080082a1          Code  Gb  cmain.o [5]
__exit                  0x080082d1    0x14  Code  Gb  exit.o [6]
__iar_Errno             0x20000234     0x4  Data  Gb  errno.o [3]
__iar_FDtest            0x080014b1    0x30  Code  Gb  xfdtest.o [4]
__iar_Memset4_word      0x08002ae1          Code  Gb  ABImemset48.o [5]
__iar_Memset8_word      0x08002ae1          Code  Gb  ABImemset48.o [5]
__iar_Memset_word       0x08007d59          Code  Gb  ABImemset.o [5]
__iar_cstart_call_ctors
                        0x08008269    0x20  Code  Gb  cmain_call_ctors.o [5]
__iar_data_init3        0x080081f9    0x28  Code  Gb  data_init.o [5]
__iar_dlib_perthread_access
                        0x0800806d     0x2  Code  Gb  xtls.o [3]
__iar_edom              0x08008055          Code  Gb  iarEdom.o [5]
__iar_init_vfp          0x08008221          Code  Gb  fpinit_M.o [4]
__iar_packbits_init_single3
                        0x080081c1    0x38  Code  Gb  packbits_init_single.o [5]
__iar_program_start     0x08008305          Code  Gb  cstartup_M.o [5]
__iar_ui2d              0x08007dfd          Code  Gb  I32ToDbl.o [4]
__iar_unaligned___aeabi_memcpy4
                        0x08006255          Code  Gb  ABImemcpy_unaligned.o [5]
__iar_unaligned___aeabi_memcpy8
                        0x08006255          Code  Gb  ABImemcpy_unaligned.o [5]
__iar_xatanf            0x08007fb1          Code  Gb  xatanf.o [4]
__iar_zero_init3        0x08008181    0x40  Code  Gb  zero_init3.o [5]
__low_level_init        0x080082bb     0x4  Code  Gb  low_level_init.o [3]
__sti__routine          0x08004a51     0x8  Code  Lc  AHRS.o [1]
__sti__routine          0x08000189     0x8  Code  Lc  ctrl.o [1]
__sti__routine          0x08007771     0x8  Code  Lc  imu.o [1]
__sti__routine          0x08006d15     0x6  Code  Lc  magnet.o [1]
__vector_table          0x08000000          Data  Gb  startup_stm32f407xx.o [1]
_call_main              0x080082ad          Code  Gb  cmain.o [5]
_exit                   0x080082c5          Code  Gb  cexit.o [5]
_main                   0x080082b7          Code  Gb  cmain.o [5]
ahrs                    0x20004f5c   0x30c  Data  Gb  AHRS.o [1]
asinf                   0x08007f29          Code  Gb  asinf.o [4]
ctrl_s                  0x20005268   0x21c  Data  Gb  ctrl.o [1]
ctrl_t::ctrl_t()        0x08001a63    0x44  Code  Gb  ctrl.o [1]
cycler_task(void *)     0x080062c9    0x1c  Code  Gb  scheduler.o [1]
cyclest_task(void *)    0x080062ad    0x1c  Code  Gb  scheduler.o [1]
data_trans              0x20005b40    0x7c  Data  Gb  datatrans.o [1]
delay_init(unsigned char)
                        0x0800487d     0xa  Code  Gb  delay.o [1]
delay_ms(unsigned short)
                        0x080048bf    0x38  Code  Gb  delay.o [1]
delay_us(unsigned int)  0x08004887    0x38  Code  Gb  delay.o [1]
exit                    0x080082bf     0x4  Code  Gb  exit.o [3]
fac_ms                  0x20005f8a     0x2  Data  Lc  delay.o [1]
fac_us                  0x20005f88     0x1  Data  Lc  delay.o [1]
fast_atan2(float, float)
                        0x08000ead    0xf4  Code  Gb  mymath.o [1]
fast_atan_table         0x080010ac   0x404  Data  Lc  mymath.o [1]
flash_save              0x2000560c   0x130  Data  Gb  flash.o [1]
flash_save_para::ReadTheFLASH(unsigned int, unsigned char *, short)
                        0x08005d45    0x22  Code  Gb  flash.o [1]
flash_save_para::UpdateTheFLASH(unsigned int, unsigned char *, short)
                        0x08005cb3    0x92  Code  Gb  flash.o [1]
flash_save_para::flash_byte_to_float(unsigned char *, short, float *)
                        0x08005d67    0x26  Code  Gb  flash.o [1]
flash_save_para::flash_float_to_byte(unsigned char *, short, float *)
                        0x08005d8d    0x16  Code  Gb  flash.o [1]
flash_save_para::flash_read_parameters()
                        0x08005f85   0x1ea  Code  Gb  flash.o [1]
flash_save_para::flash_save_parameters()
                        0x08005da3   0x1dc  Code  Gb  flash.o [1]
hdma_spi3_rx            0x20005c98    0x60  Data  Gb  main.o [1]
hdma_spi3_tx            0x20005cf8    0x60  Data  Gb  main.o [1]
hdma_usart2_rx          0x20005d58    0x60  Data  Gb  main.o [1]
hdma_usart2_tx          0x20005db8    0x60  Data  Gb  main.o [1]
hlt_ctl                 0x20000000   0x230  Data  Gb  height_ctrl.o [1]
hspi3                   0x20005484    0x58  Data  Gb  main.o [1]
htim1                   0x20005ec0    0x3c  Data  Gb  main.o [1]
htim12                  0x200055d0    0x3c  Data  Gb  main.o [1]
htim2                   0x2000551c    0x3c  Data  Gb  main.o [1]
htim3                   0x20005558    0x3c  Data  Gb  main.o [1]
htim4                   0x20005594    0x3c  Data  Gb  main.o [1]
huart2                  0x200054dc    0x40  Data  Gb  main.o [1]
imu_dcm                 0x20005a24    0x90  Data  Gb  imu.o [1]
led                     0x20005f90     0x4  Data  Gb  led.o [1]
mag_s                   0x20005c34    0x64  Data  Gb  magnet.o [1]
main                    0x08002ffd   0x212  Code  Gb  main.o [1]
my_abs(float)           0x08000e9d    0x10  Code  Gb  mymath.o [1]
my_deathzoom(float, float)
                        0x08000ff1    0x2e  Code  Gb  mymath.o [1]
my_deathzoom_2(float, float)
                        0x08001021    0x1c  Code  Gb  mymath.o [1]
my_pow(float)           0x08000fab     0x2  Code  Gb  mymath.o [1]
my_sqrt(float)          0x08000fad    0x42  Code  Gb  mymath.o [1]
outer_task(void *)      0x080062e5     0x2  Code  Gb  scheduler.o [1]
pFlash                  0x20005f28    0x20  Data  Gb  stm32f4xx_hal_flash.o [1]
parameter               0x20005f9c     0x4  Data  Gb  parameter.o [1]
rc                      0x2000593c    0xe8  Data  Gb  rc.o [1]
ref_t::ref_t()          0x08007f85    0x2c  Code  Gb  imu.o [1]
scheduler               0x20000638    0x28  Data  Gb  scheduler.o [1]
sem_cycler              0x20000664     0x4  Data  Gb  scheduler.o [1]
sem_cyclest             0x20000660     0x4  Data  Gb  scheduler.o [1]
simpdelay()             0x08004a59     0xe  Code  Lc  AHRS.o [1]
simple_3d_trans(Vector3<float> *, Vector3<float> *, Vector3<float> *)
                        0x08007e55    0xd0  Code  Gb  filter.o [1]
start_task(void *)      0x080062e7    0x5a  Code  Gb  scheduler.o [1]
systime::Cycle_Time_Init()
                        0x08005183    0x16  Code  Gb  time.o [1]
systime::GetSysTime_us()
                        0x08005199    0x1a  Code  Gb  time.o [1]
systime::Get_Cycle_T(unsigned char)
                        0x08005151    0x32  Code  Gb  time.o [1]
systime::sys_time()     0x08005105    0x4c  Code  Gb  time.o [1]
time                    0x20005ab4    0x8c  Data  Gb  time.o [1]
uwTick                  0x20005fa0     0x4  Data  Gb  stm32f4xx_hal.o [1]


[1] = G:\STM32\Acopter\Acopter\EWARM\Acopter\Obj
[2] = command line
[3] = dl7M_tlf.a
[4] = m7M_tls.a
[5] = rt7M_tl.a
[6] = shb_l.a

  33 786 bytes of readonly  code memory
      72 bytes of readonly  data memory
  24 489 bytes of readwrite data memory

Errors: none
Warnings: none
