###############################################################################
#
# IAR ELF Linker V7.50.1.10123/W32 for ARM                04/Nov/2016  20:08:18
# Copyright 2007-2015 IAR Systems AB.
#
#    Output file  =  G:\STM32\Acopter\Acopter\EWARM\Acopter\Exe\Acopter.out
#    Map file     =  G:\STM32\Acopter\Acopter\EWARM\Acopter\List\Acopter.map
#    Command line =  
#        G:\STM32\Acopter\Acopter\EWARM\Acopter\Obj\AHRS.o
#        G:\STM32\Acopter\Acopter\EWARM\Acopter\Obj\baro.o
#        G:\STM32\Acopter\Acopter\EWARM\Acopter\Obj\ctrl.o
#        G:\STM32\Acopter\Acopter\EWARM\Acopter\Obj\datatrans.o
#        G:\STM32\Acopter\Acopter\EWARM\Acopter\Obj\delay.o
#        G:\STM32\Acopter\Acopter\EWARM\Acopter\Obj\filter.o
#        G:\STM32\Acopter\Acopter\EWARM\Acopter\Obj\flash.o
#        G:\STM32\Acopter\Acopter\EWARM\Acopter\Obj\gps.o
#        G:\STM32\Acopter\Acopter\EWARM\Acopter\Obj\height_ctrl.o
#        G:\STM32\Acopter\Acopter\EWARM\Acopter\Obj\i2c_soft.o
#        G:\STM32\Acopter\Acopter\EWARM\Acopter\Obj\imu.o
#        G:\STM32\Acopter\Acopter\EWARM\Acopter\Obj\init.o
#        G:\STM32\Acopter\Acopter\EWARM\Acopter\Obj\kalman.o
#        G:\STM32\Acopter\Acopter\EWARM\Acopter\Obj\led.o
#        G:\STM32\Acopter\Acopter\EWARM\Acopter\Obj\magnet.o
#        G:\STM32\Acopter\Acopter\EWARM\Acopter\Obj\main.o
#        G:\STM32\Acopter\Acopter\EWARM\Acopter\Obj\matrix3.o
#        G:\STM32\Acopter\Acopter\EWARM\Acopter\Obj\misc.o
#        G:\STM32\Acopter\Acopter\EWARM\Acopter\Obj\mymath.o
#        G:\STM32\Acopter\Acopter\EWARM\Acopter\Obj\os_core.o
#        G:\STM32\Acopter\Acopter\EWARM\Acopter\Obj\os_cpu_a.o
#        G:\STM32\Acopter\Acopter\EWARM\Acopter\Obj\os_cpu_c.o
#        G:\STM32\Acopter\Acopter\EWARM\Acopter\Obj\os_dbg.o
#        G:\STM32\Acopter\Acopter\EWARM\Acopter\Obj\os_flag.o
#        G:\STM32\Acopter\Acopter\EWARM\Acopter\Obj\os_mbox.o
#        G:\STM32\Acopter\Acopter\EWARM\Acopter\Obj\os_mem.o
#        G:\STM32\Acopter\Acopter\EWARM\Acopter\Obj\os_mutex.o
#        G:\STM32\Acopter\Acopter\EWARM\Acopter\Obj\os_q.o
#        G:\STM32\Acopter\Acopter\EWARM\Acopter\Obj\os_sem.o
#        G:\STM32\Acopter\Acopter\EWARM\Acopter\Obj\os_task.o
#        G:\STM32\Acopter\Acopter\EWARM\Acopter\Obj\os_time.o
#        G:\STM32\Acopter\Acopter\EWARM\Acopter\Obj\os_tmr.o
#        G:\STM32\Acopter\Acopter\EWARM\Acopter\Obj\parameter.o
#        G:\STM32\Acopter\Acopter\EWARM\Acopter\Obj\pwm.o
#        G:\STM32\Acopter\Acopter\EWARM\Acopter\Obj\quaternion.o
#        G:\STM32\Acopter\Acopter\EWARM\Acopter\Obj\rc.o
#        G:\STM32\Acopter\Acopter\EWARM\Acopter\Obj\scheduler.o
#        G:\STM32\Acopter\Acopter\EWARM\Acopter\Obj\sonar.o
#        G:\STM32\Acopter\Acopter\EWARM\Acopter\Obj\startup_stm32f407xx.o
#        G:\STM32\Acopter\Acopter\EWARM\Acopter\Obj\stm32f4xx_hal.o
#        G:\STM32\Acopter\Acopter\EWARM\Acopter\Obj\stm32f4xx_hal_cortex.o
#        G:\STM32\Acopter\Acopter\EWARM\Acopter\Obj\stm32f4xx_hal_dma.o
#        G:\STM32\Acopter\Acopter\EWARM\Acopter\Obj\stm32f4xx_hal_dma_ex.o
#        G:\STM32\Acopter\Acopter\EWARM\Acopter\Obj\stm32f4xx_hal_flash.o
#        G:\STM32\Acopter\Acopter\EWARM\Acopter\Obj\stm32f4xx_hal_flash_ex.o
#        G:\STM32\Acopter\Acopter\EWARM\Acopter\Obj\stm32f4xx_hal_flash_ramfunc.o
#        G:\STM32\Acopter\Acopter\EWARM\Acopter\Obj\stm32f4xx_hal_gpio.o
#        G:\STM32\Acopter\Acopter\EWARM\Acopter\Obj\stm32f4xx_hal_msp.o
#        G:\STM32\Acopter\Acopter\EWARM\Acopter\Obj\stm32f4xx_hal_pwr.o
#        G:\STM32\Acopter\Acopter\EWARM\Acopter\Obj\stm32f4xx_hal_pwr_ex.o
#        G:\STM32\Acopter\Acopter\EWARM\Acopter\Obj\stm32f4xx_hal_rcc.o
#        G:\STM32\Acopter\Acopter\EWARM\Acopter\Obj\stm32f4xx_hal_rcc_ex.o
#        G:\STM32\Acopter\Acopter\EWARM\Acopter\Obj\stm32f4xx_hal_spi.o
#        G:\STM32\Acopter\Acopter\EWARM\Acopter\Obj\stm32f4xx_hal_tim.o
#        G:\STM32\Acopter\Acopter\EWARM\Acopter\Obj\stm32f4xx_hal_tim_ex.o
#        G:\STM32\Acopter\Acopter\EWARM\Acopter\Obj\stm32f4xx_hal_uart.o
#        G:\STM32\Acopter\Acopter\EWARM\Acopter\Obj\stm32f4xx_it.o
#        G:\STM32\Acopter\Acopter\EWARM\Acopter\Obj\system_stm32f4xx.o
#        G:\STM32\Acopter\Acopter\EWARM\Acopter\Obj\time.o
#        G:\STM32\Acopter\Acopter\EWARM\Acopter\Obj\vector3.o --redirect
#        _Printf=_PrintfFull --redirect _Scanf=_ScanfFull -o
#        G:\STM32\Acopter\Acopter\EWARM\Acopter\Exe\Acopter.out --map
#        G:\STM32\Acopter\Acopter\EWARM\Acopter\List\Acopter.map --config
#        G:\STM32\Acopter\Acopter\EWARM/stm32f407xx_flash.icf --semihosting
#        --entry __iar_program_start --vfe
#
###############################################################################

*******************************************************************************
*** RUNTIME MODEL ATTRIBUTES
***

CppFlavor                     = *
__CPP_Language                = EC++
__Heap_Handler                = Basic
__SystemLibrary               = DLib
__dlib_dynamic_initialization = normal


*******************************************************************************
*** PLACEMENT SUMMARY
***

"A1":  place at 0x08000000 { ro section .intvec };
"P1":  place in [from 0x08000000 to 0x080fffff] { ro };
"P2":  place in [from 0x20000000 to 0x2001ffff] { rw, block CSTACK, block HEAP };

  Section             Kind        Address    Size  Object
  -------             ----        -------    ----  ------
"A1":                                       0x188
  .intvec             ro code  0x08000000   0x188  startup_stm32f407xx.o [1]
                             - 0x08000188   0x188

"P1":                                      0x973a
  .text               ro code  0x08000188   0xcd8  ctrl.o [1]
  .text               ro code  0x08000e60    0x60  ctrl.o [1]
  .text               ro code  0x08000ec0   0x614  mymath.o [1]
  .text               ro code  0x080014d4    0x38  xfdtest.o [5]
  .text               ro code  0x0800150c     0xa  quaternion.o [1]
  .text               ro code  0x08001518   0x654  height_ctrl.o [1]
  .text               ro code  0x08001b6c    0x4e  FltToDbl.o [5]
  .text               ro code  0x08001bbc    0x90  DblToFlt.o [5]
  .text               ro code  0x08001c4c   0x2f0  pwm.o [1]
  .text               ro code  0x08001f3c   0x1a2  DblMul.o [5]
  .text               ro code  0x080020de    0x44  ctrl.o [1]
  .text               ro code  0x08002124    0xe8  DblAdd.o [5]
  .text               ro code  0x0800220c   0x354  rc.o [1]
  .text               ro code  0x08002560   0x1f4  stm32f4xx_hal_gpio.o [1]
  .text               ro code  0x08002754   0x71c  stm32f4xx_hal_tim.o [1]
  .text               ro code  0x08002e70   0x16c  DblSub.o [5]
  .text               ro code  0x08002fdc     0x6  ABImemclr4.o [6]
  .text               ro code  0x08002fe4   0x390  stm32f4xx_hal_msp.o [1]
  .text               ro code  0x08003374    0x8e  stm32f4xx_hal_tim_ex.o [1]
  .text               ro code  0x08003404    0x32  ABImemset48.o [6]
  .text               ro code  0x08003438    0xe2  stm32f4xx_hal_cortex.o [1]
  .text               ro code  0x0800351c   0x404  stm32f4xx_hal_dma.o [1]
  .text               ro code  0x08003920   0x4bc  main.o [1]
  .text               ro code  0x08003ddc    0x70  stm32f4xx_hal.o [1]
  .text               ro code  0x08003e4c   0x50e  stm32f4xx_hal_uart.o [1]
  .text               ro code  0x0800435c   0x92c  stm32f4xx_hal_spi.o [1]
  .text               ro code  0x08004c88   0x114  init.o [1]
  .text               ro code  0x08004d9c   0x434  stm32f4xx_hal_rcc.o [1]
  .text               ro code  0x080051d0   0x6cc  AHRS.o [1]
  .text               ro code  0x0800589c    0x8c  delay.o [1]
  .text               ro code  0x08005928   0x148  parameter.o [1]
  .text               ro code  0x08005a70   0x3c8  baro.o [1]
  .text               ro code  0x08005e38    0xc0  time.o [1]
  .text               ro code  0x08005ef8   0x65c  os_core.o [1]
  .text               ro code  0x08006554   0x39a  os_task.o [1]
  .text               ro code  0x080068ee    0x44  AHRS.o [1]
  .text               ro code  0x08006934    0x56  ABImemcpy_unaligned.o [6]
  .text               ro code  0x0800698c    0x5c  os_time.o [1]
  .text               ro code  0x080069e8   0x5ae  flash.o [1]
  .text               ro code  0x08006f96    0x16  baro.o [1]
  .text               ro code  0x08006fac     0xa  cxxabi.o [4]
  .text               ro code  0x08006fb8   0x230  i2c_soft.o [1]
  .text               ro code  0x080071e8    0x62  I64ToFlt.o [5]
  .text               ro code  0x0800724a   0x126  kalman.o [1]
  .text               ro code  0x08007370   0x330  scheduler.o [1]
  .text               ro code  0x080076a0   0x15c  os_cpu_c.o [1]
  .text               ro code  0x080077fc     0x6  ABImemclr.o [6]
  .text               ro code  0x08007804    0x62  os_flag.o [1]
  .text               ro code  0x08007868    0x38  os_q.o [1]
  CODE                ro code  0x080078a0    0xc8  os_cpu_a.o [1]
  .text               ro code  0x08007968     0xa  magnet.o [1]
  .text               ro code  0x08007974   0x1e8  stm32f4xx_hal_flash.o [1]
  .text               ro code  0x08007b5c   0x15c  stm32f4xx_hal_flash_ex.o [1]
  .text               ro code  0x08007cb8    0xac  baro.o [1]
  .text               ro code  0x08007d64    0x38  baro.o [1]
  .text               ro code  0x08007d9c    0x94  cppinit.o [3]
  .text               ro code  0x08007e30   0x15c  os_sem.o [1]
  .text               ro code  0x08007f8c   0x330  magnet.o [1]
  .text               ro code  0x080082bc   0x810  datatrans.o [1]
  .text               ro code  0x08008acc   0x582  imu.o [1]
  .text               ro code  0x08009050    0xa4  led.o [1]
  .text               ro code  0x080090f4    0x5e  ABImemset.o [6]
  .text               ro code  0x08009154    0x18  kalman.o [1]
  .text               ro code  0x0800916c    0x14  kalman.o [1]
  .text               ro code  0x08009180    0x14  kalman.o [1]
  .text               ro code  0x08009194    0x10  kalman.o [1]
  .text               ro code  0x080091a4    0x14  kalman.o [1]
  .text               ro code  0x080091b8    0x26  baro.o [1]
  .text               ro code  0x080091de     0xc  kalman.o [1]
  .text               ro code  0x080091ea     0xc  kalman.o [1]
  .text               ro code  0x080091f6    0x24  magnet.o [1]
  .text               ro code  0x0800921a     0xe  vector3.o [1]
  .text               ro code  0x08009228    0x2c  I32ToDbl.o [5]
  .text               ro code  0x08009254    0x40  imu.o [1]
  .text               ro code  0x08009294    0xd4  filter.o [1]
  .text               ro code  0x08009368    0x5c  asinf.o [5]
  .text               ro code  0x080093c4    0x2c  imu.o [1]
  .text               ro code  0x080093f0    0xa4  xatanf.o [5]
  .text               ro code  0x08009494     0xc  iarEdom.o [6]
  .text               ro code  0x080094a0     0xc  errno.o [3]
  .text               ro code  0x080094ac     0x2  xtls.o [3]
  .text               ro code  0x080094b0    0xb0  stm32f4xx_it.o [1]
  .text               ro code  0x08009560    0x50  system_stm32f4xx.o [1]
  .text               ro code  0x080095b0    0x40  zero_init3.o [6]
  .text               ro code  0x080095f0    0x38  packbits_init_single.o [6]
  .text               ro code  0x08009628    0x28  data_init.o [6]
  .text               ro code  0x08009650    0x22  fpinit_M.o [5]
  .iar.init_table     const    0x08009674    0x24  - Linker created -
  .text               ro code  0x08009698    0x20  cmain_call_ctors.o [6]
  .text               ro code  0x080096b8    0x1a  cmain.o [6]
  .text               ro code  0x080096d2     0x4  low_level_init.o [3]
  .text               ro code  0x080096d6     0x4  exit.o [3]
  .text               ro code  0x080096dc     0xe  cexit.o [6]
  .text               ro code  0x080096ec    0x14  exit.o [7]
  SHT$$PREINIT_ARRAY           0x08009700     0x0  <Block>
  SHT$$INIT_ARRAY              0x08009700    0x14  <Block>
    .init_array       const    0x08009700     0x4  AHRS.o [1]
    .init_array       const    0x08009704     0x4  baro.o [1]
    .init_array       const    0x08009708     0x4  ctrl.o [1]
    .init_array       const    0x0800970c     0x4  imu.o [1]
    .init_array       const    0x08009710     0x4  magnet.o [1]
  .rodata             const    0x08009714    0x10  kalman.o [1]
  .rodata             const    0x08009724    0x10  kalman.o [1]
  .rodata             const    0x08009734    0x10  kalman.o [1]
  .rodata             const    0x08009744    0x10  kalman.o [1]
  .rodata             const    0x08009754    0x10  kalman.o [1]
  .text               ro code  0x08009764    0x10  startup_stm32f407xx.o [1]
  .text               ro code  0x08009774     0xe  baro.o [1]
  .text               ro code  0x08009782     0x2  baro.o [1]
  .text               ro code  0x08009784     0xc  cstartup_M.o [6]
  .text               ro code  0x08009790     0x4  startup_stm32f407xx.o [1]
  .text               ro code  0x08009794     0x4  startup_stm32f407xx.o [1]
  .text               ro code  0x08009798     0x4  startup_stm32f407xx.o [1]
  .text               ro code  0x0800979c     0x4  startup_stm32f407xx.o [1]
  .text               ro code  0x080097a0     0x4  startup_stm32f407xx.o [1]
  .text               ro code  0x080097a4     0x4  startup_stm32f407xx.o [1]
  .text               ro code  0x080097a8     0x4  startup_stm32f407xx.o [1]
  .text               ro code  0x080097ac     0x4  startup_stm32f407xx.o [1]
  .text               ro code  0x080097b0     0x4  startup_stm32f407xx.o [1]
  .text               ro code  0x080097b4     0x4  startup_stm32f407xx.o [1]
  .text               ro code  0x080097b8     0x4  startup_stm32f407xx.o [1]
  .text               ro code  0x080097bc     0x4  startup_stm32f407xx.o [1]
  .text               ro code  0x080097c0     0x4  startup_stm32f407xx.o [1]
  .text               ro code  0x080097c4     0x4  startup_stm32f407xx.o [1]
  .text               ro code  0x080097c8     0x4  startup_stm32f407xx.o [1]
  .text               ro code  0x080097cc     0x4  startup_stm32f407xx.o [1]
  .text               ro code  0x080097d0     0x4  startup_stm32f407xx.o [1]
  .text               ro code  0x080097d4     0x4  startup_stm32f407xx.o [1]
  .text               ro code  0x080097d8     0x4  startup_stm32f407xx.o [1]
  .text               ro code  0x080097dc     0x4  startup_stm32f407xx.o [1]
  .text               ro code  0x080097e0     0x4  startup_stm32f407xx.o [1]
  .text               ro code  0x080097e4     0x4  startup_stm32f407xx.o [1]
  .text               ro code  0x080097e8     0x4  startup_stm32f407xx.o [1]
  .text               ro code  0x080097ec     0x4  startup_stm32f407xx.o [1]
  .text               ro code  0x080097f0     0x4  startup_stm32f407xx.o [1]
  .text               ro code  0x080097f4     0x4  startup_stm32f407xx.o [1]
  .text               ro code  0x080097f8     0x4  startup_stm32f407xx.o [1]
  .text               ro code  0x080097fc     0x4  startup_stm32f407xx.o [1]
  .text               ro code  0x08009800     0x4  startup_stm32f407xx.o [1]
  .text               ro code  0x08009804     0x4  startup_stm32f407xx.o [1]
  .text               ro code  0x08009808     0x4  startup_stm32f407xx.o [1]
  .text               ro code  0x0800980c     0x4  startup_stm32f407xx.o [1]
  .text               ro code  0x08009810     0x4  startup_stm32f407xx.o [1]
  .text               ro code  0x08009814     0x4  startup_stm32f407xx.o [1]
  .text               ro code  0x08009818     0x4  startup_stm32f407xx.o [1]
  .text               ro code  0x0800981c     0x4  startup_stm32f407xx.o [1]
  .text               ro code  0x08009820     0x4  startup_stm32f407xx.o [1]
  .text               ro code  0x08009824     0x4  startup_stm32f407xx.o [1]
  .text               ro code  0x08009828     0x4  startup_stm32f407xx.o [1]
  .text               ro code  0x0800982c     0x4  startup_stm32f407xx.o [1]
  .text               ro code  0x08009830     0x4  startup_stm32f407xx.o [1]
  .text               ro code  0x08009834     0x4  startup_stm32f407xx.o [1]
  .text               ro code  0x08009838     0x4  startup_stm32f407xx.o [1]
  .text               ro code  0x0800983c     0x4  startup_stm32f407xx.o [1]
  .text               ro code  0x08009840     0x4  startup_stm32f407xx.o [1]
  .text               ro code  0x08009844     0x4  startup_stm32f407xx.o [1]
  .text               ro code  0x08009848     0x4  startup_stm32f407xx.o [1]
  .text               ro code  0x0800984c     0x4  startup_stm32f407xx.o [1]
  .text               ro code  0x08009850     0x4  startup_stm32f407xx.o [1]
  .text               ro code  0x08009854     0x4  startup_stm32f407xx.o [1]
  .text               ro code  0x08009858     0x4  startup_stm32f407xx.o [1]
  .text               ro code  0x0800985c     0x4  startup_stm32f407xx.o [1]
  .text               ro code  0x08009860     0x4  startup_stm32f407xx.o [1]
  .text               ro code  0x08009864     0x4  startup_stm32f407xx.o [1]
  .text               ro code  0x08009868     0x4  startup_stm32f407xx.o [1]
  .text               ro code  0x0800986c     0x4  startup_stm32f407xx.o [1]
  .text               ro code  0x08009870     0x4  startup_stm32f407xx.o [1]
  .text               ro code  0x08009874     0x4  startup_stm32f407xx.o [1]
  .text               ro code  0x08009878     0x4  startup_stm32f407xx.o [1]
  .text               ro code  0x0800987c     0x4  startup_stm32f407xx.o [1]
  .text               ro code  0x08009880     0x4  startup_stm32f407xx.o [1]
  .text               ro code  0x08009884     0x4  startup_stm32f407xx.o [1]
  .text               ro code  0x08009888     0x4  startup_stm32f407xx.o [1]
  .text               ro code  0x0800988c     0x4  startup_stm32f407xx.o [1]
  .text               ro code  0x08009890     0x4  startup_stm32f407xx.o [1]
  .text               ro code  0x08009894     0x4  startup_stm32f407xx.o [1]
  .text               ro code  0x08009898     0x4  startup_stm32f407xx.o [1]
  .text               ro code  0x0800989c     0x4  startup_stm32f407xx.o [1]
  .text               ro code  0x080098a0     0x4  startup_stm32f407xx.o [1]
  .text               ro code  0x080098a4     0x4  startup_stm32f407xx.o [1]
  .text               ro code  0x080098a8     0x4  startup_stm32f407xx.o [1]
  .text               ro code  0x080098ac     0x4  startup_stm32f407xx.o [1]
  .text               ro code  0x080098b0     0x0  cstart_call_dtors.o [6]
  .rodata             const    0x080098b0     0x0  zero_init3.o [6]
  .rodata             const    0x080098b0     0x0  packbits_init_single.o [6]
  Initializer bytes   const    0x080098b0    0x12  <for P2-1>
                             - 0x080098c2  0x973a

"P2", part 1 of 3:                          0x244
  P2-1                         0x20000000   0x244  <Init block>
    .data             inited   0x20000000   0x23c  height_ctrl.o [1]
    .data             inited   0x2000023c     0x4  system_stm32f4xx.o [1]
    __DLIB_PERTHREAD  inited   0x20000240     0x4  errno.o [3]
                             - 0x20000244   0x244

"P2", part 2 of 3:                          0x58c
  .iar.dynexit                 0x20000244   0x18c  <Block>
    .iar.dynexit      uninit   0x20000244     0xc  cppinit.o [3]
    .iar.dynexit      uninit   0x20000250   0x180  <Block tail>
  CSTACK                       0x200003d0   0x400  <Block>
    CSTACK            uninit   0x200003d0   0x400  <Block tail>
                             - 0x200007d0   0x58c

"P2", part 3 of 3:                         0x5d18
  .bss                zero     0x200007d0  0x4030  scheduler.o [1]
  .bss                zero     0x20004800   0x8f4  os_core.o [1]
  .bss                zero     0x200050f4   0x350  AHRS.o [1]
  .bss                zero     0x20005444   0x21c  ctrl.o [1]
  .bss                zero     0x20005660   0x1e8  baro.o [1]
  .bss                zero     0x20005848   0x188  main.o [1]
  .bss                zero     0x200059d0   0x158  filter.o [1]
  .bss                zero     0x20005b28   0x130  flash.o [1]
  .bss                zero     0x20005c58   0x100  os_core.o [1]
  .bss                zero     0x20005d58   0x100  scheduler.o [1]
  .bss                zero     0x20005e58    0xe8  rc.o [1]
  .bss                zero     0x20005f40    0x90  imu.o [1]
  .bss                zero     0x20005fd0    0x8c  time.o [1]
  .bss                zero     0x2000605c    0x7c  datatrans.o [1]
  .bss                zero     0x200060d8    0x78  os_core.o [1]
  .bss                zero     0x20006150    0x64  magnet.o [1]
  .bss                zero     0x200061b4    0x60  main.o [1]
  .bss                zero     0x20006214    0x60  main.o [1]
  .bss                zero     0x20006274    0x60  main.o [1]
  .bss                zero     0x200062d4    0x60  main.o [1]
  .bss                zero     0x20006334    0x58  pwm.o [1]
  .bss                zero     0x2000638c    0x50  os_core.o [1]
  .bss                zero     0x200063dc    0x3c  main.o [1]
  .bss                zero     0x20006418    0x2c  magnet.o [1]
  .bss                zero     0x20006444    0x20  stm32f4xx_hal_flash.o [1]
  .bss                zero     0x20006464    0x14  flash.o [1]
  .bss                zero     0x20006478    0x14  imu.o [1]
  .bss                zero     0x2000648c    0x10  rc.o [1]
  .bss                zero     0x2000649c     0x8  height_ctrl.o [1]
  .bss                zero     0x200064a4     0x4  AHRS.o [1]
  .bss                zero     0x200064a8     0x4  baro.o [1]
  .bss                zero     0x200064ac     0x4  ctrl.o [1]
  .bss                zero     0x200064b0     0x4  delay.o [1]
  .bss                zero     0x200064b4     0x4  filter.o [1]
  .bss                zero     0x200064b8     0x4  height_ctrl.o [1]
  .bss                zero     0x200064bc     0x4  height_ctrl.o [1]
  .bss                zero     0x200064c0     0x4  i2c_soft.o [1]
  .bss                zero     0x200064c4     0x4  led.o [1]
  .bss                zero     0x200064c8     0x4  os_core.o [1]
  .bss                zero     0x200064cc     0x4  os_core.o [1]
  .bss                zero     0x200064d0     0x4  parameter.o [1]
  .bss                zero     0x200064d4     0x4  stm32f4xx_hal.o [1]
  .bss                zero     0x200064d8     0x4  cppinit.o [3]
  .bss                zero     0x200064dc     0x4  cppinit.o [3]
  .bss                zero     0x200064e0     0x3  datatrans.o [1]
  .bss                zero     0x200064e3     0x1  baro.o [1]
  .bss                zero     0x200064e4     0x1  init.o [1]
  .bss                zero     0x200064e5     0x1  magnet.o [1]
                             - 0x200064e6  0x5d16


*******************************************************************************
*** INIT TABLE
***

          Address     Size
          -------     ----
Zero (__iar_zero_init3)
    1 destination range, total size 0x5d16:
          0x200007d0  0x5d16

Copy/packbits (__iar_packbits_init_single3)
    1 source range, total size 0x12 (3% of destination):
          0x080098b0    0x12
    1 destination range, total size 0x244:
          0x20000000   0x244

Extra (__iar_cstart_call_ctors)



*******************************************************************************
*** MODULE SUMMARY
***

    Module                    ro code  ro data  rw data
    ------                    -------  -------  -------
G:\STM32\Acopter\Acopter\EWARM\Acopter\Obj: [1]
    AHRS.o                      1 808        4      852
    baro.o                      1 272        4      493
    ctrl.o                      3 452        4      544
    datatrans.o                 2 064               127
    delay.o                       140                 4
    filter.o                      212               348
    flash.o                     1 454               324
    height_ctrl.o               1 620       17      588
    i2c_soft.o                    560                 4
    imu.o                       1 518        4      164
    init.o                        276                 1
    kalman.o                      418       80
    led.o                         164                 4
    magnet.o                      862        4      145
    main.o                      1 212               836
    mymath.o                    1 556
    os_core.o                   1 628             2 756
    os_cpu_a.o                    200
    os_cpu_c.o                    348
    os_flag.o                      98
    os_q.o                         56
    os_sem.o                      348
    os_task.o                     922
    os_time.o                      92
    parameter.o                   328                 4
    pwm.o                         752                88
    quaternion.o                   10
    rc.o                          852               248
    scheduler.o                   816            16 688
    startup_stm32f407xx.o         696
    stm32f4xx_hal.o               112                 4
    stm32f4xx_hal_cortex.o        226
    stm32f4xx_hal_dma.o         1 028
    stm32f4xx_hal_flash.o         488                32
    stm32f4xx_hal_flash_ex.o      348
    stm32f4xx_hal_gpio.o          500
    stm32f4xx_hal_msp.o           912
    stm32f4xx_hal_rcc.o         1 076
    stm32f4xx_hal_spi.o         2 348
    stm32f4xx_hal_tim.o         1 820
    stm32f4xx_hal_tim_ex.o        142
    stm32f4xx_hal_uart.o        1 294
    stm32f4xx_it.o                176
    system_stm32f4xx.o             80                 4
    time.o                        192               140
    vector3.o                      14
    ---------------------------------------------------
    Total:                     36 490      117   24 398

command line: [2]
    ---------------------------------------------------
    Total:

dl7M_tlf.a: [3]
    cppinit.o                     148                20
    errno.o                        12        1        4
    exit.o                          4
    low_level_init.o                4
    xtls.o                          2
    ---------------------------------------------------
    Total:                        170        1       24

dlpp7M_tl_fe.a: [4]
    cxxabi.o                       10
    ---------------------------------------------------
    Total:                         10

m7M_tls.a: [5]
    DblAdd.o                      232
    DblMul.o                      418
    DblSub.o                      364
    DblToFlt.o                    144
    FltToDbl.o                     78
    I32ToDbl.o                     44
    I64ToFlt.o                     98
    asinf.o                        92
    fpinit_M.o                     34
    xatanf.o                      164
    xfdtest.o                      56
    ---------------------------------------------------
    Total:                      1 724

rt7M_tl.a: [6]
    ABImemclr.o                     6
    ABImemclr4.o                    6
    ABImemcpy_unaligned.o          86
    ABImemset.o                    94
    ABImemset48.o                  50
    cexit.o                        14
    cmain.o                        26
    cmain_call_ctors.o             32
    cstart_call_dtors.o
    cstartup_M.o                   12
    data_init.o                    40
    iarEdom.o                      12
    packbits_init_single.o         56
    zero_init3.o                   64
    ---------------------------------------------------
    Total:                        498

shb_l.a: [7]
    exit.o                         20
    ---------------------------------------------------
    Total:                         20

    Gaps                           38        2
    Linker created                          36    1 408
-------------------------------------------------------
    Grand Total:               38 950      156   25 830


*******************************************************************************
*** ENTRY LIST
***

Entry                      Address    Size  Type      Object
-----                      -------    ----  ----      ------
.iar.dynexit$$Base      0x20000244           --   Gb  - Linker created -
.iar.dynexit$$Limit     0x200003d0           --   Gb  - Linker created -
.iar.init_table$$Base   0x08009674           --   Gb  - Linker created -
.iar.init_table$$Limit  0x08009698           --   Gb  - Linker created -
?main                   0x080096b9          Code  Gb  cmain.o [6]
AHRS_S::AHRS_S()        0x080068ef    0x44  Code  Gb  AHRS.o [1]
AHRS_S::MPU9250_Check()
                        0x08005379    0xac  Code  Gb  AHRS.o [1]
AHRS_S::MPU9250_Init(__SPI_HandleTypeDef *)
                        0x08005343    0x36  Code  Gb  AHRS.o [1]
AHRS_S::MPU_READ_INITIAL_DATA()
                        0x08005431    0x50  Code  Gb  AHRS.o [1]
AHRS_S::Transform(float, float, float, float *, float *, float *)
                        0x080054a9     0xe  Code  Gb  AHRS.o [1]
AHRS_S::ahrs_Data_Offset()
                        0x080054b9   0x102  Code  Gb  AHRS.o [1]
AHRS_S::ahrs_Data_Prepare(float)
                        0x080055bb   0x13e  Code  Gb  AHRS.o [1]
AHRS_S::ahrs_data_filt(float)
                        0x08005705   0x160  Code  Gb  AHRS.o [1]
AHRS_S::initial_data_filed()
                        0x08005497    0x12  Code  Gb  AHRS.o [1]
APBAHBPrescTable        0x080051c0    0x10  Data  Lc  stm32f4xx_hal_rcc.o [1]
Acopter_RC::CH_Mapping_Fun(unsigned short *, unsigned short *)
                        0x0800220d    0x1c  Code  Gb  rc.o [1]
Acopter_RC::Feed_Rc_Dog(unsigned char)
                        0x080024bd     0xa  Code  Gb  rc.o [1]
Acopter_RC::Fly_Ready(float)
                        0x0800240d    0xa6  Code  Gb  rc.o [1]
Acopter_RC::RC_Duty(float, unsigned short *)
                        0x08002229   0x1e2  Code  Gb  rc.o [1]
Acopter_RC::mode_switch()
                        0x080024c9    0x2e  Code  Gb  rc.o [1]
All_Init()              0x08004c89    0xca  Code  Gb  init.o [1]
BARO::BARO()            0x08006f97    0x16  Code  Gb  baro.o [1]
BARO::MS5611_BaroAltCalculate()
                        0x08005b69   0x1b2  Code  Gb  baro.o [1]
BARO::MS5611_Init()     0x08005b09    0x2e  Code  Gb  baro.o [1]
BARO::MS5611_Read_Adc_P()
                        0x08005ae1     0x6  Code  Gb  baro.o [1]
BARO::MS5611_Read_Adc_T()
                        0x08005ad9     0x8  Code  Gb  baro.o [1]
BARO::MS5611_Read_Prom()
                        0x08005a8b    0x4e  Code  Gb  baro.o [1]
BARO::MS5611_Reset()    0x08005a85     0x6  Code  Gb  baro.o [1]
BARO::MS5611_Start_P()  0x08005b03     0x6  Code  Gb  baro.o [1]
BARO::MS5611_Start_T()  0x08005af7     0x4  Code  Gb  baro.o [1]
BARO::MS5611_Update()   0x08005b37    0x32  Code  Gb  baro.o [1]
BARO::call_offset()     0x08005df9    0x40  Code  Gb  baro.o [1]
BARO::height_speed_filter(float)
                        0x08005d1d    0x96  Code  Gb  baro.o [1]
BARO::~BARO()           0x08009775     0xe  Code  Gb  baro.o [1]
BusFault_Handler        0x080094b7     0x2  Code  Gb  stm32f4xx_it.o [1]
CH_DIR                  0x08002548     0x8  Data  Lc  rc.o [1]
CH_in_Mapping           0x08002550    0x10  Data  Lc  rc.o [1]
CSTACK$$Base            0x200003d0           --   Gb  - Linker created -
CSTACK$$Limit           0x200007d0           --   Gb  - Linker created -
CTRL_S::All_Out(float, float, float)
                        0x08000b19   0x298  Code  Gb  ctrl.o [1]
CTRL_S::CTRL_1(float)   0x080005a5   0x452  Code  Gb  ctrl.o [1]
CTRL_S::CTRL_2(float)   0x080001ad   0x3cc  Code  Gb  ctrl.o [1]
CTRL_S::CTRL_S()        0x08000e61    0x60  Code  Gb  ctrl.o [1]
CTRL_S::Ctrl_Para_Init()
                        0x08000191    0x1a  Code  Gb  ctrl.o [1]
CTRL_S::Thr_Ctrl(float)
                        0x08000a41    0xb8  Code  Gb  ctrl.o [1]
CYCLER_TASK_STK         0x20002800  0x1000  Data  Gb  scheduler.o [1]
CYCLEST_TASK_STK        0x20000800  0x2000  Data  Gb  scheduler.o [1]
DMA1_Stream2_IRQHandler
                        0x080094ed     0x6  Code  Gb  stm32f4xx_it.o [1]
DMA1_Stream5_IRQHandler
                        0x080094f3     0x6  Code  Gb  stm32f4xx_it.o [1]
DMA1_Stream6_IRQHandler
                        0x080094f9     0x6  Code  Gb  stm32f4xx_it.o [1]
DMA1_Stream7_IRQHandler
                        0x08009523     0x6  Code  Gb  stm32f4xx_it.o [1]
DMA_CalcBaseAndBitshift(__DMA_HandleTypeDef *)
                        0x080038f3    0x24  Code  Lc  stm32f4xx_hal_dma.o [1]
DMA_SetConfig(__DMA_HandleTypeDef *, unsigned int, unsigned int, unsigned int)
                        0x080038d5    0x1e  Code  Lc  stm32f4xx_hal_dma.o [1]
Datatrans::ANO_DT_Data_Receive_Anl(unsigned char *, unsigned char)
                        0x080087cd   0x27a  Code  Gb  datatrans.o [1]
Datatrans::ANO_DT_Send_Check(unsigned char, unsigned char)
                        0x08008a9f    0x2e  Code  Gb  datatrans.o [1]
Datatrans::ANO_DT_Send_PID(unsigned char, float, float, float, float, float, float, float, float, float)
                        0x08008511    0xf6  Code  Gb  datatrans.o [1]
Datatrans::ANO_data_receive_prepara()
                        0x0800871d    0xa8  Code  Gb  datatrans.o [1]
Datatrans::acopter_Send_Data(unsigned char *, unsigned char)
                        0x0800836f     0x8  Code  Gb  datatrans.o [1]
Datatrans::data_trans_with_ano()
                        0x0800861d    0xfa  Code  Gb  datatrans.o [1]
Datatrans::send_15_data(short, short, short, short, short, short, short, short, short, float, float, float, int, unsigned char, unsigned char)
                        0x08008379   0x18e  Code  Gb  datatrans.o [1]
Datatrans::send_all_fly_data_to_ANO()
                        0x080082bd    0xa6  Code  Gb  datatrans.o [1]
DebugMon_Handler        0x080094bd     0x2  Code  Gb  stm32f4xx_it.o [1]
DtorRecArray            0x20000244     0xc  Data  Lc  cppinit.o [3]
EraseInitStruct         0x20006464    0x14  Data  Gb  flash.o [1]
Error_Handler()         0x08003ddb     0x2  Code  Gb  main.o [1]
FLASH_Erase_Sector      0x08007c11    0x48  Code  Gb  stm32f4xx_hal_flash_ex.o [1]
FLASH_FlushCaches       0x08007c59    0x50  Code  Gb  stm32f4xx_hal_flash_ex.o [1]
FLASH_MassErase(unsigned char, unsigned int)
                        0x08007bf1    0x20  Code  Lc  stm32f4xx_hal_flash_ex.o [1]
FLASH_Program_Byte(unsigned int, unsigned char)
                        0x08007ab7    0x1a  Code  Lc  stm32f4xx_hal_flash.o [1]
FLASH_Program_DoubleWord(unsigned int, unsigned long long)
                        0x08007a59    0x22  Code  Lc  stm32f4xx_hal_flash.o [1]
FLASH_Program_HalfWord(unsigned int, unsigned short)
                        0x08007a99    0x1e  Code  Lc  stm32f4xx_hal_flash.o [1]
FLASH_Program_Word(unsigned int, unsigned int)
                        0x08007a7b    0x1e  Code  Lc  stm32f4xx_hal_flash.o [1]
FLASH_SetErrorCode()    0x08007ad1    0x74  Code  Lc  stm32f4xx_hal_flash.o [1]
FLASH_WaitForLastOperation
                        0x08007a09    0x50  Code  Gb  stm32f4xx_hal_flash.o [1]
FLASHinit()             0x08006a59    0x2a  Code  Gb  flash.o [1]
GetSector(unsigned int)
                        0x080069e9    0x70  Code  Lc  flash.o [1]
HAL_DMA_Abort           0x08003673    0x72  Code  Gb  stm32f4xx_hal_dma.o [1]
HAL_DMA_Abort_IT        0x080036f1    0x24  Code  Gb  stm32f4xx_hal_dma.o [1]
HAL_DMA_IRQHandler      0x08003715   0x18c  Code  Gb  stm32f4xx_hal_dma.o [1]
HAL_DMA_Init            0x0800351d    0xe6  Code  Gb  stm32f4xx_hal_dma.o [1]
HAL_DMA_Start_IT        0x08003603    0x64  Code  Gb  stm32f4xx_hal_dma.o [1]
HAL_FLASHEx_Erase       0x08007b5d    0x94  Code  Gb  stm32f4xx_hal_flash_ex.o [1]
HAL_FLASH_Lock          0x080079fb     0x8  Code  Gb  stm32f4xx_hal_flash.o [1]
HAL_FLASH_Program       0x08007975    0x72  Code  Gb  stm32f4xx_hal_flash.o [1]
HAL_FLASH_Unlock        0x080079e7    0x14  Code  Gb  stm32f4xx_hal_flash.o [1]
HAL_GPIO_Init           0x08002561   0x1b4  Code  Gb  stm32f4xx_hal_gpio.o [1]
HAL_GPIO_ReadPin        0x08002715     0xc  Code  Gb  stm32f4xx_hal_gpio.o [1]
HAL_GPIO_WritePin       0x08002721     0x8  Code  Gb  stm32f4xx_hal_gpio.o [1]
HAL_GetTick             0x08003e3b     0x6  Code  Wk  stm32f4xx_hal.o [1]
HAL_IncTick             0x08003e31     0xa  Code  Wk  stm32f4xx_hal.o [1]
HAL_Init                0x08003ddd    0x30  Code  Gb  stm32f4xx_hal.o [1]
HAL_InitTick            0x08003e0d    0x24  Code  Wk  stm32f4xx_hal.o [1]
HAL_MspInit             0x08002fe5    0x60  Code  Gb  stm32f4xx_hal_msp.o [1]
HAL_NVIC_EnableIRQ      0x080034a7     0xc  Code  Gb  stm32f4xx_hal_cortex.o [1]
HAL_NVIC_SetPriority    0x0800346d    0x3a  Code  Gb  stm32f4xx_hal_cortex.o [1]
HAL_NVIC_SetPriorityGrouping
                        0x08003453    0x1a  Code  Gb  stm32f4xx_hal_cortex.o [1]
HAL_RCC_ClockConfig     0x08004fe5   0x12c  Code  Gb  stm32f4xx_hal_rcc.o [1]
HAL_RCC_GetHCLKFreq     0x08005165     0x6  Code  Gb  stm32f4xx_hal_rcc.o [1]
HAL_RCC_GetPCLK1Freq    0x0800516b    0x12  Code  Gb  stm32f4xx_hal_rcc.o [1]
HAL_RCC_GetPCLK2Freq    0x0800517d    0x10  Code  Gb  stm32f4xx_hal_rcc.o [1]
HAL_RCC_GetSysClockFreq
                        0x0800511f    0x46  Code  Wk  stm32f4xx_hal_rcc.o [1]
HAL_RCC_OscConfig       0x08004d9d   0x240  Code  Wk  stm32f4xx_hal_rcc.o [1]
HAL_SPI_DMAStop         0x080049c5    0x22  Code  Gb  stm32f4xx_hal_spi.o [1]
HAL_SPI_ErrorCallback   0x08004ad5     0x2  Code  Wk  stm32f4xx_hal_spi.o [1]
HAL_SPI_IRQHandler      0x080049e7    0xe8  Code  Gb  stm32f4xx_hal_spi.o [1]
HAL_SPI_Init            0x0800435d    0x76  Code  Gb  stm32f4xx_hal_spi.o [1]
HAL_SPI_MspInit         0x08003045    0xc4  Code  Gb  stm32f4xx_hal_msp.o [1]
HAL_SPI_Receive         0x08004507   0x11a  Code  Gb  stm32f4xx_hal_spi.o [1]
HAL_SPI_Receive_DMA     0x08004821    0x98  Code  Gb  stm32f4xx_hal_spi.o [1]
HAL_SPI_RxCpltCallback  0x08005481    0x16  Code  Gb  AHRS.o [1]
HAL_SPI_RxHalfCpltCallback
                        0x08004ad1     0x2  Code  Wk  stm32f4xx_hal_spi.o [1]
HAL_SPI_Transmit        0x080043df   0x128  Code  Gb  stm32f4xx_hal_spi.o [1]
HAL_SPI_TransmitReceive
                        0x08004621   0x18e  Code  Gb  stm32f4xx_hal_spi.o [1]
HAL_SPI_TransmitReceive_DMA
                        0x080048c7    0xae  Code  Gb  stm32f4xx_hal_spi.o [1]
HAL_SPI_TxRxCpltCallback
                        0x08004acf     0x2  Code  Wk  stm32f4xx_hal_spi.o [1]
HAL_SPI_TxRxHalfCpltCallback
                        0x08004ad3     0x2  Code  Wk  stm32f4xx_hal_spi.o [1]
HAL_SYSTICK_CLKSourceConfig
                        0x080034e3    0x14  Code  Gb  stm32f4xx_hal_cortex.o [1]
HAL_SYSTICK_Callback    0x08003519     0x2  Code  Wk  stm32f4xx_hal_cortex.o [1]
HAL_SYSTICK_Config      0x080034bb    0x28  Code  Gb  stm32f4xx_hal_cortex.o [1]
HAL_SYSTICK_IRQHandler  0x08003511     0x8  Code  Gb  stm32f4xx_hal_cortex.o [1]
HAL_TIMEx_BreakCallback
                        0x08003401     0x2  Code  Wk  stm32f4xx_hal_tim_ex.o [1]
HAL_TIMEx_CommutationCallback
                        0x080033ff     0x2  Code  Wk  stm32f4xx_hal_tim_ex.o [1]
HAL_TIMEx_ConfigBreakDeadTime
                        0x080033bf    0x40  Code  Gb  stm32f4xx_hal_tim_ex.o [1]
HAL_TIMEx_MasterConfigSynchronization
                        0x08003375    0x4a  Code  Gb  stm32f4xx_hal_tim_ex.o [1]
HAL_TIM_IC_CaptureCallback
                        0x08001cb7   0x254  Code  Gb  pwm.o [1]
HAL_TIM_IC_ConfigChannel
                        0x0800297f   0x116  Code  Gb  stm32f4xx_hal_tim.o [1]
HAL_TIM_IC_Init         0x0800280d    0x1a  Code  Gb  stm32f4xx_hal_tim.o [1]
HAL_TIM_IC_MspInit      0x08003147    0xc0  Code  Gb  stm32f4xx_hal_msp.o [1]
HAL_TIM_IC_Start_IT     0x08002827     0xa  Code  Gb  stm32f4xx_hal_tim.o [1]
HAL_TIM_IRQHandler      0x08002835   0x14a  Code  Gb  stm32f4xx_hal_tim.o [1]
HAL_TIM_MspPostInit(TIM_HandleTypeDef *)
                        0x08003235    0x38  Code  Gb  stm32f4xx_hal_msp.o [1]
HAL_TIM_OC_DelayElapsedCallback
                        0x08002bb1     0x2  Code  Wk  stm32f4xx_hal_tim.o [1]
HAL_TIM_PWM_ConfigChannel
                        0x08002a95    0xb8  Code  Gb  stm32f4xx_hal_tim.o [1]
HAL_TIM_PWM_Init        0x0800277f    0x1a  Code  Gb  stm32f4xx_hal_tim.o [1]
HAL_TIM_PWM_MspInit     0x08003109    0x3e  Code  Gb  stm32f4xx_hal_msp.o [1]
HAL_TIM_PWM_PulseFinishedCallback
                        0x08002bb3     0x2  Code  Wk  stm32f4xx_hal_tim.o [1]
HAL_TIM_PWM_Start       0x080027a1    0x14  Code  Gb  stm32f4xx_hal_tim.o [1]
HAL_TIM_PeriodElapsedCallback
                        0x08002baf     0x2  Code  Wk  stm32f4xx_hal_tim.o [1]
HAL_TIM_ReadCapturedValue
                        0x08002b6d    0x42  Code  Gb  stm32f4xx_hal_tim.o [1]
HAL_TIM_TriggerCallback
                        0x08002bb5     0x2  Code  Wk  stm32f4xx_hal_tim.o [1]
HAL_UART_ErrorCallback  0x0800408f     0x2  Code  Wk  stm32f4xx_hal_uart.o [1]
HAL_UART_IRQHandler     0x08003f35   0x148  Code  Gb  stm32f4xx_hal_uart.o [1]
HAL_UART_Init           0x08003e4d    0x28  Code  Gb  stm32f4xx_hal_uart.o [1]
HAL_UART_MspInit        0x0800327d    0x9a  Code  Gb  stm32f4xx_hal_msp.o [1]
HAL_UART_RxCpltCallback
                        0x0800408d     0x2  Code  Wk  stm32f4xx_hal_uart.o [1]
HAL_UART_Transmit_DMA   0x08003ebb    0x7a  Code  Gb  stm32f4xx_hal_uart.o [1]
HAL_UART_TxCpltCallback
                        0x08004089     0x2  Code  Wk  stm32f4xx_hal_uart.o [1]
HAL_UART_TxHalfCpltCallback
                        0x0800408b     0x2  Code  Wk  stm32f4xx_hal_uart.o [1]
HLT_CTRL::Height_Ctrl(float, float)
                        0x08001549    0x8c  Code  Gb  height_ctrl.o [1]
HLT_CTRL::Ultra_PID_Init()
                        0x08001531    0x18  Code  Gb  height_ctrl.o [1]
HLT_CTRL::WZ_Speed_PID_Init()
                        0x08001519    0x18  Code  Gb  height_ctrl.o [1]
HLT_CTRL::height_ctrl_outer(float, float, float, float)
                        0x08001749   0x1be  Code  Gb  height_ctrl.o [1]
HLT_CTRL::height_speed_ctrl(float, float, float, float)
                        0x080015d5   0x15e  Code  Gb  height_ctrl.o [1]
HLT_CTRL::speed_height_caculate_with_sensor(float, float, float)
                        0x08001951   0x186  Code  Gb  height_ctrl.o [1]
HardFault_Handler       0x080094b3     0x2  Code  Gb  stm32f4xx_it.o [1]
I2c_SOFT::I2c_Soft_Ask()
                        0x0800702b     0xc  Code  Gb  i2c_soft.o [1]
I2c_SOFT::I2c_Soft_NoAsk()
                        0x08007037     0x8  Code  Gb  i2c_soft.o [1]
I2c_SOFT::I2c_Soft_ReadByte(unsigned char)
                        0x080070df    0x56  Code  Gb  i2c_soft.o [1]
I2c_SOFT::I2c_Soft_SendByte(unsigned char)
                        0x0800709d    0x42  Code  Gb  i2c_soft.o [1]
I2c_SOFT::I2c_Soft_Start()
                        0x08006fcb    0x32  Code  Gb  i2c_soft.o [1]
I2c_SOFT::I2c_Soft_Stop()
                        0x08006ffd    0x26  Code  Gb  i2c_soft.o [1]
I2c_SOFT::I2c_Soft_WaitAsk()
                        0x0800705d    0x40  Code  Gb  i2c_soft.o [1]
I2c_SOFT::I2c_Soft_delay()
                        0x08006fb9    0x12  Code  Gb  i2c_soft.o [1]
I2c_SOFT::IIC_Read_nByte(unsigned char, unsigned char, unsigned char, unsigned char *)
                        0x0800719b    0x4e  Code  Gb  i2c_soft.o [1]
I2c_SOFT::IIC_Write_1Byte(unsigned char, unsigned char, unsigned char)
                        0x08007145    0x2a  Code  Gb  i2c_soft.o [1]
IMU_DCM::IMU_DCM()      0x08009255    0x40  Code  Gb  imu.o [1]
IMU_DCM::IMUupdate(float, float, float, float, float, float, float, float *, float *, float *)
                        0x08008ad5   0x528  Code  Gb  imu.o [1]
Init_Finish             0x200064e4     0x1  Data  Gb  init.o [1]
LED::led_change()       0x08009051    0x44  Code  Gb  led.o [1]
LED::led_state0()       0x08009095     0x4  Code  Gb  led.o [1]
LED::led_state1()       0x08009099     0x2  Code  Gb  led.o [1]
LED::led_state2()       0x080090a5    0x3c  Code  Gb  led.o [1]
MAG_S::CalOffset_Mag()  0x0800800d   0x1f0  Code  Gb  magnet.o [1]
MAG_S::MAG_S()          0x080091f7    0x24  Code  Gb  magnet.o [1]
MAG_S::Read_Mag_Data()  0x08007f95    0x78  Code  Gb  magnet.o [1]
MAG_S::filt_data()      0x08008251    0x6c  Code  Gb  magnet.o [1]
MAX_CH                  0x08002528    0x10  Data  Lc  rc.o [1]
MIN_CH                  0x08002538    0x10  Data  Lc  rc.o [1]
MPU9250_Handler         0x200064a4     0x4  Data  Gb  AHRS.o [1]
MPU9250_Mag_ReadReg(unsigned char)
                        0x080052c7    0x4e  Code  Gb  AHRS.o [1]
MPU9250_Mag_ReadRegs(unsigned char, unsigned char *, unsigned char)
                        0x08005315    0x22  Code  Gb  AHRS.o [1]
MPU9250_Mag_WriteReg(unsigned char, unsigned char)
                        0x0800526f    0x52  Code  Gb  AHRS.o [1]
MPU9250_ReadReg(unsigned char)
                        0x080051e7    0x4e  Code  Gb  AHRS.o [1]
MPU9250_WriteReg(unsigned char, unsigned char)
                        0x08005235    0x3a  Code  Gb  AHRS.o [1]
MX_GPIO_Init()          0x08003cc7    0xd6  Code  Lc  main.o [1]
MX_TIM1_Init()          0x08003c0d    0x92  Code  Lc  main.o [1]
MemManage_Handler       0x080094b5     0x2  Code  Gb  stm32f4xx_it.o [1]
Myfilt::simple_3d_trans(Vector3<float> *, Vector3<float> *, Vector3<float> *)
                        0x08009295    0xd0  Code  Gb  filter.o [1]
NMI_Handler             0x080094b1     0x2  Code  Gb  stm32f4xx_it.o [1]
NVIC_SetPriority(IRQn_Type, unsigned int)
                        0x08003439    0x1a  Code  Lc  stm32f4xx_hal_cortex.o [1]
OSCPUUsage              0x20004800     0x1  Data  Gb  os_core.o [1]
OSCtxSw                 0x080078cf          Code  Gb  os_cpu_a.o [1]
OSCtxSwCtr              0x20004814     0x4  Data  Gb  os_core.o [1]
OSEventFreeList         0x20004818     0x4  Data  Gb  os_core.o [1]
OSEventTbl              0x2000483c    0xc8  Data  Gb  os_core.o [1]
OSFlagFreeList          0x200064c8     0x4  Data  Gb  os_core.o [1]
OSFlagTbl               0x2000638c    0x50  Data  Gb  os_core.o [1]
OSIdleCtr               0x20004824     0x4  Data  Gb  os_core.o [1]
OSIdleCtrMax            0x2000481c     0x4  Data  Gb  os_core.o [1]
OSIdleCtrRun            0x20004820     0x4  Data  Gb  os_core.o [1]
OSInit                  0x08005ef9   0x11c  Code  Gb  os_core.o [1]
OSInitHookBegin         0x080076a1     0x2  Code  Gb  os_cpu_c.o [1]
OSInitHookEnd           0x080076a3     0x2  Code  Gb  os_cpu_c.o [1]
OSIntCtxSw              0x080078db          Code  Gb  os_cpu_a.o [1]
OSIntEnter              0x08006021    0x16  Code  Gb  os_core.o [1]
OSIntExit               0x08006037    0x4a  Code  Gb  os_core.o [1]
OSIntNesting            0x20004802     0x1  Data  Gb  os_core.o [1]
OSLockNesting           0x20004803     0x1  Data  Gb  os_core.o [1]
OSPrioCur               0x20004804     0x1  Data  Gb  os_core.o [1]
OSPrioHighRdy           0x20004805     0x1  Data  Gb  os_core.o [1]
OSQFreeList             0x200064cc     0x4  Data  Gb  os_core.o [1]
OSQTbl                  0x200060d8    0x78  Data  Gb  os_core.o [1]
OSRdyGrp                0x20004806     0x1  Data  Gb  os_core.o [1]
OSRdyTbl                0x2000480c     0x8  Data  Gb  os_core.o [1]
OSRunning               0x20004807     0x1  Data  Gb  os_core.o [1]
OSSchedLock             0x08006081    0x1e  Code  Gb  os_core.o [1]
OSSchedUnlock           0x080060a9    0x2e  Code  Gb  os_core.o [1]
OSSemCreate             0x08007e31    0x38  Code  Gb  os_sem.o [1]
OSSemPend               0x08007e69    0xaa  Code  Gb  os_sem.o [1]
OSSemPost               0x08007f37    0x4a  Code  Gb  os_sem.o [1]
OSStart                 0x080060d7    0x28  Code  Gb  os_core.o [1]
OSStartHighRdy          0x080078af          Code  Gb  os_cpu_a.o [1]
OSStatRdy               0x20004801     0x1  Data  Gb  os_core.o [1]
OSTCBCur                0x20004828     0x4  Data  Gb  os_core.o [1]
OSTCBFreeList           0x2000482c     0x4  Data  Gb  os_core.o [1]
OSTCBHighRdy            0x20004830     0x4  Data  Gb  os_core.o [1]
OSTCBInitHook           0x080077f7     0x2  Code  Gb  os_cpu_c.o [1]
OSTCBList               0x20004834     0x4  Data  Gb  os_core.o [1]
OSTCBPrioTbl            0x20005c58   0x100  Data  Gb  os_core.o [1]
OSTCBTbl                0x20004d04   0x3f0  Data  Gb  os_core.o [1]
OSTaskCreate            0x08006555    0x82  Code  Gb  os_task.o [1]
OSTaskCreateExt         0x080065d7    0x94  Code  Gb  os_task.o [1]
OSTaskCreateHook        0x080076a5     0x2  Code  Gb  os_cpu_c.o [1]
OSTaskCtr               0x20004808     0x1  Data  Gb  os_core.o [1]
OSTaskDel               0x08006675    0xfa  Code  Gb  os_task.o [1]
OSTaskDelHook           0x080076a7     0x2  Code  Gb  os_cpu_c.o [1]
OSTaskIdleHook          0x080076a9     0x2  Code  Gb  os_cpu_c.o [1]
OSTaskIdleStk           0x20004b04   0x200  Data  Gb  os_core.o [1]
OSTaskNameSet           0x08006775    0x40  Code  Gb  os_task.o [1]
OSTaskReturnHook        0x080077fb     0x2  Code  Gb  os_cpu_c.o [1]
OSTaskStatHook          0x080076ab     0x2  Code  Gb  os_cpu_c.o [1]
OSTaskStatStk           0x20004904   0x200  Data  Gb  os_core.o [1]
OSTaskStkChk            0x080067c5    0x64  Code  Gb  os_task.o [1]
OSTaskStkInit           0x080076ad   0x144  Code  Gb  os_cpu_c.o [1]
OSTaskSuspend           0x08006829    0x66  Code  Gb  os_task.o [1]
OSTaskSwHook            0x080077f5     0x2  Code  Gb  os_cpu_c.o [1]
OSTickStepState         0x20004809     0x1  Data  Gb  os_core.o [1]
OSTime                  0x20004838     0x4  Data  Gb  os_core.o [1]
OSTimeDly               0x0800698d    0x48  Code  Gb  os_time.o [1]
OSTimeTick              0x08006107    0x8a  Code  Gb  os_core.o [1]
OSTimeTickHook          0x080077f9     0x2  Code  Gb  os_cpu_c.o [1]
OSUnMapTbl              0x08006454   0x100  Data  Gb  os_core.o [1]
OS_CPU_SR_Restore       0x080078a9          Code  Gb  os_cpu_a.o [1]
OS_CPU_SR_Save          0x080078a1          Code  Gb  os_cpu_a.o [1]
OS_Dummy                0x08006191     0x2  Code  Gb  os_core.o [1]
OS_EventTaskRdy         0x08006193    0x58  Code  Gb  os_core.o [1]
OS_EventTaskRemove      0x08006231    0x1e  Code  Gb  os_core.o [1]
OS_EventTaskWait        0x080061eb    0x40  Code  Gb  os_core.o [1]
OS_EventWaitListInit    0x0800624f     0xc  Code  Gb  os_core.o [1]
OS_FlagInit             0x08007805    0x38  Code  Gb  os_flag.o [1]
OS_FlagUnlink           0x08007849    0x1e  Code  Gb  os_flag.o [1]
OS_MemClr               0x0800625b     0xa  Code  Gb  os_core.o [1]
OS_QInit                0x08007869    0x2e  Code  Gb  os_q.o [1]
OS_Sched                0x08006265    0x38  Code  Gb  os_core.o [1]
OS_SchedNew()           0x080062a5    0x18  Code  Lc  os_core.o [1]
OS_TCBInit              0x0800635d    0xcc  Code  Gb  os_core.o [1]
OS_TaskIdle             0x080062bd    0x18  Code  Gb  os_core.o [1]
OS_TaskReturn           0x080068c9    0x12  Code  Gb  os_task.o [1]
OS_TaskStat             0x080062d5    0x54  Code  Gb  os_core.o [1]
OS_TaskStatStkChk       0x08006329    0x34  Code  Gb  os_core.o [1]
OS_TaskStkClr           0x080068db    0x14  Code  Gb  os_task.o [1]
OUTER_TASK_STK          0x20003800  0x1000  Data  Gb  scheduler.o [1]
PARAMERTER::PID_Para_Init()
                        0x08005989    0x8e  Code  Gb  parameter.o [1]
PARAMERTER::Para_Init()
                        0x08005929    0x60  Code  Gb  parameter.o [1]
PendSV_Handler          0x080078e9          Code  Gb  os_cpu_a.o [1]
Pos_Acc_Kalman::Pos_Acc_Kalman()
                        0x08007cb9    0xac  Code  Gb  baro.o [1]
Pos_Acc_Kalman::~Pos_Acc_Kalman()
                        0x08009783     0x2  Code  Gb  baro.o [1]
Pos_WZ_Kalman::Kalman_Filter(float, float, float)
                        0x0800724b   0x126  Code  Gb  kalman.o [1]
Pos_WZ_Kalman::Pos_WZ_Kalman()
                        0x08007d65    0x38  Code  Gb  baro.o [1]
Rc_Pwm_In               0x2000633c    0x10  Data  Gb  pwm.o [1]
Region$$Table$$Base     0x08009674           --   Gb  - Linker created -
Region$$Table$$Limit    0x08009698           --   Gb  - Linker created -
SHT$$INIT_ARRAY$$Base   0x08009700           --   Gb  - Linker created -
SHT$$INIT_ARRAY$$Limit  0x08009714           --   Gb  - Linker created -
SHT$$PREINIT_ARRAY$$Base
                        0x08009700           --   Gb  - Linker created -
SHT$$PREINIT_ARRAY$$Limit
                        0x08009700           --   Gb  - Linker created -
SPI3_IRQHandler         0x08009529     0x6  Code  Gb  stm32f4xx_it.o [1]
SPI_CheckFlag_BSY(__SPI_HandleTypeDef *, unsigned int, unsigned int)
                        0x08004c4f    0x20  Code  Lc  stm32f4xx_hal_spi.o [1]
SPI_DMAAbortOnError(__DMA_HandleTypeDef *)
                        0x08004bb9     0xc  Code  Lc  stm32f4xx_hal_spi.o [1]
SPI_DMAError(__DMA_HandleTypeDef *)
                        0x08004b8d    0x18  Code  Lc  stm32f4xx_hal_spi.o [1]
SPI_DMAHalfReceiveCplt(__DMA_HandleTypeDef *)
                        0x08004b75     0xa  Code  Lc  stm32f4xx_hal_spi.o [1]
SPI_DMAHalfTransmitReceiveCplt(__DMA_HandleTypeDef *)
                        0x08004b81     0xa  Code  Lc  stm32f4xx_hal_spi.o [1]
SPI_DMAReceiveCplt(__DMA_HandleTypeDef *)
                        0x08004ad9    0x3c  Code  Lc  stm32f4xx_hal_spi.o [1]
SPI_DMATransmitReceiveCplt(__DMA_HandleTypeDef *)
                        0x08004b1d    0x3a  Code  Lc  stm32f4xx_hal_spi.o [1]
SPI_WaitFlagStateUntilTimeout(__SPI_HandleTypeDef *, unsigned int, unsigned int, unsigned int, unsigned int)
                        0x08004bc5    0x8a  Code  Lc  stm32f4xx_hal_spi.o [1]
START_TASK_STK          0x20005d58   0x100  Data  Gb  scheduler.o [1]
SVC_Handler             0x080094bb     0x2  Code  Gb  stm32f4xx_it.o [1]
Scheduler::Loop_check()
                        0x08007405    0x80  Code  Gb  scheduler.o [1]
Scheduler::check_flash_save()
                        0x0800762f    0x2a  Code  Gb  scheduler.o [1]
Scheduler::cycler_loop()
                        0x080074f3    0x4a  Code  Gb  scheduler.o [1]
Scheduler::cyclest_Duty_1ms()
                        0x0800753d    0x32  Code  Gb  scheduler.o [1]
Scheduler::cyclest_Duty_3ms()
                        0x0800756f    0x50  Code  Gb  scheduler.o [1]
Scheduler::cyclest_Duty_50ms()
                        0x0800761f    0x10  Code  Gb  scheduler.o [1]
Scheduler::cyclest_Duty_5ms()
                        0x080075bf    0x60  Code  Gb  scheduler.o [1]
Scheduler::cyclest_loop()
                        0x08007485    0x6e  Code  Gb  scheduler.o [1]
SetPwm(short *, short, short)
                        0x08001c4d    0x6a  Code  Gb  pwm.o [1]
SysTick_Handler         0x080094bf    0x2e  Code  Gb  stm32f4xx_it.o [1]
SystemClock_Config()    0x08003b67    0xa6  Code  Gb  main.o [1]
SystemCoreClock         0x2000023c     0x4  Data  Gb  system_stm32f4xx.o [1]
SystemInit              0x08009561    0x3a  Code  Gb  system_stm32f4xx.o [1]
TIM2_IRQHandler         0x080094ff     0x6  Code  Gb  stm32f4xx_it.o [1]
TIM3_IRQHandler         0x08009505     0x6  Code  Gb  stm32f4xx_it.o [1]
TIM8_BRK_TIM12_IRQHandler
                        0x0800951d     0x6  Code  Gb  stm32f4xx_it.o [1]
TIM_Base_SetConfig      0x08002bb7    0x90  Code  Gb  stm32f4xx_hal_tim.o [1]
TIM_CCxChannelCmd       0x08002d01    0x18  Code  Gb  stm32f4xx_hal_tim.o [1]
TIM_OC1_SetConfig(TIM_TypeDef *, TIM_OC_InitTypeDef *)
                        0x08002d19    0x4a  Code  Lc  stm32f4xx_hal_tim.o [1]
TIM_OC2_SetConfig       0x08002caf    0x52  Code  Gb  stm32f4xx_hal_tim.o [1]
TIM_OC3_SetConfig(TIM_TypeDef *, TIM_OC_InitTypeDef *)
                        0x08002d6f    0x56  Code  Lc  stm32f4xx_hal_tim.o [1]
TIM_OC4_SetConfig(TIM_TypeDef *, TIM_OC_InitTypeDef *)
                        0x08002dcb    0x46  Code  Lc  stm32f4xx_hal_tim.o [1]
TIM_TI1_SetConfig       0x08002c49    0x66  Code  Gb  stm32f4xx_hal_tim.o [1]
TIM_TI2_SetConfig(TIM_TypeDef *, unsigned int, unsigned int, unsigned int)
                        0x08002e3d    0x34  Code  Lc  stm32f4xx_hal_tim.o [1]
To_180_degrees(float)   0x08001069    0x2c  Code  Gb  mymath.o [1]
UART_DMAAbortOnError(__DMA_HandleTypeDef *)
                        0x08004141    0x10  Code  Lc  stm32f4xx_hal_uart.o [1]
UART_DMAError(__DMA_HandleTypeDef *)
                        0x080040c9    0x48  Code  Lc  stm32f4xx_hal_uart.o [1]
UART_DMATransmitCplt(__DMA_HandleTypeDef *)
                        0x08004091    0x2c  Code  Lc  stm32f4xx_hal_uart.o [1]
UART_DMATxHalfCplt(__DMA_HandleTypeDef *)
                        0x080040bd     0xa  Code  Lc  stm32f4xx_hal_uart.o [1]
UART_EndRxTransfer(UART_HandleTypeDef *)
                        0x08004123    0x1c  Code  Lc  stm32f4xx_hal_uart.o [1]
UART_EndTxTransfer(UART_HandleTypeDef *)
                        0x08004111    0x12  Code  Lc  stm32f4xx_hal_uart.o [1]
UART_Receive_IT(UART_HandleTypeDef *)
                        0x08004151    0x7e  Code  Lc  stm32f4xx_hal_uart.o [1]
UART_SetConfig(UART_HandleTypeDef *)
                        0x080041dd   0x13a  Code  Lc  stm32f4xx_hal_uart.o [1]
USART2_IRQHandler       0x0800950b    0x12  Code  Gb  stm32f4xx_it.o [1]
UsageFault_Handler      0x080094b9     0x2  Code  Gb  stm32f4xx_it.o [1]
Vector3<float>::Vector3()
                        0x0800150d     0xa  Code  Gb  quaternion.o [1]
Vector3<float>::Vector3(float, float, float)
                        0x0800921b     0xe  Code  Gb  vector3.o [1]
Vector3<short>::Vector3()
                        0x08007969     0xa  Code  Gb  magnet.o [1]
Virtual function table for matrix::Matrix<float, (unsigned int)1, (unsigned int)1>
                        0x08009744    0x10  Data  Gb  kalman.o [1]
Virtual function table for matrix::Matrix<float, (unsigned int)1, (unsigned int)2>
                        0x08009734    0x10  Data  Gb  kalman.o [1]
Virtual function table for matrix::Matrix<float, (unsigned int)2, (unsigned int)1>
                        0x08009724    0x10  Data  Gb  kalman.o [1]
Virtual function table for matrix::Matrix<float, (unsigned int)2, (unsigned int)2>
                        0x08009714    0x10  Data  Gb  kalman.o [1]
Virtual function table for matrix::SquareMatrix<float, (unsigned int)1>
                        0x08009754    0x10  Data  Gb  kalman.o [1]
__aeabi_atexit          0x08006fad     0xa  Code  Gb  cxxabi.o [4]
__aeabi_d2f             0x08001bbd          Code  Gb  DblToFlt.o [5]
__aeabi_dadd            0x08002125          Code  Gb  DblAdd.o [5]
__aeabi_dmul            0x08001f3d          Code  Gb  DblMul.o [5]
__aeabi_errno_addr      0x080094a1     0x6  Code  Gb  errno.o [3]
__aeabi_f2d             0x08001b6d          Code  Gb  FltToDbl.o [5]
__aeabi_i2d             0x08009229          Code  Gb  I32ToDbl.o [5]
__aeabi_l2f             0x080071e9          Code  Gb  I64ToFlt.o [5]
__aeabi_memclr          0x080077fd          Code  Gb  ABImemclr.o [6]
__aeabi_memclr4         0x08002fdd          Code  Gb  ABImemclr4.o [6]
__aeabi_ul2f            0x08007205          Code  Gb  I64ToFlt.o [5]
__call_ctors            0x08007d9d    0x18  Code  Gb  cppinit.o [3]
__call_dtors            0x08007deb     0x2  Code  Gb  cppinit.o [3]
__cexit_call_dtors      0x080096df          Code  Gb  cexit.o [6]
__cmain                 0x080096b9          Code  Gb  cmain.o [6]
__cstart_call_dtors     0x080098b0          Data  Gb  cstart_call_dtors.o [6]
__cxa_atexit            0x08007db5    0x36  Code  Gb  cppinit.o [3]
__cxa_finalize          0x08007ded    0x36  Code  Gb  cppinit.o [3]
__dso_handle            0x200064dc     0x4  Data  Gb  cppinit.o [3]
__exit                  0x080096ed    0x14  Code  Gb  exit.o [7]
__iar_Errno             0x20000240     0x4  Data  Gb  errno.o [3]
__iar_FDtest            0x080014d5    0x30  Code  Gb  xfdtest.o [5]
__iar_Memset4_word      0x08003405          Code  Gb  ABImemset48.o [6]
__iar_Memset8_word      0x08003405          Code  Gb  ABImemset48.o [6]
__iar_Memset_word       0x080090f5          Code  Gb  ABImemset.o [6]
__iar_cstart_call_ctors
                        0x08009699    0x20  Code  Gb  cmain_call_ctors.o [6]
__iar_dadd              0x08002139          Code  Gb  DblAdd.o [5]
__iar_data_init3        0x08009629    0x28  Code  Gb  data_init.o [6]
__iar_dlib_perthread_access
                        0x080094ad     0x2  Code  Gb  xtls.o [3]
__iar_dsub              0x08002e71          Code  Gb  DblSub.o [5]
__iar_dsubStart         0x08002e83          Code  Gb  DblSub.o [5]
__iar_edom              0x08009495          Code  Gb  iarEdom.o [6]
__iar_init_vfp          0x08009651          Code  Gb  fpinit_M.o [5]
__iar_packbits_init_single3
                        0x080095f1    0x38  Code  Gb  packbits_init_single.o [6]
__iar_program_start     0x08009785          Code  Gb  cstartup_M.o [6]
__iar_ui2d              0x0800923d          Code  Gb  I32ToDbl.o [5]
__iar_ul2f              0x08007211          Code  Gb  I64ToFlt.o [5]
__iar_unaligned___aeabi_memcpy4
                        0x08006935          Code  Gb  ABImemcpy_unaligned.o [6]
__iar_unaligned___aeabi_memcpy8
                        0x08006935          Code  Gb  ABImemcpy_unaligned.o [6]
__iar_xatanf            0x080093f1          Code  Gb  xatanf.o [5]
__iar_zero_init3        0x080095b1    0x40  Code  Gb  zero_init3.o [6]
__low_level_init        0x080096d3     0x4  Code  Gb  low_level_init.o [3]
__sti__routine          0x080051d1     0x8  Code  Lc  AHRS.o [1]
__sti__routine          0x08005a71    0x14  Code  Lc  baro.o [1]
__sti__routine          0x08000189     0x8  Code  Lc  ctrl.o [1]
__sti__routine          0x08008acd     0x8  Code  Lc  imu.o [1]
__sti__routine          0x08007f8d     0x6  Code  Lc  magnet.o [1]
__vector_table          0x08000000          Data  Gb  startup_stm32f407xx.o [1]
_call_main              0x080096c5          Code  Gb  cmain.o [6]
_exit                   0x080096dd          Code  Gb  cexit.o [6]
_main                   0x080096cf          Code  Gb  cmain.o [6]
ahrs                    0x200050f4   0x350  Data  Gb  AHRS.o [1]
asinf                   0x08009369          Code  Gb  asinf.o [5]
baro                    0x20005660   0x1e8  Data  Gb  baro.o [1]
ctrl_s                  0x20005444   0x21c  Data  Gb  ctrl.o [1]
ctrl_t::ctrl_t()        0x080020df    0x44  Code  Gb  ctrl.o [1]
cycler_task(void *)     0x0800738d    0x1c  Code  Gb  scheduler.o [1]
cyclest_task(void *)    0x08007371    0x1c  Code  Gb  scheduler.o [1]
data_trans              0x2000605c    0x7c  Data  Gb  datatrans.o [1]
delay_init(unsigned char)
                        0x0800589d     0xa  Code  Gb  delay.o [1]
delay_ms(unsigned short)
                        0x080058df    0x38  Code  Gb  delay.o [1]
delay_us(unsigned int)  0x080058a7    0x38  Code  Gb  delay.o [1]
exit                    0x080096d7     0x4  Code  Gb  exit.o [3]
fac_ms                  0x200064b2     0x2  Data  Lc  delay.o [1]
fac_us                  0x200064b0     0x1  Data  Lc  delay.o [1]
fast_atan2(float, float)
                        0x08000ed1    0xf4  Code  Gb  mymath.o [1]
fast_atan_table         0x080010d0   0x404  Data  Lc  mymath.o [1]
filter                  0x200059d0   0x158  Data  Gb  filter.o [1]
flash_save              0x20005b28   0x130  Data  Gb  flash.o [1]
flash_save_para::ReadTheFLASH(unsigned int, unsigned char *, short)
                        0x08006b15    0x22  Code  Gb  flash.o [1]
flash_save_para::UpdateTheFLASH(unsigned int, unsigned char *, short)
                        0x08006a83    0x92  Code  Gb  flash.o [1]
flash_save_para::flash_byte_to_float(unsigned char *, short, float *)
                        0x08006b37    0x26  Code  Gb  flash.o [1]
flash_save_para::flash_float_to_byte(unsigned char *, short, float *)
                        0x08006b5d    0x16  Code  Gb  flash.o [1]
flash_save_para::flash_read_parameters()
                        0x08006d55   0x1ea  Code  Gb  flash.o [1]
flash_save_para::flash_save_parameters()
                        0x08006b73   0x1dc  Code  Gb  flash.o [1]
hdma_spi3_rx            0x200061b4    0x60  Data  Gb  main.o [1]
hdma_spi3_tx            0x20006214    0x60  Data  Gb  main.o [1]
hdma_usart2_rx          0x20006274    0x60  Data  Gb  main.o [1]
hdma_usart2_tx          0x200062d4    0x60  Data  Gb  main.o [1]
hlt_ctl                 0x20000000   0x23c  Data  Gb  height_ctrl.o [1]
hspi3                   0x20005848    0x58  Data  Gb  main.o [1]
htim1                   0x200063dc    0x3c  Data  Gb  main.o [1]
htim12                  0x20005994    0x3c  Data  Gb  main.o [1]
htim2                   0x200058e0    0x3c  Data  Gb  main.o [1]
htim3                   0x2000591c    0x3c  Data  Gb  main.o [1]
htim4                   0x20005958    0x3c  Data  Gb  main.o [1]
huart2                  0x200058a0    0x40  Data  Gb  main.o [1]
i2c_soft                0x200064c0     0x4  Data  Gb  i2c_soft.o [1]
imu_dcm                 0x20005f40    0x90  Data  Gb  imu.o [1]
led                     0x200064c4     0x4  Data  Gb  led.o [1]
mag_s                   0x20006150    0x64  Data  Gb  magnet.o [1]
main                    0x08003921   0x214  Code  Gb  main.o [1]
matrix::Matrix<float, (unsigned int)1, (unsigned int)1>::Matrix()
                        0x08009195    0x10  Code  Gb  kalman.o [1]
matrix::Matrix<float, (unsigned int)1, (unsigned int)1>::operator ()(unsigned int, unsigned int)
                        0x080091eb     0xc  Code  Gb  kalman.o [1]
matrix::Matrix<float, (unsigned int)1, (unsigned int)2>::Matrix()
                        0x08009181    0x14  Code  Gb  kalman.o [1]
matrix::Matrix<float, (unsigned int)1, (unsigned int)2>::operator ()(unsigned int, unsigned int)
                        0x080091df     0xc  Code  Gb  kalman.o [1]
matrix::Matrix<float, (unsigned int)2, (unsigned int)1>::Matrix()
                        0x0800916d    0x14  Code  Gb  kalman.o [1]
matrix::Matrix<float, (unsigned int)2, (unsigned int)2>::Matrix()
                        0x08009155    0x18  Code  Gb  kalman.o [1]
matrix::Matrix<float, (unsigned int)2, (unsigned int)2>::setIdentity()
                        0x080091b9    0x26  Code  Gb  baro.o [1]
matrix::SquareMatrix<float, (unsigned int)1>::SquareMatrix()
                        0x080091a5    0x14  Code  Gb  kalman.o [1]
my_abs(float)           0x08000ec1    0x10  Code  Gb  mymath.o [1]
my_deathzoom(float, float)
                        0x08001015    0x2e  Code  Gb  mymath.o [1]
my_deathzoom_2(float, float)
                        0x08001045    0x1c  Code  Gb  mymath.o [1]
my_pow(float)           0x08000fcf     0x2  Code  Gb  mymath.o [1]
my_sqrt(float)          0x08000fd1    0x42  Code  Gb  mymath.o [1]
next_abi_dtor_rec       0x200064d8     0x4  Data  Lc  cppinit.o [3]
outer_task(void *)      0x080073a9     0x2  Code  Gb  scheduler.o [1]
pFlash                  0x20006444    0x20  Data  Gb  stm32f4xx_hal_flash.o [1]
parameter               0x200064d0     0x4  Data  Gb  parameter.o [1]
rc                      0x20005e58    0xe8  Data  Gb  rc.o [1]
ref_t::ref_t()          0x080093c5    0x2c  Code  Gb  imu.o [1]
scheduler               0x200007d0    0x28  Data  Gb  scheduler.o [1]
sem_cycler              0x200007fc     0x4  Data  Gb  scheduler.o [1]
sem_cyclest             0x200007f8     0x4  Data  Gb  scheduler.o [1]
simpdelay()             0x080051d9     0xe  Code  Lc  AHRS.o [1]
start_task(void *)      0x080073ab    0x5a  Code  Gb  scheduler.o [1]
systime::Cycle_Time_Init()
                        0x08005eb7    0x16  Code  Gb  time.o [1]
systime::GetSysTime_us()
                        0x08005ecd    0x1a  Code  Gb  time.o [1]
systime::Get_Cycle_T(unsigned char)
                        0x08005e85    0x32  Code  Gb  time.o [1]
systime::sys_time()     0x08005e39    0x4c  Code  Gb  time.o [1]
time                    0x20005fd0    0x8c  Data  Gb  time.o [1]
uwTick                  0x200064d4     0x4  Data  Gb  stm32f4xx_hal.o [1]


[1] = G:\STM32\Acopter\Acopter\EWARM\Acopter\Obj
[2] = command line
[3] = dl7M_tlf.a
[4] = dlpp7M_tl_fe.a
[5] = m7M_tls.a
[6] = rt7M_tl.a
[7] = shb_l.a

  38 950 bytes of readonly  code memory
     156 bytes of readonly  data memory
  25 830 bytes of readwrite data memory

Errors: none
Warnings: none
