###############################################################################
#
# IAR ELF Linker V7.50.1.10123/W32 for ARM                21/Sep/2016  15:23:11
# Copyright 2007-2015 IAR Systems AB.
#
#    Output file  =  G:\STM32\Acopter\Acopter\EWARM\Acopter\Exe\Acopter.out
#    Map file     =  G:\STM32\Acopter\Acopter\EWARM\Acopter\List\Acopter.map
#    Command line =  
#        G:\STM32\Acopter\Acopter\EWARM\Acopter\Obj\AHRS.o
#        G:\STM32\Acopter\Acopter\EWARM\Acopter\Obj\baro.o
#        G:\STM32\Acopter\Acopter\EWARM\Acopter\Obj\ctrl.o
#        G:\STM32\Acopter\Acopter\EWARM\Acopter\Obj\datatrans.o
#        G:\STM32\Acopter\Acopter\EWARM\Acopter\Obj\delay.o
#        G:\STM32\Acopter\Acopter\EWARM\Acopter\Obj\filter.o
#        G:\STM32\Acopter\Acopter\EWARM\Acopter\Obj\flash.o
#        G:\STM32\Acopter\Acopter\EWARM\Acopter\Obj\gps.o
#        G:\STM32\Acopter\Acopter\EWARM\Acopter\Obj\height_ctrl.o
#        G:\STM32\Acopter\Acopter\EWARM\Acopter\Obj\imu.o
#        G:\STM32\Acopter\Acopter\EWARM\Acopter\Obj\init.o
#        G:\STM32\Acopter\Acopter\EWARM\Acopter\Obj\led.o
#        G:\STM32\Acopter\Acopter\EWARM\Acopter\Obj\magnet.o
#        G:\STM32\Acopter\Acopter\EWARM\Acopter\Obj\main.o
#        G:\STM32\Acopter\Acopter\EWARM\Acopter\Obj\matrix3.o
#        G:\STM32\Acopter\Acopter\EWARM\Acopter\Obj\misc.o
#        G:\STM32\Acopter\Acopter\EWARM\Acopter\Obj\mymath.o
#        G:\STM32\Acopter\Acopter\EWARM\Acopter\Obj\os_core.o
#        G:\STM32\Acopter\Acopter\EWARM\Acopter\Obj\os_cpu_a.o
#        G:\STM32\Acopter\Acopter\EWARM\Acopter\Obj\os_cpu_c.o
#        G:\STM32\Acopter\Acopter\EWARM\Acopter\Obj\os_dbg.o
#        G:\STM32\Acopter\Acopter\EWARM\Acopter\Obj\os_flag.o
#        G:\STM32\Acopter\Acopter\EWARM\Acopter\Obj\os_mbox.o
#        G:\STM32\Acopter\Acopter\EWARM\Acopter\Obj\os_mem.o
#        G:\STM32\Acopter\Acopter\EWARM\Acopter\Obj\os_mutex.o
#        G:\STM32\Acopter\Acopter\EWARM\Acopter\Obj\os_q.o
#        G:\STM32\Acopter\Acopter\EWARM\Acopter\Obj\os_sem.o
#        G:\STM32\Acopter\Acopter\EWARM\Acopter\Obj\os_task.o
#        G:\STM32\Acopter\Acopter\EWARM\Acopter\Obj\os_time.o
#        G:\STM32\Acopter\Acopter\EWARM\Acopter\Obj\os_tmr.o
#        G:\STM32\Acopter\Acopter\EWARM\Acopter\Obj\parameter.o
#        G:\STM32\Acopter\Acopter\EWARM\Acopter\Obj\pwm.o
#        G:\STM32\Acopter\Acopter\EWARM\Acopter\Obj\quaternion.o
#        G:\STM32\Acopter\Acopter\EWARM\Acopter\Obj\rc.o
#        G:\STM32\Acopter\Acopter\EWARM\Acopter\Obj\scheduler.o
#        G:\STM32\Acopter\Acopter\EWARM\Acopter\Obj\sonar.o
#        G:\STM32\Acopter\Acopter\EWARM\Acopter\Obj\startup_stm32f407xx.o
#        G:\STM32\Acopter\Acopter\EWARM\Acopter\Obj\stm32f4xx_hal.o
#        G:\STM32\Acopter\Acopter\EWARM\Acopter\Obj\stm32f4xx_hal_cortex.o
#        G:\STM32\Acopter\Acopter\EWARM\Acopter\Obj\stm32f4xx_hal_dma.o
#        G:\STM32\Acopter\Acopter\EWARM\Acopter\Obj\stm32f4xx_hal_dma_ex.o
#        G:\STM32\Acopter\Acopter\EWARM\Acopter\Obj\stm32f4xx_hal_flash.o
#        G:\STM32\Acopter\Acopter\EWARM\Acopter\Obj\stm32f4xx_hal_flash_ex.o
#        G:\STM32\Acopter\Acopter\EWARM\Acopter\Obj\stm32f4xx_hal_flash_ramfunc.o
#        G:\STM32\Acopter\Acopter\EWARM\Acopter\Obj\stm32f4xx_hal_gpio.o
#        G:\STM32\Acopter\Acopter\EWARM\Acopter\Obj\stm32f4xx_hal_msp.o
#        G:\STM32\Acopter\Acopter\EWARM\Acopter\Obj\stm32f4xx_hal_pwr.o
#        G:\STM32\Acopter\Acopter\EWARM\Acopter\Obj\stm32f4xx_hal_pwr_ex.o
#        G:\STM32\Acopter\Acopter\EWARM\Acopter\Obj\stm32f4xx_hal_rcc.o
#        G:\STM32\Acopter\Acopter\EWARM\Acopter\Obj\stm32f4xx_hal_rcc_ex.o
#        G:\STM32\Acopter\Acopter\EWARM\Acopter\Obj\stm32f4xx_hal_spi.o
#        G:\STM32\Acopter\Acopter\EWARM\Acopter\Obj\stm32f4xx_hal_tim.o
#        G:\STM32\Acopter\Acopter\EWARM\Acopter\Obj\stm32f4xx_hal_tim_ex.o
#        G:\STM32\Acopter\Acopter\EWARM\Acopter\Obj\stm32f4xx_hal_uart.o
#        G:\STM32\Acopter\Acopter\EWARM\Acopter\Obj\stm32f4xx_it.o
#        G:\STM32\Acopter\Acopter\EWARM\Acopter\Obj\system_stm32f4xx.o
#        G:\STM32\Acopter\Acopter\EWARM\Acopter\Obj\time.o
#        G:\STM32\Acopter\Acopter\EWARM\Acopter\Obj\vector3.o --redirect
#        _Printf=_PrintfFull --redirect _Scanf=_ScanfFull -o
#        G:\STM32\Acopter\Acopter\EWARM\Acopter\Exe\Acopter.out --map
#        G:\STM32\Acopter\Acopter\EWARM\Acopter\List\Acopter.map --config
#        G:\STM32\Acopter\Acopter\EWARM/stm32f407xx_flash.icf --semihosting
#        --entry __iar_program_start --vfe
#
###############################################################################

*******************************************************************************
*** RUNTIME MODEL ATTRIBUTES
***

CppFlavor                     = *
__CPP_Language                = EC++
__SystemLibrary               = DLib
__dlib_dynamic_initialization = normal


*******************************************************************************
*** PLACEMENT SUMMARY
***

"A1":  place at 0x08000000 { ro section .intvec };
"P1":  place in [from 0x08000000 to 0x080fffff] { ro };
"P2":  place in [from 0x20000000 to 0x2001ffff] { rw, block CSTACK, block HEAP };

  Section             Kind        Address    Size  Object
  -------             ----        -------    ----  ------
"A1":                                       0x188
  .intvec             ro code  0x08000000   0x188  startup_stm32f407xx.o [1]
                             - 0x08000188   0x188

"P1":                                      0x81ee
  .text               ro code  0x08000188   0xca8  ctrl.o [1]
  .text               ro code  0x08000e30    0x60  ctrl.o [1]
  .text               ro code  0x08000e90   0x614  mymath.o [1]
  .text               ro code  0x080014a4    0x38  xfdtest.o [4]
  .text               ro code  0x080014dc     0xa  quaternion.o [1]
  .text               ro code  0x080014e8    0x4e  FltToDbl.o [4]
  .text               ro code  0x08001538    0x90  DblToFlt.o [4]
  .text               ro code  0x080015c8   0x2ec  pwm.o [1]
  .text               ro code  0x080018b4   0x1a2  DblMul.o [4]
  .text               ro code  0x08001a56    0x44  ctrl.o [1]
  .text               ro code  0x08001a9c   0x2fc  rc.o [1]
  .text               ro code  0x08001d98   0x1f4  stm32f4xx_hal_gpio.o [1]
  .text               ro code  0x08001f8c   0x71c  stm32f4xx_hal_tim.o [1]
  .text               ro code  0x080026a8     0x6  ABImemclr4.o [5]
  .text               ro code  0x080026b0   0x394  stm32f4xx_hal_msp.o [1]
  .text               ro code  0x08002a44    0x8e  stm32f4xx_hal_tim_ex.o [1]
  .text               ro code  0x08002ad4    0x32  ABImemset48.o [5]
  .text               ro code  0x08002b08    0xe2  stm32f4xx_hal_cortex.o [1]
  .text               ro code  0x08002bec   0x404  stm32f4xx_hal_dma.o [1]
  .text               ro code  0x08002ff0   0x498  main.o [1]
  .text               ro code  0x08003488    0x70  stm32f4xx_hal.o [1]
  .text               ro code  0x080034f8   0x50e  stm32f4xx_hal_uart.o [1]
  .text               ro code  0x08003a08   0x92c  stm32f4xx_hal_spi.o [1]
  .text               ro code  0x08004334   0x108  init.o [1]
  .text               ro code  0x0800443c   0x434  stm32f4xx_hal_rcc.o [1]
  .text               ro code  0x08004870    0x8c  delay.o [1]
  .text               ro code  0x080048fc   0x148  parameter.o [1]
  .text               ro code  0x08004a44   0x6b4  AHRS.o [1]
  .text               ro code  0x080050f8    0xc0  time.o [1]
  .text               ro code  0x080051b8   0x65c  os_core.o [1]
  .text               ro code  0x08005814   0x39a  os_task.o [1]
  .text               ro code  0x08005bb0    0x5c  os_time.o [1]
  .text               ro code  0x08005c0c   0x5ae  flash.o [1]
  .text               ro code  0x080061bc    0x48  height_ctrl.o [1]
  .text               ro code  0x08006204    0x44  AHRS.o [1]
  .text               ro code  0x08006248    0x56  ABImemcpy_unaligned.o [5]
  .text               ro code  0x080062a0   0x2f4  scheduler.o [1]
  .text               ro code  0x08006594   0x15c  os_cpu_c.o [1]
  .text               ro code  0x080066f0     0x6  ABImemclr.o [5]
  .text               ro code  0x080066f8    0x62  os_flag.o [1]
  .text               ro code  0x0800675c    0x38  os_q.o [1]
  CODE                ro code  0x08006794    0xc8  os_cpu_a.o [1]
  .text               ro code  0x0800685c   0x1e8  stm32f4xx_hal_flash.o [1]
  .text               ro code  0x08006a44   0x15c  stm32f4xx_hal_flash_ex.o [1]
  .text               ro code  0x08006ba0     0xa  magnet.o [1]
  .text               ro code  0x08006bac   0x15c  os_sem.o [1]
  .text               ro code  0x08006d08   0x2f4  magnet.o [1]
  .text               ro code  0x08006ffc   0x6ec  datatrans.o [1]
  .text               ro code  0x080076e8   0x57a  imu.o [1]
  .text               ro code  0x08007c64    0x28  led.o [1]
  .text               ro code  0x08007c8c    0x5e  ABImemset.o [5]
  .text               ro code  0x08007cea    0x24  magnet.o [1]
  .text               ro code  0x08007d0e     0xe  vector3.o [1]
  .text               ro code  0x08007d1c    0x2c  I32ToDbl.o [4]
  .text               ro code  0x08007d48    0x40  imu.o [1]
  .text               ro code  0x08007d88    0xd4  filter.o [1]
  .text               ro code  0x08007e5c    0x5c  asinf.o [4]
  .text               ro code  0x08007eb8    0x2c  imu.o [1]
  .text               ro code  0x08007ee4    0xa4  xatanf.o [4]
  .text               ro code  0x08007f88     0xc  iarEdom.o [5]
  .text               ro code  0x08007f94     0xc  errno.o [3]
  .text               ro code  0x08007fa0     0x2  xtls.o [3]
  .text               ro code  0x08007fa4    0xc0  stm32f4xx_it.o [1]
  .text               ro code  0x08008064    0x50  system_stm32f4xx.o [1]
  .text               ro code  0x080080b4    0x40  zero_init3.o [5]
  .text               ro code  0x080080f4    0x38  packbits_init_single.o [5]
  .text               ro code  0x0800812c    0x28  data_init.o [5]
  .text               ro code  0x08008154    0x22  fpinit_M.o [4]
  .iar.init_table     const    0x08008178    0x24  - Linker created -
  .text               ro code  0x0800819c    0x20  cmain_call_ctors.o [5]
  .text               ro code  0x080081bc    0x18  cppinit.o [3]
  .text               ro code  0x080081d4    0x1a  cmain.o [5]
  .text               ro code  0x080081ee     0x4  low_level_init.o [3]
  .text               ro code  0x080081f2     0x4  exit.o [3]
  .text               ro code  0x080081f8     0xa  cexit.o [5]
  .text               ro code  0x08008204    0x14  exit.o [6]
  .text               ro code  0x08008218    0x10  startup_stm32f407xx.o [1]
  SHT$$PREINIT_ARRAY           0x08008228     0x0  <Block>
  SHT$$INIT_ARRAY              0x08008228    0x10  <Block>
    .init_array       const    0x08008228     0x4  AHRS.o [1]
    .init_array       const    0x0800822c     0x4  ctrl.o [1]
    .init_array       const    0x08008230     0x4  imu.o [1]
    .init_array       const    0x08008234     0x4  magnet.o [1]
  .text               ro code  0x08008238     0xc  cstartup_M.o [5]
  .text               ro code  0x08008244     0x4  startup_stm32f407xx.o [1]
  .text               ro code  0x08008248     0x4  startup_stm32f407xx.o [1]
  .text               ro code  0x0800824c     0x4  startup_stm32f407xx.o [1]
  .text               ro code  0x08008250     0x4  startup_stm32f407xx.o [1]
  .text               ro code  0x08008254     0x4  startup_stm32f407xx.o [1]
  .text               ro code  0x08008258     0x4  startup_stm32f407xx.o [1]
  .text               ro code  0x0800825c     0x4  startup_stm32f407xx.o [1]
  .text               ro code  0x08008260     0x4  startup_stm32f407xx.o [1]
  .text               ro code  0x08008264     0x4  startup_stm32f407xx.o [1]
  .text               ro code  0x08008268     0x4  startup_stm32f407xx.o [1]
  .text               ro code  0x0800826c     0x4  startup_stm32f407xx.o [1]
  .text               ro code  0x08008270     0x4  startup_stm32f407xx.o [1]
  .text               ro code  0x08008274     0x4  startup_stm32f407xx.o [1]
  .text               ro code  0x08008278     0x4  startup_stm32f407xx.o [1]
  .text               ro code  0x0800827c     0x4  startup_stm32f407xx.o [1]
  .text               ro code  0x08008280     0x4  startup_stm32f407xx.o [1]
  .text               ro code  0x08008284     0x4  startup_stm32f407xx.o [1]
  .text               ro code  0x08008288     0x4  startup_stm32f407xx.o [1]
  .text               ro code  0x0800828c     0x4  startup_stm32f407xx.o [1]
  .text               ro code  0x08008290     0x4  startup_stm32f407xx.o [1]
  .text               ro code  0x08008294     0x4  startup_stm32f407xx.o [1]
  .text               ro code  0x08008298     0x4  startup_stm32f407xx.o [1]
  .text               ro code  0x0800829c     0x4  startup_stm32f407xx.o [1]
  .text               ro code  0x080082a0     0x4  startup_stm32f407xx.o [1]
  .text               ro code  0x080082a4     0x4  startup_stm32f407xx.o [1]
  .text               ro code  0x080082a8     0x4  startup_stm32f407xx.o [1]
  .text               ro code  0x080082ac     0x4  startup_stm32f407xx.o [1]
  .text               ro code  0x080082b0     0x4  startup_stm32f407xx.o [1]
  .text               ro code  0x080082b4     0x4  startup_stm32f407xx.o [1]
  .text               ro code  0x080082b8     0x4  startup_stm32f407xx.o [1]
  .text               ro code  0x080082bc     0x4  startup_stm32f407xx.o [1]
  .text               ro code  0x080082c0     0x4  startup_stm32f407xx.o [1]
  .text               ro code  0x080082c4     0x4  startup_stm32f407xx.o [1]
  .text               ro code  0x080082c8     0x4  startup_stm32f407xx.o [1]
  .text               ro code  0x080082cc     0x4  startup_stm32f407xx.o [1]
  .text               ro code  0x080082d0     0x4  startup_stm32f407xx.o [1]
  .text               ro code  0x080082d4     0x4  startup_stm32f407xx.o [1]
  .text               ro code  0x080082d8     0x4  startup_stm32f407xx.o [1]
  .text               ro code  0x080082dc     0x4  startup_stm32f407xx.o [1]
  .text               ro code  0x080082e0     0x4  startup_stm32f407xx.o [1]
  .text               ro code  0x080082e4     0x4  startup_stm32f407xx.o [1]
  .text               ro code  0x080082e8     0x4  startup_stm32f407xx.o [1]
  .text               ro code  0x080082ec     0x4  startup_stm32f407xx.o [1]
  .text               ro code  0x080082f0     0x4  startup_stm32f407xx.o [1]
  .text               ro code  0x080082f4     0x4  startup_stm32f407xx.o [1]
  .text               ro code  0x080082f8     0x4  startup_stm32f407xx.o [1]
  .text               ro code  0x080082fc     0x4  startup_stm32f407xx.o [1]
  .text               ro code  0x08008300     0x4  startup_stm32f407xx.o [1]
  .text               ro code  0x08008304     0x4  startup_stm32f407xx.o [1]
  .text               ro code  0x08008308     0x4  startup_stm32f407xx.o [1]
  .text               ro code  0x0800830c     0x4  startup_stm32f407xx.o [1]
  .text               ro code  0x08008310     0x4  startup_stm32f407xx.o [1]
  .text               ro code  0x08008314     0x4  startup_stm32f407xx.o [1]
  .text               ro code  0x08008318     0x4  startup_stm32f407xx.o [1]
  .text               ro code  0x0800831c     0x4  startup_stm32f407xx.o [1]
  .text               ro code  0x08008320     0x4  startup_stm32f407xx.o [1]
  .text               ro code  0x08008324     0x4  startup_stm32f407xx.o [1]
  .text               ro code  0x08008328     0x4  startup_stm32f407xx.o [1]
  .text               ro code  0x0800832c     0x4  startup_stm32f407xx.o [1]
  .text               ro code  0x08008330     0x4  startup_stm32f407xx.o [1]
  .text               ro code  0x08008334     0x4  startup_stm32f407xx.o [1]
  .text               ro code  0x08008338     0x4  startup_stm32f407xx.o [1]
  .text               ro code  0x0800833c     0x4  startup_stm32f407xx.o [1]
  .text               ro code  0x08008340     0x4  startup_stm32f407xx.o [1]
  .text               ro code  0x08008344     0x4  startup_stm32f407xx.o [1]
  .text               ro code  0x08008348     0x4  startup_stm32f407xx.o [1]
  .text               ro code  0x0800834c     0x4  startup_stm32f407xx.o [1]
  .text               ro code  0x08008350     0x4  startup_stm32f407xx.o [1]
  .text               ro code  0x08008354     0x4  startup_stm32f407xx.o [1]
  .text               ro code  0x08008358     0x4  startup_stm32f407xx.o [1]
  .text               ro code  0x0800835c     0x4  startup_stm32f407xx.o [1]
  .text               ro code  0x08008360     0x4  startup_stm32f407xx.o [1]
  .rodata             const    0x08008364     0x0  zero_init3.o [5]
  .rodata             const    0x08008364     0x0  packbits_init_single.o [5]
  Initializer bytes   const    0x08008364    0x12  <for P2-1>
                             - 0x08008376  0x81ee

"P2", part 1 of 3:                          0x238
  P2-1                         0x20000000   0x238  <Init block>
    .data             inited   0x20000000   0x230  height_ctrl.o [1]
    .data             inited   0x20000230     0x4  system_stm32f4xx.o [1]
    __DLIB_PERTHREAD  inited   0x20000234     0x4  errno.o [3]
                             - 0x20000238   0x238

"P2", part 2 of 3:                          0x400
  CSTACK                       0x20000238   0x400  <Block>
    CSTACK            uninit   0x20000238   0x400  <Block tail>
                             - 0x20000638   0x400

"P2", part 3 of 3:                         0x5974
  .bss                zero     0x20000638  0x4030  scheduler.o [1]
  .bss                zero     0x20004668   0x8f4  os_core.o [1]
  .bss                zero     0x20004f5c   0x30c  AHRS.o [1]
  .bss                zero     0x20005268   0x21c  ctrl.o [1]
  .bss                zero     0x20005484   0x188  main.o [1]
  .bss                zero     0x2000560c   0x130  flash.o [1]
  .bss                zero     0x2000573c   0x100  os_core.o [1]
  .bss                zero     0x2000583c   0x100  scheduler.o [1]
  .bss                zero     0x2000593c    0xe8  rc.o [1]
  .bss                zero     0x20005a24    0x90  imu.o [1]
  .bss                zero     0x20005ab4    0x8c  time.o [1]
  .bss                zero     0x20005b40    0x7c  datatrans.o [1]
  .bss                zero     0x20005bbc    0x78  os_core.o [1]
  .bss                zero     0x20005c34    0x64  magnet.o [1]
  .bss                zero     0x20005c98    0x60  main.o [1]
  .bss                zero     0x20005cf8    0x60  main.o [1]
  .bss                zero     0x20005d58    0x60  main.o [1]
  .bss                zero     0x20005db8    0x60  main.o [1]
  .bss                zero     0x20005e18    0x58  pwm.o [1]
  .bss                zero     0x20005e70    0x50  os_core.o [1]
  .bss                zero     0x20005ec0    0x3c  main.o [1]
  .bss                zero     0x20005efc    0x2c  magnet.o [1]
  .bss                zero     0x20005f28    0x20  stm32f4xx_hal_flash.o [1]
  .bss                zero     0x20005f48    0x14  flash.o [1]
  .bss                zero     0x20005f5c    0x14  imu.o [1]
  .bss                zero     0x20005f70    0x10  rc.o [1]
  .bss                zero     0x20005f80     0x4  AHRS.o [1]
  .bss                zero     0x20005f84     0x4  ctrl.o [1]
  .bss                zero     0x20005f88     0x4  delay.o [1]
  .bss                zero     0x20005f8c     0x4  filter.o [1]
  .bss                zero     0x20005f90     0x4  led.o [1]
  .bss                zero     0x20005f94     0x4  os_core.o [1]
  .bss                zero     0x20005f98     0x4  os_core.o [1]
  .bss                zero     0x20005f9c     0x4  parameter.o [1]
  .bss                zero     0x20005fa0     0x4  stm32f4xx_hal.o [1]
  .bss                zero     0x20005fa4     0x3  datatrans.o [1]
  .bss                zero     0x20005fa7     0x1  init.o [1]
  .bss                zero     0x20005fa8     0x1  magnet.o [1]
                             - 0x20005fa9  0x5971


*******************************************************************************
*** INIT TABLE
***

          Address     Size
          -------     ----
Zero (__iar_zero_init3)
    1 destination range, total size 0x5971:
          0x20000638  0x5971

Copy/packbits (__iar_packbits_init_single3)
    1 source range, total size 0x12 (3% of destination):
          0x08008364    0x12
    1 destination range, total size 0x238:
          0x20000000   0x238

Extra (__iar_cstart_call_ctors)



*******************************************************************************
*** MODULE SUMMARY
***

    Module                    ro code  ro data  rw data
    ------                    -------  -------  -------
G:\STM32\Acopter\Acopter\EWARM\Acopter\Obj: [1]
    AHRS.o                      1 784        4      784
    ctrl.o                      3 404        4      544
    datatrans.o                 1 772               127
    delay.o                       140                 4
    filter.o                      212                 4
    flash.o                     1 454               324
    height_ctrl.o                  72       17      560
    imu.o                       1 510        4      164
    init.o                        264                 1
    led.o                          40                 4
    magnet.o                      802        4      145
    main.o                      1 176               836
    mymath.o                    1 556
    os_core.o                   1 628             2 756
    os_cpu_a.o                    200
    os_cpu_c.o                    348
    os_flag.o                      98
    os_q.o                         56
    os_sem.o                      348
    os_task.o                     922
    os_time.o                      92
    parameter.o                   328                 4
    pwm.o                         748                88
    quaternion.o                   10
    rc.o                          764               248
    scheduler.o                   756            16 688
    startup_stm32f407xx.o         696
    stm32f4xx_hal.o               112                 4
    stm32f4xx_hal_cortex.o        226
    stm32f4xx_hal_dma.o         1 028
    stm32f4xx_hal_flash.o         488                32
    stm32f4xx_hal_flash_ex.o      348
    stm32f4xx_hal_gpio.o          500
    stm32f4xx_hal_msp.o           916
    stm32f4xx_hal_rcc.o         1 076
    stm32f4xx_hal_spi.o         2 348
    stm32f4xx_hal_tim.o         1 820
    stm32f4xx_hal_tim_ex.o        142
    stm32f4xx_hal_uart.o        1 294
    stm32f4xx_it.o                192
    system_stm32f4xx.o             80                 4
    time.o                        192               140
    vector3.o                      14
    ---------------------------------------------------
    Total:                     31 956       33   23 461

command line: [2]
    ---------------------------------------------------
    Total:

dl7M_tlf.a: [3]
    cppinit.o                      24
    errno.o                        12        1        4
    exit.o                          4
    low_level_init.o                4
    xtls.o                          2
    ---------------------------------------------------
    Total:                         46        1        4

m7M_tls.a: [4]
    DblMul.o                      418
    DblToFlt.o                    144
    FltToDbl.o                     78
    I32ToDbl.o                     44
    asinf.o                        92
    fpinit_M.o                     34
    xatanf.o                      164
    xfdtest.o                      56
    ---------------------------------------------------
    Total:                      1 030

rt7M_tl.a: [5]
    ABImemclr.o                     6
    ABImemclr4.o                    6
    ABImemcpy_unaligned.o          86
    ABImemset.o                    94
    ABImemset48.o                  50
    cexit.o                        10
    cmain.o                        26
    cmain_call_ctors.o             32
    cstartup_M.o                   12
    data_init.o                    40
    iarEdom.o                      12
    packbits_init_single.o         56
    zero_init3.o                   64
    ---------------------------------------------------
    Total:                        494

shb_l.a: [6]
    exit.o                         20
    ---------------------------------------------------
    Total:                         20

    Gaps                           36        2
    Linker created                          36    1 024
-------------------------------------------------------
    Grand Total:               33 582       72   24 489


*******************************************************************************
*** ENTRY LIST
***

Entry                      Address    Size  Type      Object
-----                      -------    ----  ----      ------
.iar.init_table$$Base   0x08008178           --   Gb  - Linker created -
.iar.init_table$$Limit  0x0800819c           --   Gb  - Linker created -
?main                   0x080081d5          Code  Gb  cmain.o [5]
AHRS_S::AHRS_S()        0x08006205    0x44  Code  Gb  AHRS.o [1]
AHRS_S::MPU9250_Check()
                        0x08004bed    0xac  Code  Gb  AHRS.o [1]
AHRS_S::MPU9250_Init(__SPI_HandleTypeDef *)
                        0x08004bb7    0x36  Code  Gb  AHRS.o [1]
AHRS_S::MPU_READ_INITIAL_DATA()
                        0x08004ca5    0x50  Code  Gb  AHRS.o [1]
AHRS_S::Transform(float, float, float, float *, float *, float *)
                        0x08004cf5     0xe  Code  Gb  AHRS.o [1]
AHRS_S::ahrs_Data_Offset()
                        0x08004d05   0x102  Code  Gb  AHRS.o [1]
AHRS_S::ahrs_Data_Prepare(float)
                        0x08004e07   0x132  Code  Gb  AHRS.o [1]
AHRS_S::ahrs_data_filt(float)
                        0x08004f51   0x160  Code  Gb  AHRS.o [1]
AHRS_S::initial_data_filed()
                        0x080050b1    0x10  Code  Gb  AHRS.o [1]
APBAHBPrescTable        0x08004860    0x10  Data  Lc  stm32f4xx_hal_rcc.o [1]
Acopter_RC::CH_Mapping_Fun(unsigned short *, unsigned short *)
                        0x08001a9d    0x1c  Code  Gb  rc.o [1]
Acopter_RC::Feed_Rc_Dog(unsigned char)
                        0x08001d57     0xa  Code  Gb  rc.o [1]
Acopter_RC::Fly_Ready(float)
                        0x08001c95    0x98  Code  Gb  rc.o [1]
Acopter_RC::RC_Duty(float, unsigned short *)
                        0x08001ab9   0x1dc  Code  Gb  rc.o [1]
All_Init()              0x08004335    0xc4  Code  Gb  init.o [1]
BusFault_Handler        0x08007fab     0x2  Code  Gb  stm32f4xx_it.o [1]
CH_DIR                  0x08001d80     0x8  Data  Lc  rc.o [1]
CH_in_Mapping           0x08001d88    0x10  Data  Lc  rc.o [1]
CSTACK$$Base            0x20000238           --   Gb  - Linker created -
CSTACK$$Limit           0x20000638           --   Gb  - Linker created -
CTRL_S::All_Out(float, float, float)
                        0x08000aed   0x2a0  Code  Gb  ctrl.o [1]
CTRL_S::CTRL_1(float)   0x080005a5   0x442  Code  Gb  ctrl.o [1]
CTRL_S::CTRL_2(float)   0x080001ad   0x3cc  Code  Gb  ctrl.o [1]
CTRL_S::CTRL_S()        0x08000e31    0x60  Code  Gb  ctrl.o [1]
CTRL_S::Ctrl_Para_Init()
                        0x08000191    0x1a  Code  Gb  ctrl.o [1]
CTRL_S::Thr_Ctrl(float)
                        0x08000a2d    0xa6  Code  Gb  ctrl.o [1]
CYCLER_TASK_STK         0x20002668  0x1000  Data  Gb  scheduler.o [1]
CYCLEST_TASK_STK        0x20000668  0x2000  Data  Gb  scheduler.o [1]
DMA1_Stream0_IRQHandler
                        0x08007fe1     0x6  Code  Gb  stm32f4xx_it.o [1]
DMA1_Stream5_IRQHandler
                        0x08007fe7     0x6  Code  Gb  stm32f4xx_it.o [1]
DMA1_Stream6_IRQHandler
                        0x08007fed     0x6  Code  Gb  stm32f4xx_it.o [1]
DMA1_Stream7_IRQHandler
                        0x08008017     0x6  Code  Gb  stm32f4xx_it.o [1]
DMA_CalcBaseAndBitshift(__DMA_HandleTypeDef *)
                        0x08002fc3    0x24  Code  Lc  stm32f4xx_hal_dma.o [1]
DMA_SetConfig(__DMA_HandleTypeDef *, unsigned int, unsigned int, unsigned int)
                        0x08002fa5    0x1e  Code  Lc  stm32f4xx_hal_dma.o [1]
Datatrans::ANO_DT_Data_Receive_Anl(unsigned char *, unsigned char)
                        0x080074a1   0x1dc  Code  Gb  datatrans.o [1]
Datatrans::ANO_DT_Send_Check(unsigned char, unsigned char)
                        0x080076bb    0x2e  Code  Gb  datatrans.o [1]
Datatrans::ANO_DT_Send_PID(unsigned char, float, float, float, float, float, float, float, float, float)
                        0x08007215    0xf6  Code  Gb  datatrans.o [1]
Datatrans::ANO_data_receive_prepara()
                        0x080073ef    0xa8  Code  Gb  datatrans.o [1]
Datatrans::acopter_Send_Data(unsigned char *, unsigned char)
                        0x08007073     0x8  Code  Gb  datatrans.o [1]
Datatrans::data_trans_with_ano()
                        0x0800731f    0xd0  Code  Gb  datatrans.o [1]
Datatrans::send_15_data(short, short, short, short, short, short, short, short, short, float, float, float, int, unsigned char, unsigned char)
                        0x0800707d   0x18e  Code  Gb  datatrans.o [1]
Datatrans::send_all_fly_data_to_ANO()
                        0x08006ffd    0x76  Code  Gb  datatrans.o [1]
DebugMon_Handler        0x08007fb1     0x2  Code  Gb  stm32f4xx_it.o [1]
EraseInitStruct         0x20005f48    0x14  Data  Gb  flash.o [1]
Error_Handler()         0x08003487     0x2  Code  Gb  main.o [1]
FLASH_Erase_Sector      0x08006af9    0x48  Code  Gb  stm32f4xx_hal_flash_ex.o [1]
FLASH_FlushCaches       0x08006b41    0x50  Code  Gb  stm32f4xx_hal_flash_ex.o [1]
FLASH_MassErase(unsigned char, unsigned int)
                        0x08006ad9    0x20  Code  Lc  stm32f4xx_hal_flash_ex.o [1]
FLASH_Program_Byte(unsigned int, unsigned char)
                        0x0800699f    0x1a  Code  Lc  stm32f4xx_hal_flash.o [1]
FLASH_Program_DoubleWord(unsigned int, unsigned long long)
                        0x08006941    0x22  Code  Lc  stm32f4xx_hal_flash.o [1]
FLASH_Program_HalfWord(unsigned int, unsigned short)
                        0x08006981    0x1e  Code  Lc  stm32f4xx_hal_flash.o [1]
FLASH_Program_Word(unsigned int, unsigned int)
                        0x08006963    0x1e  Code  Lc  stm32f4xx_hal_flash.o [1]
FLASH_SetErrorCode()    0x080069b9    0x74  Code  Lc  stm32f4xx_hal_flash.o [1]
FLASH_WaitForLastOperation
                        0x080068f1    0x50  Code  Gb  stm32f4xx_hal_flash.o [1]
FLASHinit()             0x08005c7d    0x2a  Code  Gb  flash.o [1]
GetSector(unsigned int)
                        0x08005c0d    0x70  Code  Lc  flash.o [1]
HAL_DMA_Abort           0x08002d43    0x72  Code  Gb  stm32f4xx_hal_dma.o [1]
HAL_DMA_Abort_IT        0x08002dc1    0x24  Code  Gb  stm32f4xx_hal_dma.o [1]
HAL_DMA_IRQHandler      0x08002de5   0x18c  Code  Gb  stm32f4xx_hal_dma.o [1]
HAL_DMA_Init            0x08002bed    0xe6  Code  Gb  stm32f4xx_hal_dma.o [1]
HAL_DMA_Start_IT        0x08002cd3    0x64  Code  Gb  stm32f4xx_hal_dma.o [1]
HAL_FLASHEx_Erase       0x08006a45    0x94  Code  Gb  stm32f4xx_hal_flash_ex.o [1]
HAL_FLASH_Lock          0x080068e3     0x8  Code  Gb  stm32f4xx_hal_flash.o [1]
HAL_FLASH_Program       0x0800685d    0x72  Code  Gb  stm32f4xx_hal_flash.o [1]
HAL_FLASH_Unlock        0x080068cf    0x14  Code  Gb  stm32f4xx_hal_flash.o [1]
HAL_GPIO_Init           0x08001d99   0x1b4  Code  Gb  stm32f4xx_hal_gpio.o [1]
HAL_GPIO_ReadPin        0x08001f4d     0xc  Code  Gb  stm32f4xx_hal_gpio.o [1]
HAL_GPIO_WritePin       0x08001f59     0x8  Code  Gb  stm32f4xx_hal_gpio.o [1]
HAL_GetTick             0x080034e7     0x6  Code  Wk  stm32f4xx_hal.o [1]
HAL_IncTick             0x080034dd     0xa  Code  Wk  stm32f4xx_hal.o [1]
HAL_Init                0x08003489    0x30  Code  Gb  stm32f4xx_hal.o [1]
HAL_InitTick            0x080034b9    0x24  Code  Wk  stm32f4xx_hal.o [1]
HAL_MspInit             0x080026b1    0x60  Code  Gb  stm32f4xx_hal_msp.o [1]
HAL_NVIC_EnableIRQ      0x08002b77     0xc  Code  Gb  stm32f4xx_hal_cortex.o [1]
HAL_NVIC_SetPriority    0x08002b3d    0x3a  Code  Gb  stm32f4xx_hal_cortex.o [1]
HAL_NVIC_SetPriorityGrouping
                        0x08002b23    0x1a  Code  Gb  stm32f4xx_hal_cortex.o [1]
HAL_RCC_ClockConfig     0x08004685   0x12c  Code  Gb  stm32f4xx_hal_rcc.o [1]
HAL_RCC_GetHCLKFreq     0x08004805     0x6  Code  Gb  stm32f4xx_hal_rcc.o [1]
HAL_RCC_GetPCLK1Freq    0x0800480b    0x12  Code  Gb  stm32f4xx_hal_rcc.o [1]
HAL_RCC_GetPCLK2Freq    0x0800481d    0x10  Code  Gb  stm32f4xx_hal_rcc.o [1]
HAL_RCC_GetSysClockFreq
                        0x080047bf    0x46  Code  Wk  stm32f4xx_hal_rcc.o [1]
HAL_RCC_OscConfig       0x0800443d   0x240  Code  Wk  stm32f4xx_hal_rcc.o [1]
HAL_SPI_DMAStop         0x08004071    0x22  Code  Gb  stm32f4xx_hal_spi.o [1]
HAL_SPI_ErrorCallback   0x08004183     0x2  Code  Wk  stm32f4xx_hal_spi.o [1]
HAL_SPI_IRQHandler      0x08004093    0xe8  Code  Gb  stm32f4xx_hal_spi.o [1]
HAL_SPI_Init            0x08003a09    0x76  Code  Gb  stm32f4xx_hal_spi.o [1]
HAL_SPI_MspInit         0x08002711    0xc4  Code  Gb  stm32f4xx_hal_msp.o [1]
HAL_SPI_Receive         0x08003bb3   0x11a  Code  Gb  stm32f4xx_hal_spi.o [1]
HAL_SPI_Receive_DMA     0x08003ecd    0x98  Code  Gb  stm32f4xx_hal_spi.o [1]
HAL_SPI_RxCpltCallback  0x0800417b     0x2  Code  Wk  stm32f4xx_hal_spi.o [1]
HAL_SPI_RxHalfCpltCallback
                        0x0800417f     0x2  Code  Wk  stm32f4xx_hal_spi.o [1]
HAL_SPI_Transmit        0x08003a8b   0x128  Code  Gb  stm32f4xx_hal_spi.o [1]
HAL_SPI_TransmitReceive
                        0x08003ccd   0x18e  Code  Gb  stm32f4xx_hal_spi.o [1]
HAL_SPI_TransmitReceive_DMA
                        0x08003f73    0xae  Code  Gb  stm32f4xx_hal_spi.o [1]
HAL_SPI_TxRxCpltCallback
                        0x0800417d     0x2  Code  Wk  stm32f4xx_hal_spi.o [1]
HAL_SPI_TxRxHalfCpltCallback
                        0x08004181     0x2  Code  Wk  stm32f4xx_hal_spi.o [1]
HAL_SYSTICK_CLKSourceConfig
                        0x08002bb3    0x14  Code  Gb  stm32f4xx_hal_cortex.o [1]
HAL_SYSTICK_Callback    0x08002be9     0x2  Code  Wk  stm32f4xx_hal_cortex.o [1]
HAL_SYSTICK_Config      0x08002b8b    0x28  Code  Gb  stm32f4xx_hal_cortex.o [1]
HAL_SYSTICK_IRQHandler  0x08002be1     0x8  Code  Gb  stm32f4xx_hal_cortex.o [1]
HAL_TIMEx_BreakCallback
                        0x08002ad1     0x2  Code  Wk  stm32f4xx_hal_tim_ex.o [1]
HAL_TIMEx_CommutationCallback
                        0x08002acf     0x2  Code  Wk  stm32f4xx_hal_tim_ex.o [1]
HAL_TIMEx_ConfigBreakDeadTime
                        0x08002a8f    0x40  Code  Gb  stm32f4xx_hal_tim_ex.o [1]
HAL_TIMEx_MasterConfigSynchronization
                        0x08002a45    0x4a  Code  Gb  stm32f4xx_hal_tim_ex.o [1]
HAL_TIM_IC_CaptureCallback
                        0x08001631   0x254  Code  Gb  pwm.o [1]
HAL_TIM_IC_ConfigChannel
                        0x080021b7   0x116  Code  Gb  stm32f4xx_hal_tim.o [1]
HAL_TIM_IC_Init         0x08002045    0x1a  Code  Gb  stm32f4xx_hal_tim.o [1]
HAL_TIM_IC_MspInit      0x08002813    0xc0  Code  Gb  stm32f4xx_hal_msp.o [1]
HAL_TIM_IC_Start_IT     0x0800205f     0xa  Code  Gb  stm32f4xx_hal_tim.o [1]
HAL_TIM_IRQHandler      0x0800206d   0x14a  Code  Gb  stm32f4xx_hal_tim.o [1]
HAL_TIM_MspPostInit(TIM_HandleTypeDef *)
                        0x08002901    0x38  Code  Gb  stm32f4xx_hal_msp.o [1]
HAL_TIM_OC_DelayElapsedCallback
                        0x080023e9     0x2  Code  Wk  stm32f4xx_hal_tim.o [1]
HAL_TIM_PWM_ConfigChannel
                        0x080022cd    0xb8  Code  Gb  stm32f4xx_hal_tim.o [1]
HAL_TIM_PWM_Init        0x08001fb7    0x1a  Code  Gb  stm32f4xx_hal_tim.o [1]
HAL_TIM_PWM_MspInit     0x080027d5    0x3e  Code  Gb  stm32f4xx_hal_msp.o [1]
HAL_TIM_PWM_PulseFinishedCallback
                        0x080023eb     0x2  Code  Wk  stm32f4xx_hal_tim.o [1]
HAL_TIM_PWM_Start       0x08001fd9    0x14  Code  Gb  stm32f4xx_hal_tim.o [1]
HAL_TIM_PeriodElapsedCallback
                        0x080023e7     0x2  Code  Wk  stm32f4xx_hal_tim.o [1]
HAL_TIM_ReadCapturedValue
                        0x080023a5    0x42  Code  Gb  stm32f4xx_hal_tim.o [1]
HAL_TIM_TriggerCallback
                        0x080023ed     0x2  Code  Wk  stm32f4xx_hal_tim.o [1]
HAL_UART_ErrorCallback  0x0800373b     0x2  Code  Wk  stm32f4xx_hal_uart.o [1]
HAL_UART_IRQHandler     0x080035e1   0x148  Code  Gb  stm32f4xx_hal_uart.o [1]
HAL_UART_Init           0x080034f9    0x28  Code  Gb  stm32f4xx_hal_uart.o [1]
HAL_UART_MspInit        0x08002949    0x9a  Code  Gb  stm32f4xx_hal_msp.o [1]
HAL_UART_RxCpltCallback
                        0x08003739     0x2  Code  Wk  stm32f4xx_hal_uart.o [1]
HAL_UART_Transmit_DMA   0x08003567    0x7a  Code  Gb  stm32f4xx_hal_uart.o [1]
HAL_UART_TxCpltCallback
                        0x08003735     0x2  Code  Wk  stm32f4xx_hal_uart.o [1]
HAL_UART_TxHalfCpltCallback
                        0x08003737     0x2  Code  Wk  stm32f4xx_hal_uart.o [1]
HLT_CTRL::Ultra_PID_Init()
                        0x080061d5    0x18  Code  Gb  height_ctrl.o [1]
HLT_CTRL::WZ_Speed_PID_Init()
                        0x080061bd    0x18  Code  Gb  height_ctrl.o [1]
HardFault_Handler       0x08007fa7     0x2  Code  Gb  stm32f4xx_it.o [1]
IMU_DCM::IMU_DCM()      0x08007d49    0x40  Code  Gb  imu.o [1]
IMU_DCM::IMUupdate(float, float, float, float, float, float, float, float *, float *, float *)
                        0x080076f1   0x524  Code  Gb  imu.o [1]
Init_Finish             0x20005fa7     0x1  Data  Gb  init.o [1]
LED::led_change()       0x08007c65    0x10  Code  Gb  led.o [1]
LED::led_state0()       0x08007c75     0x4  Code  Gb  led.o [1]
LED::led_state1()       0x08007c79     0x2  Code  Gb  led.o [1]
MAG_S::CalOffset_Mag()  0x08006d8d   0x1c6  Code  Gb  magnet.o [1]
MAG_S::MAG_S()          0x08007ceb    0x24  Code  Gb  magnet.o [1]
MAG_S::Read_Mag_Data()  0x08006d11    0x7c  Code  Gb  magnet.o [1]
MAG_S::filt_data()      0x08006f91    0x6c  Code  Gb  magnet.o [1]
MAX_CH                  0x08001d60    0x10  Data  Lc  rc.o [1]
MIN_CH                  0x08001d70    0x10  Data  Lc  rc.o [1]
MPU9250_Handler         0x20005f80     0x4  Data  Gb  AHRS.o [1]
MPU9250_Mag_ReadReg(unsigned char)
                        0x08004b3b    0x4e  Code  Gb  AHRS.o [1]
MPU9250_Mag_ReadRegs(unsigned char, unsigned char *, unsigned char)
                        0x08004b89    0x22  Code  Gb  AHRS.o [1]
MPU9250_Mag_WriteReg(unsigned char, unsigned char)
                        0x08004ae3    0x52  Code  Gb  AHRS.o [1]
MPU9250_ReadReg(unsigned char)
                        0x08004a5b    0x4e  Code  Gb  AHRS.o [1]
MPU9250_WriteReg(unsigned char, unsigned char)
                        0x08004aa9    0x3a  Code  Gb  AHRS.o [1]
MX_GPIO_Init()          0x08003395    0xb4  Code  Lc  main.o [1]
MX_TIM1_Init()          0x080032db    0x92  Code  Lc  main.o [1]
MemManage_Handler       0x08007fa9     0x2  Code  Gb  stm32f4xx_it.o [1]
NMI_Handler             0x08007fa5     0x2  Code  Gb  stm32f4xx_it.o [1]
NVIC_SetPriority(IRQn_Type, unsigned int)
                        0x08002b09    0x1a  Code  Lc  stm32f4xx_hal_cortex.o [1]
OSCPUUsage              0x20004668     0x1  Data  Gb  os_core.o [1]
OSCtxSw                 0x080067c3          Code  Gb  os_cpu_a.o [1]
OSCtxSwCtr              0x2000467c     0x4  Data  Gb  os_core.o [1]
OSEventFreeList         0x20004680     0x4  Data  Gb  os_core.o [1]
OSEventTbl              0x200046a4    0xc8  Data  Gb  os_core.o [1]
OSFlagFreeList          0x20005f94     0x4  Data  Gb  os_core.o [1]
OSFlagTbl               0x20005e70    0x50  Data  Gb  os_core.o [1]
OSIdleCtr               0x2000468c     0x4  Data  Gb  os_core.o [1]
OSIdleCtrMax            0x20004684     0x4  Data  Gb  os_core.o [1]
OSIdleCtrRun            0x20004688     0x4  Data  Gb  os_core.o [1]
OSInit                  0x080051b9   0x11c  Code  Gb  os_core.o [1]
OSInitHookBegin         0x08006595     0x2  Code  Gb  os_cpu_c.o [1]
OSInitHookEnd           0x08006597     0x2  Code  Gb  os_cpu_c.o [1]
OSIntCtxSw              0x080067cf          Code  Gb  os_cpu_a.o [1]
OSIntEnter              0x080052e1    0x16  Code  Gb  os_core.o [1]
OSIntExit               0x080052f7    0x4a  Code  Gb  os_core.o [1]
OSIntNesting            0x2000466a     0x1  Data  Gb  os_core.o [1]
OSLockNesting           0x2000466b     0x1  Data  Gb  os_core.o [1]
OSPrioCur               0x2000466c     0x1  Data  Gb  os_core.o [1]
OSPrioHighRdy           0x2000466d     0x1  Data  Gb  os_core.o [1]
OSQFreeList             0x20005f98     0x4  Data  Gb  os_core.o [1]
OSQTbl                  0x20005bbc    0x78  Data  Gb  os_core.o [1]
OSRdyGrp                0x2000466e     0x1  Data  Gb  os_core.o [1]
OSRdyTbl                0x20004674     0x8  Data  Gb  os_core.o [1]
OSRunning               0x2000466f     0x1  Data  Gb  os_core.o [1]
OSSchedLock             0x08005341    0x1e  Code  Gb  os_core.o [1]
OSSchedUnlock           0x08005369    0x2e  Code  Gb  os_core.o [1]
OSSemCreate             0x08006bad    0x38  Code  Gb  os_sem.o [1]
OSSemPend               0x08006be5    0xaa  Code  Gb  os_sem.o [1]
OSSemPost               0x08006cb3    0x4a  Code  Gb  os_sem.o [1]
OSStart                 0x08005397    0x28  Code  Gb  os_core.o [1]
OSStartHighRdy          0x080067a3          Code  Gb  os_cpu_a.o [1]
OSStatRdy               0x20004669     0x1  Data  Gb  os_core.o [1]
OSTCBCur                0x20004690     0x4  Data  Gb  os_core.o [1]
OSTCBFreeList           0x20004694     0x4  Data  Gb  os_core.o [1]
OSTCBHighRdy            0x20004698     0x4  Data  Gb  os_core.o [1]
OSTCBInitHook           0x080066eb     0x2  Code  Gb  os_cpu_c.o [1]
OSTCBList               0x2000469c     0x4  Data  Gb  os_core.o [1]
OSTCBPrioTbl            0x2000573c   0x100  Data  Gb  os_core.o [1]
OSTCBTbl                0x20004b6c   0x3f0  Data  Gb  os_core.o [1]
OSTaskCreate            0x08005815    0x82  Code  Gb  os_task.o [1]
OSTaskCreateExt         0x08005897    0x94  Code  Gb  os_task.o [1]
OSTaskCreateHook        0x08006599     0x2  Code  Gb  os_cpu_c.o [1]
OSTaskCtr               0x20004670     0x1  Data  Gb  os_core.o [1]
OSTaskDel               0x08005935    0xfa  Code  Gb  os_task.o [1]
OSTaskDelHook           0x0800659b     0x2  Code  Gb  os_cpu_c.o [1]
OSTaskIdleHook          0x0800659d     0x2  Code  Gb  os_cpu_c.o [1]
OSTaskIdleStk           0x2000496c   0x200  Data  Gb  os_core.o [1]
OSTaskNameSet           0x08005a35    0x40  Code  Gb  os_task.o [1]
OSTaskReturnHook        0x080066ef     0x2  Code  Gb  os_cpu_c.o [1]
OSTaskStatHook          0x0800659f     0x2  Code  Gb  os_cpu_c.o [1]
OSTaskStatStk           0x2000476c   0x200  Data  Gb  os_core.o [1]
OSTaskStkChk            0x08005a85    0x64  Code  Gb  os_task.o [1]
OSTaskStkInit           0x080065a1   0x144  Code  Gb  os_cpu_c.o [1]
OSTaskSuspend           0x08005ae9    0x66  Code  Gb  os_task.o [1]
OSTaskSwHook            0x080066e9     0x2  Code  Gb  os_cpu_c.o [1]
OSTickStepState         0x20004671     0x1  Data  Gb  os_core.o [1]
OSTime                  0x200046a0     0x4  Data  Gb  os_core.o [1]
OSTimeDly               0x08005bb1    0x48  Code  Gb  os_time.o [1]
OSTimeTick              0x080053c7    0x8a  Code  Gb  os_core.o [1]
OSTimeTickHook          0x080066ed     0x2  Code  Gb  os_cpu_c.o [1]
OSUnMapTbl              0x08005714   0x100  Data  Gb  os_core.o [1]
OS_CPU_SR_Restore       0x0800679d          Code  Gb  os_cpu_a.o [1]
OS_CPU_SR_Save          0x08006795          Code  Gb  os_cpu_a.o [1]
OS_Dummy                0x08005451     0x2  Code  Gb  os_core.o [1]
OS_EventTaskRdy         0x08005453    0x58  Code  Gb  os_core.o [1]
OS_EventTaskRemove      0x080054f1    0x1e  Code  Gb  os_core.o [1]
OS_EventTaskWait        0x080054ab    0x40  Code  Gb  os_core.o [1]
OS_EventWaitListInit    0x0800550f     0xc  Code  Gb  os_core.o [1]
OS_FlagInit             0x080066f9    0x38  Code  Gb  os_flag.o [1]
OS_FlagUnlink           0x0800673d    0x1e  Code  Gb  os_flag.o [1]
OS_MemClr               0x0800551b     0xa  Code  Gb  os_core.o [1]
OS_QInit                0x0800675d    0x2e  Code  Gb  os_q.o [1]
OS_Sched                0x08005525    0x38  Code  Gb  os_core.o [1]
OS_SchedNew()           0x08005565    0x18  Code  Lc  os_core.o [1]
OS_TCBInit              0x0800561d    0xcc  Code  Gb  os_core.o [1]
OS_TaskIdle             0x0800557d    0x18  Code  Gb  os_core.o [1]
OS_TaskReturn           0x08005b89    0x12  Code  Gb  os_task.o [1]
OS_TaskStat             0x08005595    0x54  Code  Gb  os_core.o [1]
OS_TaskStatStkChk       0x080055e9    0x34  Code  Gb  os_core.o [1]
OS_TaskStkClr           0x08005b9b    0x14  Code  Gb  os_task.o [1]
OUTER_TASK_STK          0x20003668  0x1000  Data  Gb  scheduler.o [1]
PARAMERTER::PID_Para_Init()
                        0x0800495d    0x8e  Code  Gb  parameter.o [1]
PARAMERTER::Para_Init()
                        0x080048fd    0x60  Code  Gb  parameter.o [1]
PendSV_Handler          0x080067dd          Code  Gb  os_cpu_a.o [1]
Rc_Pwm_In               0x20005e20    0x10  Data  Gb  pwm.o [1]
Region$$Table$$Base     0x08008178           --   Gb  - Linker created -
Region$$Table$$Limit    0x0800819c           --   Gb  - Linker created -
SHT$$INIT_ARRAY$$Base   0x08008228           --   Gb  - Linker created -
SHT$$INIT_ARRAY$$Limit  0x08008238           --   Gb  - Linker created -
SHT$$PREINIT_ARRAY$$Base
                        0x08008228           --   Gb  - Linker created -
SHT$$PREINIT_ARRAY$$Limit
                        0x08008228           --   Gb  - Linker created -
SPI3_IRQHandler         0x0800801d    0x12  Code  Gb  stm32f4xx_it.o [1]
SPI_CheckFlag_BSY(__SPI_HandleTypeDef *, unsigned int, unsigned int)
                        0x080042fb    0x20  Code  Lc  stm32f4xx_hal_spi.o [1]
SPI_DMAAbortOnError(__DMA_HandleTypeDef *)
                        0x08004265     0xc  Code  Lc  stm32f4xx_hal_spi.o [1]
SPI_DMAError(__DMA_HandleTypeDef *)
                        0x08004239    0x18  Code  Lc  stm32f4xx_hal_spi.o [1]
SPI_DMAHalfReceiveCplt(__DMA_HandleTypeDef *)
                        0x08004221     0xa  Code  Lc  stm32f4xx_hal_spi.o [1]
SPI_DMAHalfTransmitReceiveCplt(__DMA_HandleTypeDef *)
                        0x0800422d     0xa  Code  Lc  stm32f4xx_hal_spi.o [1]
SPI_DMAReceiveCplt(__DMA_HandleTypeDef *)
                        0x08004185    0x3c  Code  Lc  stm32f4xx_hal_spi.o [1]
SPI_DMATransmitReceiveCplt(__DMA_HandleTypeDef *)
                        0x080041c9    0x3a  Code  Lc  stm32f4xx_hal_spi.o [1]
SPI_WaitFlagStateUntilTimeout(__SPI_HandleTypeDef *, unsigned int, unsigned int, unsigned int, unsigned int)
                        0x08004271    0x8a  Code  Lc  stm32f4xx_hal_spi.o [1]
START_TASK_STK          0x2000583c   0x100  Data  Gb  scheduler.o [1]
SVC_Handler             0x08007faf     0x2  Code  Gb  stm32f4xx_it.o [1]
Scheduler::Loop_check()
                        0x08006335    0x80  Code  Gb  scheduler.o [1]
Scheduler::check_flash_save()
                        0x08006545    0x16  Code  Gb  scheduler.o [1]
Scheduler::cycler_loop()
                        0x0800641d    0x4a  Code  Gb  scheduler.o [1]
Scheduler::cyclest_Duty_1ms()
                        0x08006467    0x32  Code  Gb  scheduler.o [1]
Scheduler::cyclest_Duty_3ms()
                        0x08006499    0x3c  Code  Gb  scheduler.o [1]
Scheduler::cyclest_Duty_50ms()
                        0x08006535    0x10  Code  Gb  scheduler.o [1]
Scheduler::cyclest_Duty_5ms()
                        0x080064d5    0x60  Code  Gb  scheduler.o [1]
Scheduler::cyclest_loop()
                        0x080063b5    0x68  Code  Gb  scheduler.o [1]
SetPwm(short *, short, short)
                        0x080015c9    0x68  Code  Gb  pwm.o [1]
SysTick_Handler         0x08007fb3    0x2e  Code  Gb  stm32f4xx_it.o [1]
SystemClock_Config()    0x08003235    0xa6  Code  Gb  main.o [1]
SystemCoreClock         0x20000230     0x4  Data  Gb  system_stm32f4xx.o [1]
SystemInit              0x08008065    0x3a  Code  Gb  system_stm32f4xx.o [1]
TIM2_IRQHandler         0x08007ff3     0x6  Code  Gb  stm32f4xx_it.o [1]
TIM3_IRQHandler         0x08007ff9     0x6  Code  Gb  stm32f4xx_it.o [1]
TIM8_BRK_TIM12_IRQHandler
                        0x08008011     0x6  Code  Gb  stm32f4xx_it.o [1]
TIM_Base_SetConfig      0x080023ef    0x90  Code  Gb  stm32f4xx_hal_tim.o [1]
TIM_CCxChannelCmd       0x08002539    0x18  Code  Gb  stm32f4xx_hal_tim.o [1]
TIM_OC1_SetConfig(TIM_TypeDef *, TIM_OC_InitTypeDef *)
                        0x08002551    0x4a  Code  Lc  stm32f4xx_hal_tim.o [1]
TIM_OC2_SetConfig       0x080024e7    0x52  Code  Gb  stm32f4xx_hal_tim.o [1]
TIM_OC3_SetConfig(TIM_TypeDef *, TIM_OC_InitTypeDef *)
                        0x080025a7    0x56  Code  Lc  stm32f4xx_hal_tim.o [1]
TIM_OC4_SetConfig(TIM_TypeDef *, TIM_OC_InitTypeDef *)
                        0x08002603    0x46  Code  Lc  stm32f4xx_hal_tim.o [1]
TIM_TI1_SetConfig       0x08002481    0x66  Code  Gb  stm32f4xx_hal_tim.o [1]
TIM_TI2_SetConfig(TIM_TypeDef *, unsigned int, unsigned int, unsigned int)
                        0x08002675    0x34  Code  Lc  stm32f4xx_hal_tim.o [1]
To_180_degrees(float)   0x08001039    0x2c  Code  Gb  mymath.o [1]
UART_DMAAbortOnError(__DMA_HandleTypeDef *)
                        0x080037ed    0x10  Code  Lc  stm32f4xx_hal_uart.o [1]
UART_DMAError(__DMA_HandleTypeDef *)
                        0x08003775    0x48  Code  Lc  stm32f4xx_hal_uart.o [1]
UART_DMATransmitCplt(__DMA_HandleTypeDef *)
                        0x0800373d    0x2c  Code  Lc  stm32f4xx_hal_uart.o [1]
UART_DMATxHalfCplt(__DMA_HandleTypeDef *)
                        0x08003769     0xa  Code  Lc  stm32f4xx_hal_uart.o [1]
UART_EndRxTransfer(UART_HandleTypeDef *)
                        0x080037cf    0x1c  Code  Lc  stm32f4xx_hal_uart.o [1]
UART_EndTxTransfer(UART_HandleTypeDef *)
                        0x080037bd    0x12  Code  Lc  stm32f4xx_hal_uart.o [1]
UART_Receive_IT(UART_HandleTypeDef *)
                        0x080037fd    0x7e  Code  Lc  stm32f4xx_hal_uart.o [1]
UART_SetConfig(UART_HandleTypeDef *)
                        0x08003889   0x13a  Code  Lc  stm32f4xx_hal_uart.o [1]
USART2_IRQHandler       0x08007fff    0x12  Code  Gb  stm32f4xx_it.o [1]
UsageFault_Handler      0x08007fad     0x2  Code  Gb  stm32f4xx_it.o [1]
Vector3<float>::Vector3()
                        0x080014dd     0xa  Code  Gb  quaternion.o [1]
Vector3<float>::Vector3(float, float, float)
                        0x08007d0f     0xe  Code  Gb  vector3.o [1]
Vector3<short>::Vector3()
                        0x08006ba1     0xa  Code  Gb  magnet.o [1]
__aeabi_d2f             0x08001539          Code  Gb  DblToFlt.o [4]
__aeabi_dmul            0x080018b5          Code  Gb  DblMul.o [4]
__aeabi_errno_addr      0x08007f95     0x6  Code  Gb  errno.o [3]
__aeabi_f2d             0x080014e9          Code  Gb  FltToDbl.o [4]
__aeabi_i2d             0x08007d1d          Code  Gb  I32ToDbl.o [4]
__aeabi_memclr          0x080066f1          Code  Gb  ABImemclr.o [5]
__aeabi_memclr4         0x080026a9          Code  Gb  ABImemclr4.o [5]
__call_ctors            0x080081bd    0x18  Code  Gb  cppinit.o [3]
__cmain                 0x080081d5          Code  Gb  cmain.o [5]
__exit                  0x08008205    0x14  Code  Gb  exit.o [6]
__iar_Errno             0x20000234     0x4  Data  Gb  errno.o [3]
__iar_FDtest            0x080014a5    0x30  Code  Gb  xfdtest.o [4]
__iar_Memset4_word      0x08002ad5          Code  Gb  ABImemset48.o [5]
__iar_Memset8_word      0x08002ad5          Code  Gb  ABImemset48.o [5]
__iar_Memset_word       0x08007c8d          Code  Gb  ABImemset.o [5]
__iar_cstart_call_ctors
                        0x0800819d    0x20  Code  Gb  cmain_call_ctors.o [5]
__iar_data_init3        0x0800812d    0x28  Code  Gb  data_init.o [5]
__iar_dlib_perthread_access
                        0x08007fa1     0x2  Code  Gb  xtls.o [3]
__iar_edom              0x08007f89          Code  Gb  iarEdom.o [5]
__iar_init_vfp          0x08008155          Code  Gb  fpinit_M.o [4]
__iar_packbits_init_single3
                        0x080080f5    0x38  Code  Gb  packbits_init_single.o [5]
__iar_program_start     0x08008239          Code  Gb  cstartup_M.o [5]
__iar_ui2d              0x08007d31          Code  Gb  I32ToDbl.o [4]
__iar_unaligned___aeabi_memcpy4
                        0x08006249          Code  Gb  ABImemcpy_unaligned.o [5]
__iar_unaligned___aeabi_memcpy8
                        0x08006249          Code  Gb  ABImemcpy_unaligned.o [5]
__iar_xatanf            0x08007ee5          Code  Gb  xatanf.o [4]
__iar_zero_init3        0x080080b5    0x40  Code  Gb  zero_init3.o [5]
__low_level_init        0x080081ef     0x4  Code  Gb  low_level_init.o [3]
__sti__routine          0x08004a45     0x8  Code  Lc  AHRS.o [1]
__sti__routine          0x08000189     0x8  Code  Lc  ctrl.o [1]
__sti__routine          0x080076e9     0x8  Code  Lc  imu.o [1]
__sti__routine          0x08006d09     0x6  Code  Lc  magnet.o [1]
__vector_table          0x08000000          Data  Gb  startup_stm32f407xx.o [1]
_call_main              0x080081e1          Code  Gb  cmain.o [5]
_exit                   0x080081f9          Code  Gb  cexit.o [5]
_main                   0x080081eb          Code  Gb  cmain.o [5]
ahrs                    0x20004f5c   0x30c  Data  Gb  AHRS.o [1]
asinf                   0x08007e5d          Code  Gb  asinf.o [4]
ctrl_s                  0x20005268   0x21c  Data  Gb  ctrl.o [1]
ctrl_t::ctrl_t()        0x08001a57    0x44  Code  Gb  ctrl.o [1]
cycler_task(void *)     0x080062bd    0x1c  Code  Gb  scheduler.o [1]
cyclest_task(void *)    0x080062a1    0x1c  Code  Gb  scheduler.o [1]
data_trans              0x20005b40    0x7c  Data  Gb  datatrans.o [1]
delay_init(unsigned char)
                        0x08004871     0xa  Code  Gb  delay.o [1]
delay_ms(unsigned short)
                        0x080048b3    0x38  Code  Gb  delay.o [1]
delay_us(unsigned int)  0x0800487b    0x38  Code  Gb  delay.o [1]
exit                    0x080081f3     0x4  Code  Gb  exit.o [3]
fac_ms                  0x20005f8a     0x2  Data  Lc  delay.o [1]
fac_us                  0x20005f88     0x1  Data  Lc  delay.o [1]
fast_atan2(float, float)
                        0x08000ea1    0xf4  Code  Gb  mymath.o [1]
fast_atan_table         0x080010a0   0x404  Data  Lc  mymath.o [1]
flash_save              0x2000560c   0x130  Data  Gb  flash.o [1]
flash_save_para::ReadTheFLASH(unsigned int, unsigned char *, short)
                        0x08005d39    0x22  Code  Gb  flash.o [1]
flash_save_para::UpdateTheFLASH(unsigned int, unsigned char *, short)
                        0x08005ca7    0x92  Code  Gb  flash.o [1]
flash_save_para::flash_byte_to_float(unsigned char *, short, float *)
                        0x08005d5b    0x26  Code  Gb  flash.o [1]
flash_save_para::flash_float_to_byte(unsigned char *, short, float *)
                        0x08005d81    0x16  Code  Gb  flash.o [1]
flash_save_para::flash_read_parameters()
                        0x08005f79   0x1ea  Code  Gb  flash.o [1]
flash_save_para::flash_save_parameters()
                        0x08005d97   0x1dc  Code  Gb  flash.o [1]
hdma_spi3_rx            0x20005c98    0x60  Data  Gb  main.o [1]
hdma_spi3_tx            0x20005cf8    0x60  Data  Gb  main.o [1]
hdma_usart2_rx          0x20005d58    0x60  Data  Gb  main.o [1]
hdma_usart2_tx          0x20005db8    0x60  Data  Gb  main.o [1]
hlt_ctl                 0x20000000   0x230  Data  Gb  height_ctrl.o [1]
hspi3                   0x20005484    0x58  Data  Gb  main.o [1]
htim1                   0x20005ec0    0x3c  Data  Gb  main.o [1]
htim12                  0x200055d0    0x3c  Data  Gb  main.o [1]
htim2                   0x2000551c    0x3c  Data  Gb  main.o [1]
htim3                   0x20005558    0x3c  Data  Gb  main.o [1]
htim4                   0x20005594    0x3c  Data  Gb  main.o [1]
huart2                  0x200054dc    0x40  Data  Gb  main.o [1]
imu_dcm                 0x20005a24    0x90  Data  Gb  imu.o [1]
led                     0x20005f90     0x4  Data  Gb  led.o [1]
mag_s                   0x20005c34    0x64  Data  Gb  magnet.o [1]
main                    0x08002ff1   0x212  Code  Gb  main.o [1]
my_abs(float)           0x08000e91    0x10  Code  Gb  mymath.o [1]
my_deathzoom(float, float)
                        0x08000fe5    0x2e  Code  Gb  mymath.o [1]
my_deathzoom_2(float, float)
                        0x08001015    0x1c  Code  Gb  mymath.o [1]
my_pow(float)           0x08000f9f     0x2  Code  Gb  mymath.o [1]
my_sqrt(float)          0x08000fa1    0x42  Code  Gb  mymath.o [1]
outer_task(void *)      0x080062d9     0x2  Code  Gb  scheduler.o [1]
pFlash                  0x20005f28    0x20  Data  Gb  stm32f4xx_hal_flash.o [1]
parameter               0x20005f9c     0x4  Data  Gb  parameter.o [1]
rc                      0x2000593c    0xe8  Data  Gb  rc.o [1]
ref_t::ref_t()          0x08007eb9    0x2c  Code  Gb  imu.o [1]
scheduler               0x20000638    0x28  Data  Gb  scheduler.o [1]
sem_cycler              0x20000664     0x4  Data  Gb  scheduler.o [1]
sem_cyclest             0x20000660     0x4  Data  Gb  scheduler.o [1]
simpdelay()             0x08004a4d     0xe  Code  Lc  AHRS.o [1]
simple_3d_trans(Vector3<float> *, Vector3<float> *, Vector3<float> *)
                        0x08007d89    0xd0  Code  Gb  filter.o [1]
start_task(void *)      0x080062db    0x5a  Code  Gb  scheduler.o [1]
systime::Cycle_Time_Init()
                        0x08005177    0x16  Code  Gb  time.o [1]
systime::GetSysTime_us()
                        0x0800518d    0x1a  Code  Gb  time.o [1]
systime::Get_Cycle_T(unsigned char)
                        0x08005145    0x32  Code  Gb  time.o [1]
systime::sys_time()     0x080050f9    0x4c  Code  Gb  time.o [1]
time                    0x20005ab4    0x8c  Data  Gb  time.o [1]
uwTick                  0x20005fa0     0x4  Data  Gb  stm32f4xx_hal.o [1]


[1] = G:\STM32\Acopter\Acopter\EWARM\Acopter\Obj
[2] = command line
[3] = dl7M_tlf.a
[4] = m7M_tls.a
[5] = rt7M_tl.a
[6] = shb_l.a

  33 582 bytes of readonly  code memory
      72 bytes of readonly  data memory
  24 489 bytes of readwrite data memory

Errors: none
Warnings: none
