###############################################################################
#
# IAR ELF Linker V7.50.1.10123/W32 for ARM                10/Oct/2016  21:28:00
# Copyright 2007-2015 IAR Systems AB.
#
#    Output file  =  G:\STM32\Acopter\Acopter\EWARM\Acopter\Exe\Acopter.out
#    Map file     =  G:\STM32\Acopter\Acopter\EWARM\Acopter\List\Acopter.map
#    Command line =  
#        G:\STM32\Acopter\Acopter\EWARM\Acopter\Obj\AHRS.o
#        G:\STM32\Acopter\Acopter\EWARM\Acopter\Obj\baro.o
#        G:\STM32\Acopter\Acopter\EWARM\Acopter\Obj\ctrl.o
#        G:\STM32\Acopter\Acopter\EWARM\Acopter\Obj\datatrans.o
#        G:\STM32\Acopter\Acopter\EWARM\Acopter\Obj\delay.o
#        G:\STM32\Acopter\Acopter\EWARM\Acopter\Obj\filter.o
#        G:\STM32\Acopter\Acopter\EWARM\Acopter\Obj\flash.o
#        G:\STM32\Acopter\Acopter\EWARM\Acopter\Obj\gps.o
#        G:\STM32\Acopter\Acopter\EWARM\Acopter\Obj\height_ctrl.o
#        G:\STM32\Acopter\Acopter\EWARM\Acopter\Obj\i2c_soft.o
#        G:\STM32\Acopter\Acopter\EWARM\Acopter\Obj\imu.o
#        G:\STM32\Acopter\Acopter\EWARM\Acopter\Obj\init.o
#        G:\STM32\Acopter\Acopter\EWARM\Acopter\Obj\led.o
#        G:\STM32\Acopter\Acopter\EWARM\Acopter\Obj\magnet.o
#        G:\STM32\Acopter\Acopter\EWARM\Acopter\Obj\main.o
#        G:\STM32\Acopter\Acopter\EWARM\Acopter\Obj\matrix3.o
#        G:\STM32\Acopter\Acopter\EWARM\Acopter\Obj\misc.o
#        G:\STM32\Acopter\Acopter\EWARM\Acopter\Obj\mymath.o
#        G:\STM32\Acopter\Acopter\EWARM\Acopter\Obj\os_core.o
#        G:\STM32\Acopter\Acopter\EWARM\Acopter\Obj\os_cpu_a.o
#        G:\STM32\Acopter\Acopter\EWARM\Acopter\Obj\os_cpu_c.o
#        G:\STM32\Acopter\Acopter\EWARM\Acopter\Obj\os_dbg.o
#        G:\STM32\Acopter\Acopter\EWARM\Acopter\Obj\os_flag.o
#        G:\STM32\Acopter\Acopter\EWARM\Acopter\Obj\os_mbox.o
#        G:\STM32\Acopter\Acopter\EWARM\Acopter\Obj\os_mem.o
#        G:\STM32\Acopter\Acopter\EWARM\Acopter\Obj\os_mutex.o
#        G:\STM32\Acopter\Acopter\EWARM\Acopter\Obj\os_q.o
#        G:\STM32\Acopter\Acopter\EWARM\Acopter\Obj\os_sem.o
#        G:\STM32\Acopter\Acopter\EWARM\Acopter\Obj\os_task.o
#        G:\STM32\Acopter\Acopter\EWARM\Acopter\Obj\os_time.o
#        G:\STM32\Acopter\Acopter\EWARM\Acopter\Obj\os_tmr.o
#        G:\STM32\Acopter\Acopter\EWARM\Acopter\Obj\parameter.o
#        G:\STM32\Acopter\Acopter\EWARM\Acopter\Obj\pwm.o
#        G:\STM32\Acopter\Acopter\EWARM\Acopter\Obj\quaternion.o
#        G:\STM32\Acopter\Acopter\EWARM\Acopter\Obj\rc.o
#        G:\STM32\Acopter\Acopter\EWARM\Acopter\Obj\scheduler.o
#        G:\STM32\Acopter\Acopter\EWARM\Acopter\Obj\sonar.o
#        G:\STM32\Acopter\Acopter\EWARM\Acopter\Obj\startup_stm32f407xx.o
#        G:\STM32\Acopter\Acopter\EWARM\Acopter\Obj\stm32f4xx_hal.o
#        G:\STM32\Acopter\Acopter\EWARM\Acopter\Obj\stm32f4xx_hal_cortex.o
#        G:\STM32\Acopter\Acopter\EWARM\Acopter\Obj\stm32f4xx_hal_dma.o
#        G:\STM32\Acopter\Acopter\EWARM\Acopter\Obj\stm32f4xx_hal_dma_ex.o
#        G:\STM32\Acopter\Acopter\EWARM\Acopter\Obj\stm32f4xx_hal_flash.o
#        G:\STM32\Acopter\Acopter\EWARM\Acopter\Obj\stm32f4xx_hal_flash_ex.o
#        G:\STM32\Acopter\Acopter\EWARM\Acopter\Obj\stm32f4xx_hal_flash_ramfunc.o
#        G:\STM32\Acopter\Acopter\EWARM\Acopter\Obj\stm32f4xx_hal_gpio.o
#        G:\STM32\Acopter\Acopter\EWARM\Acopter\Obj\stm32f4xx_hal_msp.o
#        G:\STM32\Acopter\Acopter\EWARM\Acopter\Obj\stm32f4xx_hal_pwr.o
#        G:\STM32\Acopter\Acopter\EWARM\Acopter\Obj\stm32f4xx_hal_pwr_ex.o
#        G:\STM32\Acopter\Acopter\EWARM\Acopter\Obj\stm32f4xx_hal_rcc.o
#        G:\STM32\Acopter\Acopter\EWARM\Acopter\Obj\stm32f4xx_hal_rcc_ex.o
#        G:\STM32\Acopter\Acopter\EWARM\Acopter\Obj\stm32f4xx_hal_spi.o
#        G:\STM32\Acopter\Acopter\EWARM\Acopter\Obj\stm32f4xx_hal_tim.o
#        G:\STM32\Acopter\Acopter\EWARM\Acopter\Obj\stm32f4xx_hal_tim_ex.o
#        G:\STM32\Acopter\Acopter\EWARM\Acopter\Obj\stm32f4xx_hal_uart.o
#        G:\STM32\Acopter\Acopter\EWARM\Acopter\Obj\stm32f4xx_it.o
#        G:\STM32\Acopter\Acopter\EWARM\Acopter\Obj\system_stm32f4xx.o
#        G:\STM32\Acopter\Acopter\EWARM\Acopter\Obj\time.o
#        G:\STM32\Acopter\Acopter\EWARM\Acopter\Obj\vector3.o --redirect
#        _Printf=_PrintfFull --redirect _Scanf=_ScanfFull -o
#        G:\STM32\Acopter\Acopter\EWARM\Acopter\Exe\Acopter.out --map
#        G:\STM32\Acopter\Acopter\EWARM\Acopter\List\Acopter.map --config
#        G:\STM32\Acopter\Acopter\EWARM/stm32f407xx_flash.icf --semihosting
#        --entry __iar_program_start --vfe
#
###############################################################################

*******************************************************************************
*** RUNTIME MODEL ATTRIBUTES
***

CppFlavor                     = *
__CPP_Language                = EC++
__SystemLibrary               = DLib
__dlib_dynamic_initialization = normal


*******************************************************************************
*** PLACEMENT SUMMARY
***

"A1":  place at 0x08000000 { ro section .intvec };
"P1":  place in [from 0x08000000 to 0x080fffff] { ro };
"P2":  place in [from 0x20000000 to 0x2001ffff] { rw, block CSTACK, block HEAP };

  Section             Kind        Address    Size  Object
  -------             ----        -------    ----  ------
"A1":                                       0x188
  .intvec             ro code  0x08000000   0x188  startup_stm32f407xx.o [1]
                             - 0x08000188   0x188

"P1":                                      0xba3c
  .text               ro code  0x08000188  0x10f4  ctrl.o [1]
  .text               ro code  0x0800127c    0x78  ctrl.o [1]
  .text               ro code  0x080012f4   0x24c  mymath.o [1]
  .text               ro code  0x08001540    0x38  xfdtest.o [4]
  .text               ro code  0x08001578    0x18  quaternion.o [1]
  .text               ro code  0x08001590    0x4e  FltToDbl.o [4]
  .text               ro code  0x080015e0   0x1a2  DblMul.o [4]
  .text               ro code  0x08001784    0x90  DblToFlt.o [4]
  .text               ro code  0x08001814   0x52c  pwm.o [1]
  .text               ro code  0x08001d40    0x46  ctrl.o [1]
  .text               ro code  0x08001d88   0x634  rc.o [1]
  .text               ro code  0x080023bc   0x234  stm32f4xx_hal_gpio.o [1]
  .text               ro code  0x080025f0   0x8cc  stm32f4xx_hal_tim.o [1]
  .text               ro code  0x08002ebc     0x8  rc.o [1]
  .text               ro code  0x08002ec4   0x4d0  stm32f4xx_hal_msp.o [1]
  .text               ro code  0x08003394    0xa2  stm32f4xx_hal_tim_ex.o [1]
  .text               ro code  0x08003438   0x14e  stm32f4xx_hal_cortex.o [1]
  .text               ro code  0x08003588   0x52e  stm32f4xx_hal_dma.o [1]
  .text               ro code  0x08003ab8   0x6da  main.o [1]
  .text               ro code  0x08004194    0x7c  stm32f4xx_hal.o [1]
  .text               ro code  0x08004210   0x11c  init.o [1]
  .text               ro code  0x0800432c   0x5fc  stm32f4xx_hal_rcc.o [1]
  .text               ro code  0x08004928   0xae2  stm32f4xx_hal_spi.o [1]
  .text               ro code  0x0800540c   0x75c  stm32f4xx_hal_uart.o [1]
  .text               ro code  0x08005b68    0xcc  delay.o [1]
  .text               ro code  0x08005c34   0x184  parameter.o [1]
  .text               ro code  0x08005db8   0x3d8  baro.o [1]
  .text               ro code  0x08006190   0x7b4  AHRS.o [1]
  .text               ro code  0x08006944   0x128  time.o [1]
  .text               ro code  0x08006a6c   0x8c4  os_core.o [1]
  .text               ro code  0x08007330   0x490  os_task.o [1]
  .text               ro code  0x080077c0    0x7c  os_time.o [1]
  .text               ro code  0x0800783c   0x7d4  flash.o [1]
  .text               ro code  0x08008010    0x5c  height_ctrl.o [1]
  .text               ro code  0x0800806c   0x2a2  i2c_soft.o [1]
  .text               ro code  0x08008310    0x62  I64ToFlt.o [4]
  .text               ro code  0x08008374    0xe8  DblAdd.o [4]
  .text               ro code  0x0800845c    0x44  AHRS.o [1]
  .text               ro code  0x080084a0    0x56  ABImemcpy_unaligned.o [5]
  .text               ro code  0x080084f8     0x6  ABImemclr4.o [5]
  .text               ro code  0x08008500   0x35c  scheduler.o [1]
  .text               ro code  0x0800885c   0x160  os_cpu_c.o [1]
  .text               ro code  0x080089bc    0x82  os_flag.o [1]
  .text               ro code  0x08008a40    0x4c  os_q.o [1]
  CODE                ro code  0x08008a8c    0xc8  os_cpu_a.o [1]
  .text               ro code  0x08008b54     0x8  flash.o [1]
  .text               ro code  0x08008b5c   0x26c  stm32f4xx_hal_flash.o [1]
  .text               ro code  0x08008dc8   0x1cc  stm32f4xx_hal_flash_ex.o [1]
  .text               ro code  0x08008f94     0x8  height_ctrl.o [1]
  .text               ro code  0x08008f9c   0x16c  DblSub.o [4]
  .text               ro code  0x08009108     0xa  magnet.o [1]
  .text               ro code  0x08009114    0x32  ABImemset48.o [5]
  .text               ro code  0x08009148   0x18e  os_sem.o [1]
  .text               ro code  0x080092d8   0x490  magnet.o [1]
  .text               ro code  0x08009768   0xf2a  datatrans.o [1]
  .text               ro code  0x0800a694   0x80c  imu.o [1]
  .text               ro code  0x0800aea0    0x88  led.o [1]
  .text               ro code  0x0800af28    0x26  magnet.o [1]
  .text               ro code  0x0800af4e     0xe  vector3.o [1]
  .text               ro code  0x0800af5c    0x12  datatrans.o [1]
  .text               ro code  0x0800af70    0x2c  I32ToDbl.o [4]
  .text               ro code  0x0800af9c    0x44  imu.o [1]
  .text               ro code  0x0800afe0   0x108  filter.o [1]
  .text               ro code  0x0800b0e8    0x5c  asinf.o [4]
  .text               ro code  0x0800b144    0x2e  imu.o [1]
  .text               ro code  0x0800b174    0xa4  xatanf.o [4]
  .text               ro code  0x0800b218     0xc  iarEdom.o [5]
  .text               ro code  0x0800b224     0xc  errno.o [3]
  .text               ro code  0x0800b230     0x2  xtls.o [3]
  .rodata             const    0x0800b234   0x404  mymath.o [1]
  .rodata             const    0x0800b638   0x100  os_core.o [1]
  .text               ro code  0x0800b738    0xd8  stm32f4xx_it.o [1]
  .text               ro code  0x0800b810    0x6c  system_stm32f4xx.o [1]
  .text               ro code  0x0800b87c    0x40  zero_init3.o [5]
  .text               ro code  0x0800b8bc    0x2c  copy_init3.o [5]
  .text               ro code  0x0800b8e8    0x28  data_init.o [5]
  .text               ro code  0x0800b910    0x22  fpinit_M.o [4]
  .iar.init_table     const    0x0800b934    0x28  - Linker created -
  .text               ro code  0x0800b95c    0x20  cmain_call_ctors.o [5]
  .text               ro code  0x0800b97c    0x18  cppinit.o [3]
  SHT$$PREINIT_ARRAY           0x0800b994     0x0  <Block>
  SHT$$INIT_ARRAY              0x0800b994    0x20  <Block>
    .init_array       const    0x0800b994     0x4  AHRS.o [1]
    .init_array       const    0x0800b998     0x4  ctrl.o [1]
    .init_array       const    0x0800b99c     0x4  datatrans.o [1]
    .init_array       const    0x0800b9a0     0x4  flash.o [1]
    .init_array       const    0x0800b9a4     0x4  height_ctrl.o [1]
    .init_array       const    0x0800b9a8     0x4  imu.o [1]
    .init_array       const    0x0800b9ac     0x4  magnet.o [1]
    .init_array       const    0x0800b9b0     0x4  rc.o [1]
  .text               ro code  0x0800b9b4    0x1a  cmain.o [5]
  .text               ro code  0x0800b9ce     0x4  low_level_init.o [3]
  .text               ro code  0x0800b9d2     0x4  exit.o [3]
  .text               ro code  0x0800b9d8     0xa  cexit.o [5]
  .text               ro code  0x0800b9e4    0x14  exit.o [6]
  .rodata             const    0x0800b9f8    0x14  AHRS.o [1]
  .rodata             const    0x0800ba0c    0x10  os_core.o [1]
  .rodata             const    0x0800ba1c    0x10  os_core.o [1]
  .rodata             const    0x0800ba2c    0x10  rc.o [1]
  .rodata             const    0x0800ba3c    0x10  rc.o [1]
  .rodata             const    0x0800ba4c    0x10  rc.o [1]
  .rodata             const    0x0800ba5c    0x10  stm32f4xx_hal_rcc.o [1]
  .text               ro code  0x0800ba6c    0x10  startup_stm32f407xx.o [1]
  .text               ro code  0x0800ba7c     0xc  cstartup_M.o [5]
  Initializer bytes   const    0x0800ba88     0xc  <for P2-1>
  .rodata             const    0x0800ba94     0x8  rc.o [1]
  .rodata             const    0x0800ba9c     0x8  stm32f4xx_hal_dma.o [1]
  .text               ro code  0x0800baa4     0x4  startup_stm32f407xx.o [1]
  .text               ro code  0x0800baa8     0x4  startup_stm32f407xx.o [1]
  .text               ro code  0x0800baac     0x4  startup_stm32f407xx.o [1]
  .text               ro code  0x0800bab0     0x4  startup_stm32f407xx.o [1]
  .text               ro code  0x0800bab4     0x4  startup_stm32f407xx.o [1]
  .text               ro code  0x0800bab8     0x4  startup_stm32f407xx.o [1]
  .text               ro code  0x0800babc     0x4  startup_stm32f407xx.o [1]
  .text               ro code  0x0800bac0     0x4  startup_stm32f407xx.o [1]
  .text               ro code  0x0800bac4     0x4  startup_stm32f407xx.o [1]
  .text               ro code  0x0800bac8     0x4  startup_stm32f407xx.o [1]
  .text               ro code  0x0800bacc     0x4  startup_stm32f407xx.o [1]
  .text               ro code  0x0800bad0     0x4  startup_stm32f407xx.o [1]
  .text               ro code  0x0800bad4     0x4  startup_stm32f407xx.o [1]
  .text               ro code  0x0800bad8     0x4  startup_stm32f407xx.o [1]
  .text               ro code  0x0800badc     0x4  startup_stm32f407xx.o [1]
  .text               ro code  0x0800bae0     0x4  startup_stm32f407xx.o [1]
  .text               ro code  0x0800bae4     0x4  startup_stm32f407xx.o [1]
  .text               ro code  0x0800bae8     0x4  startup_stm32f407xx.o [1]
  .text               ro code  0x0800baec     0x4  startup_stm32f407xx.o [1]
  .text               ro code  0x0800baf0     0x4  startup_stm32f407xx.o [1]
  .text               ro code  0x0800baf4     0x4  startup_stm32f407xx.o [1]
  .text               ro code  0x0800baf8     0x4  startup_stm32f407xx.o [1]
  .text               ro code  0x0800bafc     0x4  startup_stm32f407xx.o [1]
  .text               ro code  0x0800bb00     0x4  startup_stm32f407xx.o [1]
  .text               ro code  0x0800bb04     0x4  startup_stm32f407xx.o [1]
  .text               ro code  0x0800bb08     0x4  startup_stm32f407xx.o [1]
  .text               ro code  0x0800bb0c     0x4  startup_stm32f407xx.o [1]
  .text               ro code  0x0800bb10     0x4  startup_stm32f407xx.o [1]
  .text               ro code  0x0800bb14     0x4  startup_stm32f407xx.o [1]
  .text               ro code  0x0800bb18     0x4  startup_stm32f407xx.o [1]
  .text               ro code  0x0800bb1c     0x4  startup_stm32f407xx.o [1]
  .text               ro code  0x0800bb20     0x4  startup_stm32f407xx.o [1]
  .text               ro code  0x0800bb24     0x4  startup_stm32f407xx.o [1]
  .text               ro code  0x0800bb28     0x4  startup_stm32f407xx.o [1]
  .text               ro code  0x0800bb2c     0x4  startup_stm32f407xx.o [1]
  .text               ro code  0x0800bb30     0x4  startup_stm32f407xx.o [1]
  .text               ro code  0x0800bb34     0x4  startup_stm32f407xx.o [1]
  .text               ro code  0x0800bb38     0x4  startup_stm32f407xx.o [1]
  .text               ro code  0x0800bb3c     0x4  startup_stm32f407xx.o [1]
  .text               ro code  0x0800bb40     0x4  startup_stm32f407xx.o [1]
  .text               ro code  0x0800bb44     0x4  startup_stm32f407xx.o [1]
  .text               ro code  0x0800bb48     0x4  startup_stm32f407xx.o [1]
  .text               ro code  0x0800bb4c     0x4  startup_stm32f407xx.o [1]
  .text               ro code  0x0800bb50     0x4  startup_stm32f407xx.o [1]
  .text               ro code  0x0800bb54     0x4  startup_stm32f407xx.o [1]
  .text               ro code  0x0800bb58     0x4  startup_stm32f407xx.o [1]
  .text               ro code  0x0800bb5c     0x4  startup_stm32f407xx.o [1]
  .text               ro code  0x0800bb60     0x4  startup_stm32f407xx.o [1]
  .text               ro code  0x0800bb64     0x4  startup_stm32f407xx.o [1]
  .text               ro code  0x0800bb68     0x4  startup_stm32f407xx.o [1]
  .text               ro code  0x0800bb6c     0x4  startup_stm32f407xx.o [1]
  .text               ro code  0x0800bb70     0x4  startup_stm32f407xx.o [1]
  .text               ro code  0x0800bb74     0x4  startup_stm32f407xx.o [1]
  .text               ro code  0x0800bb78     0x4  startup_stm32f407xx.o [1]
  .text               ro code  0x0800bb7c     0x4  startup_stm32f407xx.o [1]
  .text               ro code  0x0800bb80     0x4  startup_stm32f407xx.o [1]
  .text               ro code  0x0800bb84     0x4  startup_stm32f407xx.o [1]
  .text               ro code  0x0800bb88     0x4  startup_stm32f407xx.o [1]
  .text               ro code  0x0800bb8c     0x4  startup_stm32f407xx.o [1]
  .text               ro code  0x0800bb90     0x4  startup_stm32f407xx.o [1]
  .text               ro code  0x0800bb94     0x4  startup_stm32f407xx.o [1]
  .text               ro code  0x0800bb98     0x4  startup_stm32f407xx.o [1]
  .text               ro code  0x0800bb9c     0x4  startup_stm32f407xx.o [1]
  .text               ro code  0x0800bba0     0x4  startup_stm32f407xx.o [1]
  .text               ro code  0x0800bba4     0x4  startup_stm32f407xx.o [1]
  .text               ro code  0x0800bba8     0x4  startup_stm32f407xx.o [1]
  .text               ro code  0x0800bbac     0x4  startup_stm32f407xx.o [1]
  .text               ro code  0x0800bbb0     0x4  startup_stm32f407xx.o [1]
  .text               ro code  0x0800bbb4     0x4  startup_stm32f407xx.o [1]
  .text               ro code  0x0800bbb8     0x4  startup_stm32f407xx.o [1]
  .text               ro code  0x0800bbbc     0x4  startup_stm32f407xx.o [1]
  .text               ro code  0x0800bbc0     0x4  startup_stm32f407xx.o [1]
  .rodata             const    0x0800bbc4     0x0  zero_init3.o [5]
  .rodata             const    0x0800bbc4     0x0  copy_init3.o [5]
                             - 0x0800bbc4  0xba3c

"P2", part 1 of 3:                            0xc
  P2-1                         0x20000000     0x9  <Init block>
    .data             inited   0x20000000     0x4  system_stm32f4xx.o [1]
    __DLIB_PERTHREAD  inited   0x20000004     0x4  errno.o [3]
    .data             inited   0x20000008     0x1  baro.o [1]
                             - 0x20000009     0x9

"P2", part 2 of 3:                          0x400
  CSTACK                       0x20000010   0x400  <Block>
    CSTACK            uninit   0x20000010   0x400  <Block tail>
                             - 0x20000410   0x400

"P2", part 3 of 3:                         0x5bdc
  .bss                zero     0x20000410  0x2000  scheduler.o [1]
  .bss                zero     0x20002410  0x1000  scheduler.o [1]
  .bss                zero     0x20003410  0x1000  scheduler.o [1]
  .bss                zero     0x20004410   0x3f0  os_core.o [1]
  .bss                zero     0x20004800   0x30c  AHRS.o [1]
  .bss                zero     0x20004b0c   0x230  height_ctrl.o [1]
  .bss                zero     0x20004d3c   0x21c  ctrl.o [1]
  .bss                zero     0x20004f58   0x200  os_core.o [1]
  .bss                zero     0x20005158   0x200  os_core.o [1]
  .bss                zero     0x20005358   0x130  flash.o [1]
  .bss                zero     0x20005488   0x100  os_core.o [1]
  .bss                zero     0x20005588   0x100  scheduler.o [1]
  .bss                zero     0x20005688    0xe8  rc.o [1]
  .bss                zero     0x20005770    0xc8  os_core.o [1]
  .bss                zero     0x20005838    0x90  imu.o [1]
  .bss                zero     0x200058c8    0x8c  time.o [1]
  .bss                zero     0x20005954    0x7c  datatrans.o [1]
  .bss                zero     0x200059d0    0x78  os_core.o [1]
  .bss                zero     0x20005a48    0x64  magnet.o [1]
  .bss                zero     0x20005aac    0x60  main.o [1]
  .bss                zero     0x20005b0c    0x60  main.o [1]
  .bss                zero     0x20005b6c    0x60  main.o [1]
  .bss                zero     0x20005bcc    0x60  main.o [1]
  .bss                zero     0x20005c2c    0x58  main.o [1]
  .bss                zero     0x20005c84    0x50  os_core.o [1]
  .bss                zero     0x20005cd4    0x40  main.o [1]
  .bss                zero     0x20005d14    0x40  pwm.o [1]
  .bss                zero     0x20005d54    0x3c  main.o [1]
  .bss                zero     0x20005d90    0x3c  main.o [1]
  .bss                zero     0x20005dcc    0x3c  main.o [1]
  .bss                zero     0x20005e08    0x3c  main.o [1]
  .bss                zero     0x20005e44    0x3c  main.o [1]
  .bss                zero     0x20005e80    0x28  scheduler.o [1]
  .bss                zero     0x20005ea8    0x20  stm32f4xx_hal_flash.o [1]
  .bss                zero     0x20005ec8    0x14  flash.o [1]
  .bss                zero     0x20005edc    0x10  baro.o [1]
  .bss                zero     0x20005eec    0x10  pwm.o [1]
  .bss                zero     0x20005efc    0x10  rc.o [1]
  .bss                zero     0x20005f0c     0xc  imu.o [1]
  .bss                zero     0x20005f18     0xc  magnet.o [1]
  .bss                zero     0x20005f24     0xc  magnet.o [1]
  .bss                zero     0x20005f30     0xc  magnet.o [1]
  .bss                zero     0x20005f3c     0x8  os_core.o [1]
  .bss                zero     0x20005f44     0x8  pwm.o [1]
  .bss                zero     0x20005f4c     0x4  AHRS.o [1]
  .bss                zero     0x20005f50     0x4  baro.o [1]
  .bss                zero     0x20005f54     0x4  baro.o [1]
  .bss                zero     0x20005f58     0x4  baro.o [1]
  .bss                zero     0x20005f5c     0x4  baro.o [1]
  .bss                zero     0x20005f60     0x4  baro.o [1]
  .bss                zero     0x20005f64     0x4  baro.o [1]
  .bss                zero     0x20005f68     0x4  baro.o [1]
  .bss                zero     0x20005f6c     0x4  baro.o [1]
  .bss                zero     0x20005f70     0x4  baro.o [1]
  .bss                zero     0x20005f74     0x4  baro.o [1]
  .bss                zero     0x20005f78     0x4  baro.o [1]
  .bss                zero     0x20005f7c     0x4  ctrl.o [1]
  .bss                zero     0x20005f80     0x4  filter.o [1]
  .bss                zero     0x20005f84     0x4  filter.o [1]
  .bss                zero     0x20005f88     0x4  imu.o [1]
  .bss                zero     0x20005f8c     0x4  led.o [1]
  .bss                zero     0x20005f90     0x4  os_core.o [1]
  .bss                zero     0x20005f94     0x4  os_core.o [1]
  .bss                zero     0x20005f98     0x4  os_core.o [1]
  .bss                zero     0x20005f9c     0x4  os_core.o [1]
  .bss                zero     0x20005fa0     0x4  os_core.o [1]
  .bss                zero     0x20005fa4     0x4  os_core.o [1]
  .bss                zero     0x20005fa8     0x4  os_core.o [1]
  .bss                zero     0x20005fac     0x4  os_core.o [1]
  .bss                zero     0x20005fb0     0x4  os_core.o [1]
  .bss                zero     0x20005fb4     0x4  os_core.o [1]
  .bss                zero     0x20005fb8     0x4  os_core.o [1]
  .bss                zero     0x20005fbc     0x4  os_core.o [1]
  .bss                zero     0x20005fc0     0x4  parameter.o [1]
  .bss                zero     0x20005fc4     0x4  scheduler.o [1]
  .bss                zero     0x20005fc8     0x4  scheduler.o [1]
  .bss                zero     0x20005fcc     0x4  stm32f4xx_hal.o [1]
  .bss                zero     0x20005fd0     0x2  delay.o [1]
  .bss                zero     0x20005fd2     0x2  magnet.o [1]
  .bss                zero     0x20005fd4     0x1  baro.o [1]
  .bss                zero     0x20005fd5     0x1  baro.o [1]
  .bss                zero     0x20005fd6     0x1  datatrans.o [1]
  .bss                zero     0x20005fd7     0x1  datatrans.o [1]
  .bss                zero     0x20005fd8     0x1  datatrans.o [1]
  .bss                zero     0x20005fd9     0x1  delay.o [1]
  .bss                zero     0x20005fda     0x1  filter.o [1]
  .bss                zero     0x20005fdb     0x1  imu.o [1]
  .bss                zero     0x20005fdc     0x1  init.o [1]
  .bss                zero     0x20005fdd     0x1  magnet.o [1]
  .bss                zero     0x20005fde     0x1  magnet.o [1]
  .bss                zero     0x20005fdf     0x1  magnet.o [1]
  .bss                zero     0x20005fe0     0x1  magnet.o [1]
  .bss                zero     0x20005fe1     0x1  os_core.o [1]
  .bss                zero     0x20005fe2     0x1  os_core.o [1]
  .bss                zero     0x20005fe3     0x1  os_core.o [1]
  .bss                zero     0x20005fe4     0x1  os_core.o [1]
  .bss                zero     0x20005fe5     0x1  os_core.o [1]
  .bss                zero     0x20005fe6     0x1  os_core.o [1]
  .bss                zero     0x20005fe7     0x1  os_core.o [1]
  .bss                zero     0x20005fe8     0x1  os_core.o [1]
  .bss                zero     0x20005fe9     0x1  os_core.o [1]
  .bss                zero     0x20005fea     0x1  os_core.o [1]
                             - 0x20005feb  0x5bdb


*******************************************************************************
*** INIT TABLE
***

          Address     Size
          -------     ----
Zero (__iar_zero_init3)
    1 destination range, total size 0x5bdb:
          0x20000410  0x5bdb

Copy (__iar_copy_init3)
    1 source range, total size 0xc (133% of destination):
          0x0800ba88     0xc
    1 destination range, total size 0x9:
          0x20000000     0x9

Extra (__iar_cstart_call_ctors)



*******************************************************************************
*** MODULE SUMMARY
***

    Module                    ro code  ro data  rw data
    ------                    -------  -------  -------
G:\STM32\Acopter\Acopter\EWARM\Acopter\Obj: [1]
    AHRS.o                      2 040       24      784
    baro.o                        984        1       63
    ctrl.o                      4 530        4      544
    datatrans.o                 3 900        4      127
    delay.o                       204                 3
    filter.o                      264                 9
    flash.o                     2 012        4      324
    height_ctrl.o                 100        4      560
    i2c_soft.o                    674
    imu.o                       2 174        4      161
    init.o                        284                 1
    led.o                         136                 4
    magnet.o                    1 216        4      142
    main.o                      1 754               836
    mymath.o                      588    1 028
    os_core.o                   2 244      288    2 754
    os_cpu_a.o                    200
    os_cpu_c.o                    352
    os_flag.o                     130
    os_q.o                         76
    os_sem.o                      398
    os_task.o                   1 168
    os_time.o                     124
    parameter.o                   388                 4
    pwm.o                       1 324                88
    quaternion.o                   24
    rc.o                        1 596       60      248
    scheduler.o                   860            16 688
    startup_stm32f407xx.o         696
    stm32f4xx_hal.o               124                 4
    stm32f4xx_hal_cortex.o        334
    stm32f4xx_hal_dma.o         1 326        8
    stm32f4xx_hal_flash.o         620                32
    stm32f4xx_hal_flash_ex.o      460
    stm32f4xx_hal_gpio.o          564
    stm32f4xx_hal_msp.o         1 232
    stm32f4xx_hal_rcc.o         1 532       16
    stm32f4xx_hal_spi.o         2 786
    stm32f4xx_hal_tim.o         2 252
    stm32f4xx_hal_tim_ex.o        162
    stm32f4xx_hal_uart.o        1 884
    stm32f4xx_it.o                216
    system_stm32f4xx.o            108        4        4
    time.o                        296               140
    vector3.o                      14
    ---------------------------------------------------
    Total:                     44 350    1 453   23 520

command line: [2]
    ---------------------------------------------------
    Total:

dl7M_tlf.a: [3]
    cppinit.o                      24
    errno.o                        12        4        4
    exit.o                          4
    low_level_init.o                4
    xtls.o                          2
    ---------------------------------------------------
    Total:                         46        4        4

m7M_tls.a: [4]
    DblAdd.o                      232
    DblMul.o                      418
    DblSub.o                      364
    DblToFlt.o                    144
    FltToDbl.o                     78
    I32ToDbl.o                     44
    I64ToFlt.o                     98
    asinf.o                        92
    fpinit_M.o                     34
    xatanf.o                      164
    xfdtest.o                      56
    ---------------------------------------------------
    Total:                      1 724

rt7M_tl.a: [5]
    ABImemclr4.o                    6
    ABImemcpy_unaligned.o          86
    ABImemset48.o                  50
    cexit.o                        10
    cmain.o                        26
    cmain_call_ctors.o             32
    copy_init3.o                   44
    cstartup_M.o                   12
    data_init.o                    40
    iarEdom.o                      12
    zero_init3.o                   64
    ---------------------------------------------------
    Total:                        382

shb_l.a: [6]
    exit.o                         20
    ---------------------------------------------------
    Total:                         20

    Gaps                           42        4
    Linker created                          43    1 024
-------------------------------------------------------
    Grand Total:               46 564    1 504   24 548


*******************************************************************************
*** ENTRY LIST
***

Entry                      Address    Size  Type      Object
-----                      -------    ----  ----      ------
.iar.init_table$$Base   0x0800b934           --   Gb  - Linker created -
.iar.init_table$$Limit  0x0800b95c           --   Gb  - Linker created -
?main                   0x0800b9b5          Code  Gb  cmain.o [5]
AHRS_S::AHRS_S()        0x0800845d    0x44  Code  Gb  AHRS.o [1]
AHRS_S::MPU9250_Check()
                        0x08006363    0xd0  Code  Gb  AHRS.o [1]
AHRS_S::MPU9250_Init(__SPI_HandleTypeDef *)
                        0x08006321    0x42  Code  Gb  AHRS.o [1]
AHRS_S::MPU_READ_INITIAL_DATA()
                        0x08006435    0x62  Code  Gb  AHRS.o [1]
AHRS_S::Transform(float, float, float, float *, float *, float *)
                        0x08006497     0xe  Code  Gb  AHRS.o [1]
AHRS_S::ahrs_Data_Offset()
                        0x080064a5   0x124  Code  Gb  AHRS.o [1]
AHRS_S::ahrs_Data_Prepare(float)
                        0x080065c9   0x180  Code  Gb  AHRS.o [1]
AHRS_S::ahrs_data_filt(float)
                        0x08006749   0x1c2  Code  Gb  AHRS.o [1]
AHRS_S::initial_data_filed()
                        0x08006911    0x14  Code  Gb  AHRS.o [1]
APBAHBPrescTable        0x0800ba5c    0x10  Data  Lc  stm32f4xx_hal_rcc.o [1]
Acopter_RC::Acopter_RC()
                        0x08002ebd     0x8  Code  Gb  rc.o [1]
Acopter_RC::CH_Mapping_Fun(unsigned short *, unsigned short *)
                        0x08001d95    0x22  Code  Gb  rc.o [1]
Acopter_RC::Feed_Rc_Dog(unsigned char)
                        0x080023b1     0xc  Code  Gb  rc.o [1]
Acopter_RC::Fly_Ready(float)
                        0x08002289    0xf6  Code  Gb  rc.o [1]
Acopter_RC::RC_Duty(float, unsigned short *)
                        0x08001db9   0x4c6  Code  Gb  rc.o [1]
All_Init()              0x08004211   0x11c  Code  Gb  init.o [1]
BusFault_Handler        0x0800b73f     0x2  Code  Gb  stm32f4xx_it.o [1]
CH_DIR                  0x0800ba94     0x8  Data  Lc  rc.o [1]
CH_in_Mapping           0x0800ba4c    0x10  Data  Lc  rc.o [1]
CSTACK$$Base            0x20000010           --   Gb  - Linker created -
CSTACK$$Limit           0x20000410           --   Gb  - Linker created -
CTRL_S::All_Out(float, float, float)
                        0x08000e85   0x3ca  Code  Gb  ctrl.o [1]
CTRL_S::CTRL_1(float)   0x080006e5   0x684  Code  Gb  ctrl.o [1]
CTRL_S::CTRL_2(float)   0x080001b5   0x518  Code  Gb  ctrl.o [1]
CTRL_S::CTRL_S()        0x0800127d    0x78  Code  Gb  ctrl.o [1]
CTRL_S::Ctrl_Para_Init()
                        0x08000195    0x1e  Code  Gb  ctrl.o [1]
CTRL_S::Thr_Ctrl(float)
                        0x08000d69    0xe4  Code  Gb  ctrl.o [1]
CYCLER_TASK_STK         0x20002410  0x1000  Data  Gb  scheduler.o [1]
CYCLEST_TASK_STK        0x20000410  0x2000  Data  Gb  scheduler.o [1]
DMA1_Stream2_IRQHandler
                        0x0800b777     0xa  Code  Gb  stm32f4xx_it.o [1]
DMA1_Stream5_IRQHandler
                        0x0800b781     0xa  Code  Gb  stm32f4xx_it.o [1]
DMA1_Stream6_IRQHandler
                        0x0800b78b     0xa  Code  Gb  stm32f4xx_it.o [1]
DMA1_Stream7_IRQHandler
                        0x0800b7c3     0xa  Code  Gb  stm32f4xx_it.o [1]
DMA_CalcBaseAndBitshift(__DMA_HandleTypeDef *)
                        0x080039db    0x2e  Code  Lc  stm32f4xx_hal_dma.o [1]
DMA_CheckFifoParam(__DMA_HandleTypeDef *)
                        0x08003a21    0x96  Code  Lc  stm32f4xx_hal_dma.o [1]
DMA_SetConfig(__DMA_HandleTypeDef *, unsigned int, unsigned int, unsigned int)
                        0x080039ad    0x2e  Code  Lc  stm32f4xx_hal_dma.o [1]
Datatrans::ANO_DT_Data_Receive_Anl(unsigned char *, unsigned char)
                        0x0800a301   0x32e  Code  Gb  datatrans.o [1]
Datatrans::ANO_DT_Send_Check(unsigned char, unsigned char)
                        0x0800a659    0x3a  Code  Gb  datatrans.o [1]
Datatrans::ANO_DT_Send_PID(unsigned char, float, float, float, float, float, float, float, float, float)
                        0x08009e15   0x1ea  Code  Gb  datatrans.o [1]
Datatrans::ANO_data_receive_prepara()
                        0x0800a219    0xd8  Code  Gb  datatrans.o [1]
Datatrans::Datatrans()  0x0800af5d    0x12  Code  Gb  datatrans.o [1]
Datatrans::acopter_Send_Data(unsigned char *, unsigned char)
                        0x08009843    0x10  Code  Gb  datatrans.o [1]
Datatrans::data_trans_with_ano()
                        0x0800a005   0x214  Code  Gb  datatrans.o [1]
Datatrans::send_15_data(short, short, short, short, short, short, short, short, short, float, float, float, int, unsigned char, unsigned char)
                        0x08009855   0x5bc  Code  Gb  datatrans.o [1]
Datatrans::send_all_fly_data_to_ANO()
                        0x08009775    0xce  Code  Gb  datatrans.o [1]
DebugMon_Handler        0x0800b745     0x2  Code  Gb  stm32f4xx_it.o [1]
EraseInitStruct         0x20005ec8    0x14  Data  Gb  flash.o [1]
Error_Handler()         0x08004191     0x2  Code  Gb  main.o [1]
FLASH_Erase_Sector      0x08008ea3    0x70  Code  Gb  stm32f4xx_hal_flash_ex.o [1]
FLASH_FlushCaches       0x08008f13    0x72  Code  Gb  stm32f4xx_hal_flash_ex.o [1]
FLASH_MassErase(unsigned char, unsigned int)
                        0x08008e77    0x2c  Code  Lc  stm32f4xx_hal_flash_ex.o [1]
FLASH_Program_Byte(unsigned int, unsigned char)
                        0x08008ced    0x24  Code  Lc  stm32f4xx_hal_flash.o [1]
FLASH_Program_DoubleWord(unsigned int, unsigned long long)
                        0x08008c6f    0x2e  Code  Lc  stm32f4xx_hal_flash.o [1]
FLASH_Program_HalfWord(unsigned int, unsigned short)
                        0x08008cc5    0x28  Code  Lc  stm32f4xx_hal_flash.o [1]
FLASH_Program_Word(unsigned int, unsigned int)
                        0x08008c9d    0x28  Code  Lc  stm32f4xx_hal_flash.o [1]
FLASH_SetErrorCode()    0x08008d11    0xa0  Code  Lc  stm32f4xx_hal_flash.o [1]
FLASH_WaitForLastOperation
                        0x08008c15    0x5a  Code  Gb  stm32f4xx_hal_flash.o [1]
FLASHinit()             0x080078bf    0x3a  Code  Gb  flash.o [1]
GetSector(unsigned int)
                        0x08007849    0x76  Code  Lc  flash.o [1]
HAL_DMA_Abort           0x080036e3    0x9c  Code  Gb  stm32f4xx_hal_dma.o [1]
HAL_DMA_Abort_IT        0x0800377f    0x26  Code  Gb  stm32f4xx_hal_dma.o [1]
HAL_DMA_IRQHandler      0x080037a5   0x208  Code  Gb  stm32f4xx_hal_dma.o [1]
HAL_DMA_Init            0x08003589    0xda  Code  Gb  stm32f4xx_hal_dma.o [1]
HAL_DMA_Start_IT        0x08003663    0x80  Code  Gb  stm32f4xx_hal_dma.o [1]
HAL_FLASHEx_Erase       0x08008dc9    0xae  Code  Gb  stm32f4xx_hal_flash_ex.o [1]
HAL_FLASH_Lock          0x08008c05    0x10  Code  Gb  stm32f4xx_hal_flash.o [1]
HAL_FLASH_Program       0x08008b5d    0x8c  Code  Gb  stm32f4xx_hal_flash.o [1]
HAL_FLASH_Unlock        0x08008be9    0x1c  Code  Gb  stm32f4xx_hal_flash.o [1]
HAL_GPIO_Init           0x080023bd   0x1d6  Code  Gb  stm32f4xx_hal_gpio.o [1]
HAL_GPIO_ReadPin        0x08002593    0x12  Code  Gb  stm32f4xx_hal_gpio.o [1]
HAL_GPIO_WritePin       0x080025a5    0x14  Code  Gb  stm32f4xx_hal_gpio.o [1]
HAL_GetTick             0x080041ff     0x6  Code  Wk  stm32f4xx_hal.o [1]
HAL_IncTick             0x080041f3     0xc  Code  Wk  stm32f4xx_hal.o [1]
HAL_Init                0x08004195    0x3a  Code  Gb  stm32f4xx_hal.o [1]
HAL_InitTick            0x080041cf    0x24  Code  Wk  stm32f4xx_hal.o [1]
HAL_MspInit             0x08002ec5    0x5e  Code  Gb  stm32f4xx_hal_msp.o [1]
HAL_NVIC_EnableIRQ      0x0800352b     0xa  Code  Gb  stm32f4xx_hal_cortex.o [1]
HAL_NVIC_SetPriority    0x08003509    0x22  Code  Gb  stm32f4xx_hal_cortex.o [1]
HAL_NVIC_SetPriorityGrouping
                        0x08003501     0x8  Code  Gb  stm32f4xx_hal_cortex.o [1]
HAL_RCC_ClockConfig     0x0800465f   0x1b2  Code  Gb  stm32f4xx_hal_rcc.o [1]
HAL_RCC_GetHCLKFreq     0x0800489d     0x6  Code  Gb  stm32f4xx_hal_rcc.o [1]
HAL_RCC_GetPCLK1Freq    0x080048a3    0x20  Code  Gb  stm32f4xx_hal_rcc.o [1]
HAL_RCC_GetPCLK2Freq    0x080048c3    0x20  Code  Gb  stm32f4xx_hal_rcc.o [1]
HAL_RCC_GetSysClockFreq
                        0x08004811    0x8c  Code  Wk  stm32f4xx_hal_rcc.o [1]
HAL_RCC_OscConfig       0x0800432d   0x332  Code  Wk  stm32f4xx_hal_rcc.o [1]
HAL_SPI_DMAStop         0x080050f3    0x32  Code  Gb  stm32f4xx_hal_spi.o [1]
HAL_SPI_ErrorCallback   0x08005235     0x2  Code  Wk  stm32f4xx_hal_spi.o [1]
HAL_SPI_IRQHandler      0x08005125   0x108  Code  Gb  stm32f4xx_hal_spi.o [1]
HAL_SPI_Init            0x08004929    0x8e  Code  Gb  stm32f4xx_hal_spi.o [1]
HAL_SPI_MspInit         0x08002f23   0x148  Code  Gb  stm32f4xx_hal_msp.o [1]
HAL_SPI_Receive         0x08004b57   0x176  Code  Gb  stm32f4xx_hal_spi.o [1]
HAL_SPI_Receive_DMA     0x08004edf    0xee  Code  Gb  stm32f4xx_hal_spi.o [1]
HAL_SPI_RxCpltCallback  0x0800522d     0x2  Code  Wk  stm32f4xx_hal_spi.o [1]
HAL_SPI_RxHalfCpltCallback
                        0x08005231     0x2  Code  Wk  stm32f4xx_hal_spi.o [1]
HAL_SPI_Transmit        0x080049b7   0x1a0  Code  Gb  stm32f4xx_hal_spi.o [1]
HAL_SPI_TransmitReceive
                        0x08004ccd   0x212  Code  Gb  stm32f4xx_hal_spi.o [1]
HAL_SPI_TransmitReceive_DMA
                        0x08004fcd   0x126  Code  Gb  stm32f4xx_hal_spi.o [1]
HAL_SPI_TxRxCpltCallback
                        0x0800522f     0x2  Code  Wk  stm32f4xx_hal_spi.o [1]
HAL_SPI_TxRxHalfCpltCallback
                        0x08005233     0x2  Code  Wk  stm32f4xx_hal_spi.o [1]
HAL_SYSTICK_CLKSourceConfig
                        0x0800353d    0x20  Code  Gb  stm32f4xx_hal_cortex.o [1]
HAL_SYSTICK_Callback    0x08003585     0x2  Code  Wk  stm32f4xx_hal_cortex.o [1]
HAL_SYSTICK_Config      0x08003535     0x8  Code  Gb  stm32f4xx_hal_cortex.o [1]
HAL_SYSTICK_IRQHandler  0x0800357d     0x8  Code  Gb  stm32f4xx_hal_cortex.o [1]
HAL_TIMEx_BreakCallback
                        0x08003435     0x2  Code  Wk  stm32f4xx_hal_tim_ex.o [1]
HAL_TIMEx_CommutationCallback
                        0x08003433     0x2  Code  Wk  stm32f4xx_hal_tim_ex.o [1]
HAL_TIMEx_ConfigBreakDeadTime
                        0x080033ed    0x46  Code  Gb  stm32f4xx_hal_tim_ex.o [1]
HAL_TIMEx_MasterConfigSynchronization
                        0x08003395    0x58  Code  Gb  stm32f4xx_hal_tim_ex.o [1]
HAL_TIM_IC_CaptureCallback
                        0x080018fb   0x414  Code  Gb  pwm.o [1]
HAL_TIM_IC_ConfigChannel
                        0x0800288f    0xd4  Code  Gb  stm32f4xx_hal_tim.o [1]
HAL_TIM_IC_Init         0x08002671    0x38  Code  Gb  stm32f4xx_hal_tim.o [1]
HAL_TIM_IC_MspInit      0x080030c7   0x11e  Code  Gb  stm32f4xx_hal_msp.o [1]
HAL_TIM_IC_Start_IT     0x080026a9    0x68  Code  Gb  stm32f4xx_hal_tim.o [1]
HAL_TIM_IRQHandler      0x08002719   0x176  Code  Gb  stm32f4xx_hal_tim.o [1]
HAL_TIM_MspPostInit(TIM_HandleTypeDef *)
                        0x080031e5    0x56  Code  Gb  stm32f4xx_hal_msp.o [1]
HAL_TIM_OC_DelayElapsedCallback
                        0x08002aa9     0x2  Code  Wk  stm32f4xx_hal_tim.o [1]
HAL_TIM_PWM_ConfigChannel
                        0x08002963    0xfc  Code  Gb  stm32f4xx_hal_tim.o [1]
HAL_TIM_PWM_Init        0x080025f1    0x38  Code  Gb  stm32f4xx_hal_tim.o [1]
HAL_TIM_PWM_MspInit     0x0800306b    0x5c  Code  Gb  stm32f4xx_hal_msp.o [1]
HAL_TIM_PWM_PulseFinishedCallback
                        0x08002aab     0x2  Code  Wk  stm32f4xx_hal_tim.o [1]
HAL_TIM_PWM_Start       0x08002629    0x48  Code  Gb  stm32f4xx_hal_tim.o [1]
HAL_TIM_PeriodElapsedCallback
                        0x08002aa7     0x2  Code  Wk  stm32f4xx_hal_tim.o [1]
HAL_TIM_ReadCapturedValue
                        0x08002a5f    0x48  Code  Gb  stm32f4xx_hal_tim.o [1]
HAL_TIM_TriggerCallback
                        0x08002aad     0x2  Code  Wk  stm32f4xx_hal_tim.o [1]
HAL_UART_ErrorCallback  0x0800564f     0x2  Code  Wk  stm32f4xx_hal_uart.o [1]
HAL_UART_IRQHandler     0x08005515   0x134  Code  Gb  stm32f4xx_hal_uart.o [1]
HAL_UART_Init           0x0800540d    0x76  Code  Gb  stm32f4xx_hal_uart.o [1]
HAL_UART_MspInit        0x0800323b   0x104  Code  Gb  stm32f4xx_hal_msp.o [1]
HAL_UART_RxCpltCallback
                        0x0800564d     0x2  Code  Wk  stm32f4xx_hal_uart.o [1]
HAL_UART_Transmit_DMA   0x08005483    0x92  Code  Gb  stm32f4xx_hal_uart.o [1]
HAL_UART_TxCpltCallback
                        0x08005649     0x2  Code  Wk  stm32f4xx_hal_uart.o [1]
HAL_UART_TxHalfCpltCallback
                        0x0800564b     0x2  Code  Wk  stm32f4xx_hal_uart.o [1]
HLT_CTRL::HLT_CTRL()    0x08008f95     0x8  Code  Gb  height_ctrl.o [1]
HLT_CTRL::Ultra_PID_Init()
                        0x08008037    0x1a  Code  Gb  height_ctrl.o [1]
HLT_CTRL::WZ_Speed_PID_Init()
                        0x0800801d    0x1a  Code  Gb  height_ctrl.o [1]
HardFault_Handler       0x0800b73b     0x2  Code  Gb  stm32f4xx_it.o [1]
I2c_Soft_Ask()          0x080080f7    0x32  Code  Gb  i2c_soft.o [1]
I2c_Soft_NoAsk()        0x08008129    0x30  Code  Gb  i2c_soft.o [1]
I2c_Soft_ReadByte(unsigned char)
                        0x080081f1    0x5c  Code  Gb  i2c_soft.o [1]
I2c_Soft_SendByte(unsigned char)
                        0x080081a5    0x4c  Code  Gb  i2c_soft.o [1]
I2c_Soft_Start()        0x0800807f    0x48  Code  Gb  i2c_soft.o [1]
I2c_Soft_Stop()         0x080080c7    0x30  Code  Gb  i2c_soft.o [1]
I2c_Soft_WaitAsk()      0x08008159    0x4c  Code  Gb  i2c_soft.o [1]
I2c_Soft_delay()        0x0800806d    0x12  Code  Gb  i2c_soft.o [1]
IIC_Read_nByte(unsigned char, unsigned char, unsigned char, unsigned char *)
                        0x0800829d    0x72  Code  Gb  i2c_soft.o [1]
IIC_Write_1Byte(unsigned char, unsigned char, unsigned char)
                        0x08008259    0x44  Code  Gb  i2c_soft.o [1]
IMU_DCM::IMU_DCM()      0x0800af9d    0x44  Code  Gb  imu.o [1]
IMU_DCM::IMUupdate(float, float, float, float, float, float, float, float *, float *, float *)
                        0x0800a6a1   0x7d0  Code  Gb  imu.o [1]
Init_Finish             0x20005fdc     0x1  Data  Gb  init.o [1]
LED::led_change()       0x0800aea1    0x54  Code  Gb  led.o [1]
LED::led_state0()       0x0800aef5    0x10  Code  Gb  led.o [1]
LED::led_state1()       0x0800af05    0x10  Code  Gb  led.o [1]
MAG_S::CalOffset_Mag()  0x080093bd   0x2f0  Code  Gb  magnet.o [1]
MAG_S::MAG_S()          0x0800af29    0x26  Code  Gb  magnet.o [1]
MAG_S::Read_Mag_Data()  0x080092e5    0xd8  Code  Gb  magnet.o [1]
MAG_S::filt_data()      0x080096dd    0x8c  Code  Gb  magnet.o [1]
MAX_CH                  0x0800ba2c    0x10  Data  Lc  rc.o [1]
MIN_CH                  0x0800ba3c    0x10  Data  Lc  rc.o [1]
MPU9250_Handler         0x20005f4c     0x4  Data  Gb  AHRS.o [1]
MPU9250_Mag_ReadReg(unsigned char)
                        0x0800629d    0x5a  Code  Gb  AHRS.o [1]
MPU9250_Mag_ReadRegs(unsigned char, unsigned char *, unsigned char)
                        0x080062f7    0x28  Code  Gb  AHRS.o [1]
MPU9250_Mag_WriteReg(unsigned char, unsigned char)
                        0x08006241    0x5c  Code  Gb  AHRS.o [1]
MPU9250_ReadReg(unsigned char)
                        0x080061af    0x54  Code  Gb  AHRS.o [1]
MPU9250_WriteReg(unsigned char, unsigned char)
                        0x08006203    0x3e  Code  Gb  AHRS.o [1]
MS5611_BaroAltCalculate()
                        0x08005eb1   0x27c  Code  Gb  baro.o [1]
MS5611_Init()           0x08005e51    0x2e  Code  Gb  baro.o [1]
MS5611_Read_Adc_P()     0x08005e25    0x10  Code  Gb  baro.o [1]
MS5611_Read_Adc_T()     0x08005e15    0x10  Code  Gb  baro.o [1]
MS5611_Read_Prom()      0x08005dc7    0x4e  Code  Gb  baro.o [1]
MS5611_Reset()          0x08005db9     0xe  Code  Gb  baro.o [1]
MS5611_Start_P()        0x08005e43     0xe  Code  Gb  baro.o [1]
MS5611_Start_T()        0x08005e35     0xe  Code  Gb  baro.o [1]
MS5611_Update()         0x08005e7f    0x32  Code  Gb  baro.o [1]
MX_DMA_Init()           0x08003fdd    0x5e  Code  Lc  main.o [1]
MX_GPIO_Init()          0x0800403b   0x10e  Code  Lc  main.o [1]
MX_SPI3_Init()          0x08003bb3    0x7a  Code  Lc  main.o [1]
MX_TIM12_Init()         0x08003f2f    0x6a  Code  Lc  main.o [1]
MX_TIM1_Init()          0x08003c2d   0x10a  Code  Lc  main.o [1]
MX_TIM2_Init()          0x08003d37    0x96  Code  Lc  main.o [1]
MX_TIM3_Init()          0x08003dcd    0xb6  Code  Lc  main.o [1]
MX_TIM4_Init()          0x08003e83    0xac  Code  Lc  main.o [1]
MX_USART2_UART_Init()   0x08003f99    0x44  Code  Lc  main.o [1]
MemManage_Handler       0x0800b73d     0x2  Code  Gb  stm32f4xx_it.o [1]
NMI_Handler             0x0800b739     0x2  Code  Gb  stm32f4xx_it.o [1]
NVIC_EnableIRQ(IRQn_Type)
                        0x0800345f    0x14  Code  Lc  stm32f4xx_hal_cortex.o [1]
NVIC_EncodePriority(unsigned int, unsigned int, unsigned int)
                        0x08003495    0x3e  Code  Lc  stm32f4xx_hal_cortex.o [1]
NVIC_GetPriorityGrouping()
                        0x08003455     0xa  Code  Lc  stm32f4xx_hal_cortex.o [1]
NVIC_SetPriority(IRQn_Type, unsigned int)
                        0x08003473    0x22  Code  Lc  stm32f4xx_hal_cortex.o [1]
NVIC_SetPriorityGrouping(unsigned int)
                        0x08003439    0x1c  Code  Lc  stm32f4xx_hal_cortex.o [1]
OSCPUUsage              0x20005fe1     0x1  Data  Gb  os_core.o [1]
OSCtxSw                 0x08008abb          Code  Gb  os_cpu_a.o [1]
OSCtxSwCtr              0x20005f90     0x4  Data  Gb  os_core.o [1]
OSEventFreeList         0x20005f94     0x4  Data  Gb  os_core.o [1]
OSEventTbl              0x20005770    0xc8  Data  Gb  os_core.o [1]
OSFlagFreeList          0x20005f98     0x4  Data  Gb  os_core.o [1]
OSFlagTbl               0x20005c84    0x50  Data  Gb  os_core.o [1]
OSIdleCtr               0x20005fa4     0x4  Data  Gb  os_core.o [1]
OSIdleCtrMax            0x20005f9c     0x4  Data  Gb  os_core.o [1]
OSIdleCtrRun            0x20005fa0     0x4  Data  Gb  os_core.o [1]
OSInit                  0x08006a6d    0x2c  Code  Gb  os_core.o [1]
OSInitHookBegin         0x0800885d     0x2  Code  Gb  os_cpu_c.o [1]
OSInitHookEnd           0x0800885f     0x2  Code  Gb  os_cpu_c.o [1]
OSIntCtxSw              0x08008ac7          Code  Gb  os_cpu_a.o [1]
OSIntEnter              0x08006a99    0x24  Code  Gb  os_core.o [1]
OSIntExit               0x08006abd    0x94  Code  Gb  os_core.o [1]
OSIntNesting            0x20005fe3     0x1  Data  Gb  os_core.o [1]
OSLockNesting           0x20005fe4     0x1  Data  Gb  os_core.o [1]
OSPrioCur               0x20005fe5     0x1  Data  Gb  os_core.o [1]
OSPrioHighRdy           0x20005fe6     0x1  Data  Gb  os_core.o [1]
OSQFreeList             0x20005fb8     0x4  Data  Gb  os_core.o [1]
OSQTbl                  0x200059d0    0x78  Data  Gb  os_core.o [1]
OSRdyGrp                0x20005fe7     0x1  Data  Gb  os_core.o [1]
OSRdyTbl                0x20005f3c     0x8  Data  Gb  os_core.o [1]
OSRunning               0x20005fe8     0x1  Data  Gb  os_core.o [1]
OSSchedLock             0x08006b51    0x3a  Code  Gb  os_core.o [1]
OSSchedUnlock           0x08006b8b    0x5a  Code  Gb  os_core.o [1]
OSSemCreate             0x08009149    0x48  Code  Gb  os_sem.o [1]
OSSemPend               0x08009191    0xda  Code  Gb  os_sem.o [1]
OSSemPost               0x0800927d    0x5a  Code  Gb  os_sem.o [1]
OSStart                 0x08006be5    0x42  Code  Gb  os_core.o [1]
OSStartHighRdy          0x08008a9b          Code  Gb  os_cpu_a.o [1]
OSStatRdy               0x20005fe2     0x1  Data  Gb  os_core.o [1]
OSTCBCur                0x20005fa8     0x4  Data  Gb  os_core.o [1]
OSTCBFreeList           0x20005fac     0x4  Data  Gb  os_core.o [1]
OSTCBHighRdy            0x20005fb0     0x4  Data  Gb  os_core.o [1]
OSTCBInitHook           0x080089b7     0x2  Code  Gb  os_cpu_c.o [1]
OSTCBList               0x20005fb4     0x4  Data  Gb  os_core.o [1]
OSTCBPrioTbl            0x20005488   0x100  Data  Gb  os_core.o [1]
OSTCBTbl                0x20004410   0x3f0  Data  Gb  os_core.o [1]
OSTaskCreate            0x08007331    0xa0  Code  Gb  os_task.o [1]
OSTaskCreateExt         0x080073d1    0xc0  Code  Gb  os_task.o [1]
OSTaskCreateHook        0x08008861     0x2  Code  Gb  os_cpu_c.o [1]
OSTaskCtr               0x20005fe9     0x1  Data  Gb  os_core.o [1]
OSTaskDel               0x08007491   0x168  Code  Gb  os_task.o [1]
OSTaskDelHook           0x08008863     0x2  Code  Gb  os_cpu_c.o [1]
OSTaskIdleHook          0x08008865     0x2  Code  Gb  os_cpu_c.o [1]
OSTaskIdleStk           0x20005158   0x200  Data  Gb  os_core.o [1]
OSTaskNameSet           0x080075f9    0x5a  Code  Gb  os_task.o [1]
OSTaskReturnHook        0x080089bb     0x2  Code  Gb  os_cpu_c.o [1]
OSTaskStatHook          0x08008867     0x2  Code  Gb  os_cpu_c.o [1]
OSTaskStatStk           0x20004f58   0x200  Data  Gb  os_core.o [1]
OSTaskStkChk            0x08007653    0x76  Code  Gb  os_task.o [1]
OSTaskStkInit           0x08008869   0x146  Code  Gb  os_cpu_c.o [1]
OSTaskSuspend           0x080076d1    0x9c  Code  Gb  os_task.o [1]
OSTaskSwHook            0x080089b5     0x2  Code  Gb  os_cpu_c.o [1]
OSTickStepState         0x20005fea     0x1  Data  Gb  os_core.o [1]
OSTime                  0x20005fbc     0x4  Data  Gb  os_core.o [1]
OSTimeDly               0x080077c1    0x68  Code  Gb  os_time.o [1]
OSTimeTick              0x08006c27    0xe4  Code  Gb  os_core.o [1]
OSTimeTickHook          0x080089b9     0x2  Code  Gb  os_cpu_c.o [1]
OSUnMapTbl              0x0800b638   0x100  Data  Gb  os_core.o [1]
OS_CPU_SR_Restore       0x08008a95          Code  Gb  os_cpu_a.o [1]
OS_CPU_SR_Save          0x08008a8d          Code  Gb  os_cpu_a.o [1]
OS_Dummy                0x08006d0b     0x2  Code  Gb  os_core.o [1]
OS_EventTaskRdy         0x08006d0d    0x7a  Code  Gb  os_core.o [1]
OS_EventTaskRemove      0x08006e13    0x32  Code  Gb  os_core.o [1]
OS_EventTaskWait        0x08006d87    0x8c  Code  Gb  os_core.o [1]
OS_EventWaitListInit    0x08006e45    0x1a  Code  Gb  os_core.o [1]
OS_FlagInit             0x080089bd    0x4e  Code  Gb  os_flag.o [1]
OS_FlagUnlink           0x08008a19    0x26  Code  Gb  os_flag.o [1]
OS_InitEventList()      0x08006e5f    0x58  Code  Lc  os_core.o [1]
OS_InitMisc()           0x08006eb7    0x52  Code  Lc  os_core.o [1]
OS_InitRdyList()        0x08006f09    0x40  Code  Lc  os_core.o [1]
OS_InitTCBList()        0x08006fc1    0x64  Code  Lc  os_core.o [1]
OS_InitTaskIdle()       0x08006f49    0x3c  Code  Lc  os_core.o [1]
OS_InitTaskStat()       0x08006f85    0x3c  Code  Lc  os_core.o [1]
OS_MemClr               0x08007025    0x12  Code  Gb  os_core.o [1]
OS_QInit                0x08008a41    0x44  Code  Gb  os_q.o [1]
OS_Sched                0x08007037    0x5c  Code  Gb  os_core.o [1]
OS_SchedNew()           0x08007093    0x1e  Code  Lc  os_core.o [1]
OS_TCBInit              0x08007185   0x12c  Code  Gb  os_core.o [1]
OS_TaskIdle             0x080070b1    0x20  Code  Gb  os_core.o [1]
OS_TaskReturn           0x0800776d    0x12  Code  Gb  os_task.o [1]
OS_TaskStat             0x080070d1    0x72  Code  Gb  os_core.o [1]
OS_TaskStatStkChk       0x08007143    0x3e  Code  Gb  os_core.o [1]
OS_TaskStkClr           0x080077a9    0x18  Code  Gb  os_task.o [1]
OUTER_TASK_STK          0x20003410  0x1000  Data  Gb  scheduler.o [1]
PARAMERTER::PID_Para_Init()
                        0x08005caf    0xb0  Code  Gb  parameter.o [1]
PARAMERTER::Para_Init()
                        0x08005c35    0x7a  Code  Gb  parameter.o [1]
PendSV_Handler          0x08008ad5          Code  Gb  os_cpu_a.o [1]
Rc_Pwm_In               0x20005eec    0x10  Data  Gb  pwm.o [1]
Region$$Table$$Base     0x0800b934           --   Gb  - Linker created -
Region$$Table$$Limit    0x0800b95c           --   Gb  - Linker created -
SHT$$INIT_ARRAY$$Base   0x0800b994           --   Gb  - Linker created -
SHT$$INIT_ARRAY$$Limit  0x0800b9b4           --   Gb  - Linker created -
SHT$$PREINIT_ARRAY$$Base
                        0x0800b994           --   Gb  - Linker created -
SHT$$PREINIT_ARRAY$$Limit
                        0x0800b994           --   Gb  - Linker created -
SPI3_IRQHandler         0x0800b7cd    0x10  Code  Gb  stm32f4xx_it.o [1]
SPI_CheckFlag_BSY(__SPI_HandleTypeDef *, unsigned int, unsigned int)
                        0x080053e3    0x28  Code  Lc  stm32f4xx_hal_spi.o [1]
SPI_DMAAbortOnError(__DMA_HandleTypeDef *)
                        0x0800532d    0x12  Code  Lc  stm32f4xx_hal_spi.o [1]
SPI_DMAError(__DMA_HandleTypeDef *)
                        0x08005309    0x24  Code  Lc  stm32f4xx_hal_spi.o [1]
SPI_DMAHalfReceiveCplt(__DMA_HandleTypeDef *)
                        0x080052f1     0xa  Code  Lc  stm32f4xx_hal_spi.o [1]
SPI_DMAHalfTransmitReceiveCplt(__DMA_HandleTypeDef *)
                        0x080052fd     0xa  Code  Lc  stm32f4xx_hal_spi.o [1]
SPI_DMAReceiveCplt(__DMA_HandleTypeDef *)
                        0x08005239    0x5a  Code  Lc  stm32f4xx_hal_spi.o [1]
SPI_DMATransmitReceiveCplt(__DMA_HandleTypeDef *)
                        0x08005295    0x5a  Code  Lc  stm32f4xx_hal_spi.o [1]
SPI_WaitFlagStateUntilTimeout(__SPI_HandleTypeDef *, unsigned int, unsigned int, unsigned int, unsigned int)
                        0x08005341    0xa2  Code  Lc  stm32f4xx_hal_spi.o [1]
START_TASK_STK          0x20005588   0x100  Data  Gb  scheduler.o [1]
SVC_Handler             0x0800b743     0x2  Code  Gb  stm32f4xx_it.o [1]
Scheduler::Loop_check()
                        0x08008593    0x80  Code  Gb  scheduler.o [1]
Scheduler::check_flash_save()
                        0x080087e7    0x1c  Code  Gb  scheduler.o [1]
Scheduler::cycler_Duty_10ms()
                        0x080086ff     0x2  Code  Gb  scheduler.o [1]
Scheduler::cycler_Duty_1ms()
                        0x080086f9     0x2  Code  Gb  scheduler.o [1]
Scheduler::cycler_Duty_20ms()
                        0x08008701     0x2  Code  Gb  scheduler.o [1]
Scheduler::cycler_Duty_3ms()
                        0x080086fb     0x2  Code  Gb  scheduler.o [1]
Scheduler::cycler_Duty_50ms()
                        0x08008703     0x2  Code  Gb  scheduler.o [1]
Scheduler::cycler_Duty_5ms()
                        0x080086fd     0x2  Code  Gb  scheduler.o [1]
Scheduler::cycler_loop()
                        0x08008685    0x72  Code  Gb  scheduler.o [1]
Scheduler::cyclest_Duty_10ms()
                        0x080087cf     0x8  Code  Gb  scheduler.o [1]
Scheduler::cyclest_Duty_1ms()
                        0x08008705    0x32  Code  Gb  scheduler.o [1]
Scheduler::cyclest_Duty_20ms()
                        0x080087d7     0x2  Code  Gb  scheduler.o [1]
Scheduler::cyclest_Duty_3ms()
                        0x08008737    0x3e  Code  Gb  scheduler.o [1]
Scheduler::cyclest_Duty_50ms()
                        0x080087d9     0xe  Code  Gb  scheduler.o [1]
Scheduler::cyclest_Duty_5ms()
                        0x08008775    0x5a  Code  Gb  scheduler.o [1]
Scheduler::cyclest_loop()
                        0x08008613    0x72  Code  Gb  scheduler.o [1]
Scheduler::outer_loop()
                        0x080086f7     0x2  Code  Gb  scheduler.o [1]
SetPwm(short *, short, short)
                        0x08001815    0xe6  Code  Gb  pwm.o [1]
SysTick_Config(unsigned int)
                        0x080034d3    0x2e  Code  Lc  stm32f4xx_hal_cortex.o [1]
SysTick_Handler         0x0800b747    0x30  Code  Gb  stm32f4xx_it.o [1]
SystemClock_Config()    0x08003aef    0xc4  Code  Gb  main.o [1]
SystemCoreClock         0x20000000     0x4  Data  Gb  system_stm32f4xx.o [1]
SystemInit              0x0800b811    0x4c  Code  Gb  system_stm32f4xx.o [1]
TIM2_IRQHandler         0x0800b795     0xa  Code  Gb  stm32f4xx_it.o [1]
TIM3_IRQHandler         0x0800b79f     0xa  Code  Gb  stm32f4xx_it.o [1]
TIM8_BRK_TIM12_IRQHandler
                        0x0800b7b9     0xa  Code  Gb  stm32f4xx_it.o [1]
TIM_Base_SetConfig      0x08002aaf    0xe4  Code  Gb  stm32f4xx_hal_tim.o [1]
TIM_CCxChannelCmd       0x08002c85    0x1e  Code  Gb  stm32f4xx_hal_tim.o [1]
TIM_OC1_SetConfig(TIM_TypeDef *, TIM_OC_InitTypeDef *)
                        0x08002ca5    0x6c  Code  Lc  stm32f4xx_hal_tim.o [1]
TIM_OC2_SetConfig       0x08002c0f    0x76  Code  Gb  stm32f4xx_hal_tim.o [1]
TIM_OC3_SetConfig(TIM_TypeDef *, TIM_OC_InitTypeDef *)
                        0x08002d11    0x74  Code  Lc  stm32f4xx_hal_tim.o [1]
TIM_OC4_SetConfig(TIM_TypeDef *, TIM_OC_InitTypeDef *)
                        0x08002d85    0x5e  Code  Lc  stm32f4xx_hal_tim.o [1]
TIM_TI1_SetConfig       0x08002b93    0x7c  Code  Gb  stm32f4xx_hal_tim.o [1]
TIM_TI2_SetConfig(TIM_TypeDef *, unsigned int, unsigned int, unsigned int)
                        0x08002e11    0x3a  Code  Lc  stm32f4xx_hal_tim.o [1]
TIM_TI3_SetConfig(TIM_TypeDef *, unsigned int, unsigned int, unsigned int)
                        0x08002e4b    0x38  Code  Lc  stm32f4xx_hal_tim.o [1]
TIM_TI4_SetConfig(TIM_TypeDef *, unsigned int, unsigned int, unsigned int)
                        0x08002e83    0x3a  Code  Lc  stm32f4xx_hal_tim.o [1]
To_180_degrees(float)   0x080014ed    0x32  Code  Gb  mymath.o [1]
UART_DMAAbortOnError(__DMA_HandleTypeDef *)
                        0x0800571d    0x12  Code  Lc  stm32f4xx_hal_uart.o [1]
UART_DMAError(__DMA_HandleTypeDef *)
                        0x08005691    0x56  Code  Lc  stm32f4xx_hal_uart.o [1]
UART_DMATransmitCplt(__DMA_HandleTypeDef *)
                        0x08005651    0x32  Code  Lc  stm32f4xx_hal_uart.o [1]
UART_DMATxHalfCplt(__DMA_HandleTypeDef *)
                        0x08005685     0xa  Code  Lc  stm32f4xx_hal_uart.o [1]
UART_EndRxTransfer(UART_HandleTypeDef *)
                        0x080056fb    0x20  Code  Lc  stm32f4xx_hal_uart.o [1]
UART_EndTransmit_IT(UART_HandleTypeDef *)
                        0x08005799    0x1c  Code  Lc  stm32f4xx_hal_uart.o [1]
UART_EndTxTransfer(UART_HandleTypeDef *)
                        0x080056e7    0x14  Code  Lc  stm32f4xx_hal_uart.o [1]
UART_Receive_IT(UART_HandleTypeDef *)
                        0x080057b5    0x9a  Code  Lc  stm32f4xx_hal_uart.o [1]
UART_SetConfig(UART_HandleTypeDef *)
                        0x0800584f   0x30c  Code  Lc  stm32f4xx_hal_uart.o [1]
UART_Transmit_IT(UART_HandleTypeDef *)
                        0x0800572f    0x6a  Code  Lc  stm32f4xx_hal_uart.o [1]
USART2_IRQHandler       0x0800b7a9    0x10  Code  Gb  stm32f4xx_it.o [1]
UsageFault_Handler      0x0800b741     0x2  Code  Gb  stm32f4xx_it.o [1]
Vector3<float>::Vector3()
                        0x08001579    0x18  Code  Gb  quaternion.o [1]
Vector3<float>::Vector3(float, float, float)
                        0x0800af4f     0xe  Code  Gb  vector3.o [1]
Vector3<short>::Vector3()
                        0x08009109     0xa  Code  Gb  magnet.o [1]
__aeabi_d2f             0x08001785          Code  Gb  DblToFlt.o [4]
__aeabi_dadd            0x08008375          Code  Gb  DblAdd.o [4]
__aeabi_dmul            0x080015e1          Code  Gb  DblMul.o [4]
__aeabi_errno_addr      0x0800b225     0x6  Code  Gb  errno.o [3]
__aeabi_f2d             0x08001591          Code  Gb  FltToDbl.o [4]
__aeabi_i2d             0x0800af71          Code  Gb  I32ToDbl.o [4]
__aeabi_l2f             0x08008311          Code  Gb  I64ToFlt.o [4]
__aeabi_memclr4         0x080084f9          Code  Gb  ABImemclr4.o [5]
__aeabi_ul2f            0x0800832d          Code  Gb  I64ToFlt.o [4]
__call_ctors            0x0800b97d    0x18  Code  Gb  cppinit.o [3]
__cmain                 0x0800b9b5          Code  Gb  cmain.o [5]
__exit                  0x0800b9e5    0x14  Code  Gb  exit.o [6]
__iar_Errno             0x20000004     0x4  Data  Gb  errno.o [3]
__iar_FDtest            0x08001541    0x30  Code  Gb  xfdtest.o [4]
__iar_Memset4_word      0x08009115          Code  Gb  ABImemset48.o [5]
__iar_Memset8_word      0x08009115          Code  Gb  ABImemset48.o [5]
__iar_copy_init3        0x0800b8bd    0x2c  Code  Gb  copy_init3.o [5]
__iar_cstart_call_ctors
                        0x0800b95d    0x20  Code  Gb  cmain_call_ctors.o [5]
__iar_dadd              0x08008389          Code  Gb  DblAdd.o [4]
__iar_data_init3        0x0800b8e9    0x28  Code  Gb  data_init.o [5]
__iar_dlib_perthread_access
                        0x0800b231     0x2  Code  Gb  xtls.o [3]
__iar_dsub              0x08008f9d          Code  Gb  DblSub.o [4]
__iar_dsubStart         0x08008faf          Code  Gb  DblSub.o [4]
__iar_edom              0x0800b219          Code  Gb  iarEdom.o [5]
__iar_init_vfp          0x0800b911          Code  Gb  fpinit_M.o [4]
__iar_program_start     0x0800ba7d          Code  Gb  cstartup_M.o [5]
__iar_ui2d              0x0800af85          Code  Gb  I32ToDbl.o [4]
__iar_ul2f              0x08008339          Code  Gb  I64ToFlt.o [4]
__iar_unaligned___aeabi_memcpy4
                        0x080084a1          Code  Gb  ABImemcpy_unaligned.o [5]
__iar_unaligned___aeabi_memcpy8
                        0x080084a1          Code  Gb  ABImemcpy_unaligned.o [5]
__iar_xatanf            0x0800b175          Code  Gb  xatanf.o [4]
__iar_zero_init3        0x0800b87d    0x40  Code  Gb  zero_init3.o [5]
__low_level_init        0x0800b9cf     0x4  Code  Gb  low_level_init.o [3]
__sti__routine          0x08006191     0xc  Code  Lc  AHRS.o [1]
__sti__routine          0x08000189     0xc  Code  Lc  ctrl.o [1]
__sti__routine          0x08009769     0xc  Code  Lc  datatrans.o [1]
__sti__routine          0x0800783d     0xc  Code  Lc  flash.o [1]
__sti__routine          0x08008011     0xc  Code  Lc  height_ctrl.o [1]
__sti__routine          0x0800a695     0xc  Code  Lc  imu.o [1]
__sti__routine          0x080092d9     0xc  Code  Lc  magnet.o [1]
__sti__routine          0x08001d89     0xc  Code  Lc  rc.o [1]
__vector_table          0x08000000          Data  Gb  startup_stm32f407xx.o [1]
_call_main              0x0800b9c1          Code  Gb  cmain.o [5]
_exit                   0x0800b9d9          Code  Gb  cexit.o [5]
_main                   0x0800b9cb          Code  Gb  cmain.o [5]
ahrs                    0x20004800   0x30c  Data  Gb  AHRS.o [1]
asinf                   0x0800b0e9          Code  Gb  asinf.o [4]
baroAlt                 0x20005f50     0x4  Data  Gb  baro.o [1]
baroAltOld              0x20005f54     0x4  Data  Gb  baro.o [1]
baro_Offset             0x20005f5c     0x4  Data  Gb  baro.o [1]
baro_alt_speed          0x20005f58     0x4  Data  Gb  baro.o [1]
ctrl_s                  0x20004d3c   0x21c  Data  Gb  ctrl.o [1]
ctrl_t::ctrl_t()        0x08001d41    0x46  Code  Gb  ctrl.o [1]
cycler_task(void *)     0x0800851d    0x1c  Code  Gb  scheduler.o [1]
cyclest_task(void *)    0x08008501    0x1c  Code  Gb  scheduler.o [1]
data_trans              0x20005954    0x7c  Data  Gb  datatrans.o [1]
delay_init(unsigned char)
                        0x08005b81    0x14  Code  Gb  delay.o [1]
delay_ms(unsigned short)
                        0x08005bd1    0x4a  Code  Gb  delay.o [1]
delay_osschedlock()     0x08005b69     0x8  Code  Gb  delay.o [1]
delay_osschedunlock()   0x08005b71     0x8  Code  Gb  delay.o [1]
delay_ostimedly(unsigned int)
                        0x08005b79     0x8  Code  Gb  delay.o [1]
delay_us(unsigned int)  0x08005b95    0x3c  Code  Gb  delay.o [1]
exit                    0x0800b9d3     0x4  Code  Gb  exit.o [3]
fac_ms                  0x20005fd0     0x2  Data  Lc  delay.o [1]
fac_us                  0x20005fd9     0x1  Data  Lc  delay.o [1]
fast_atan2(float, float)
                        0x08001305   0x130  Code  Gb  mymath.o [1]
fast_atan_table         0x0800b234   0x404  Data  Lc  mymath.o [1]
flash_save              0x20005358   0x130  Data  Gb  flash.o [1]
flash_save_para::ReadTheFLASH(unsigned int, unsigned char *, short)
                        0x080079cf    0x26  Code  Gb  flash.o [1]
flash_save_para::UpdateTheFLASH(unsigned int, unsigned char *, short)
                        0x080078f9    0xd6  Code  Gb  flash.o [1]
flash_save_para::flash_byte_to_float(unsigned char *, short, float *)
                        0x080079f5    0x3e  Code  Gb  flash.o [1]
flash_save_para::flash_float_to_byte(unsigned char *, short, float *)
                        0x08007a33    0x2e  Code  Gb  flash.o [1]
flash_save_para::flash_read_parameters()
                        0x08007ce9   0x256  Code  Gb  flash.o [1]
flash_save_para::flash_save_para()
                        0x08008b55     0x8  Code  Gb  flash.o [1]
flash_save_para::flash_save_parameters()
                        0x08007a61   0x288  Code  Gb  flash.o [1]
hdma_spi3_rx            0x20005aac    0x60  Data  Gb  main.o [1]
hdma_spi3_tx            0x20005b0c    0x60  Data  Gb  main.o [1]
hdma_usart2_rx          0x20005b6c    0x60  Data  Gb  main.o [1]
hdma_usart2_tx          0x20005bcc    0x60  Data  Gb  main.o [1]
hlt_ctl                 0x20004b0c   0x230  Data  Gb  height_ctrl.o [1]
hspi3                   0x20005c2c    0x58  Data  Gb  main.o [1]
htim1                   0x20005d54    0x3c  Data  Gb  main.o [1]
htim12                  0x20005e44    0x3c  Data  Gb  main.o [1]
htim2                   0x20005d90    0x3c  Data  Gb  main.o [1]
htim3                   0x20005dcc    0x3c  Data  Gb  main.o [1]
htim4                   0x20005e08    0x3c  Data  Gb  main.o [1]
huart2                  0x20005cd4    0x40  Data  Gb  main.o [1]
imu_dcm                 0x20005838    0x90  Data  Gb  imu.o [1]
led                     0x20005f8c     0x4  Data  Gb  led.o [1]
mag_s                   0x20005a48    0x64  Data  Gb  magnet.o [1]
main                    0x08003ab9    0x36  Code  Gb  main.o [1]
ms5611_ok               0x20005fd4     0x1  Data  Gb  baro.o [1]
ms5611_prom             0x20005edc    0x10  Data  Gb  baro.o [1]
ms5611_up               0x20005f64     0x4  Data  Gb  baro.o [1]
ms5611_ut               0x20005f60     0x4  Data  Gb  baro.o [1]
my_abs(float)           0x080012f5    0x10  Code  Gb  mymath.o [1]
my_deathzoom(float, float)
                        0x08001491    0x32  Code  Gb  mymath.o [1]
my_deathzoom_2(float, float)
                        0x080014c5    0x20  Code  Gb  mymath.o [1]
my_pow(float)           0x08001435     0x6  Code  Gb  mymath.o [1]
my_sqrt(float)          0x0800143b    0x4a  Code  Gb  mymath.o [1]
outer_task(void *)      0x08008539     0xa  Code  Gb  scheduler.o [1]
pFlash                  0x20005ea8    0x20  Data  Gb  stm32f4xx_hal_flash.o [1]
p_rxbuf                 0x20005f6c     0x4  Data  Gb  baro.o [1]
parameter               0x20005fc0     0x4  Data  Gb  parameter.o [1]
rc                      0x20005688    0xe8  Data  Gb  rc.o [1]
ref_t::ref_t()          0x0800b145    0x2e  Code  Gb  imu.o [1]
scheduler               0x20005e80    0x28  Data  Gb  scheduler.o [1]
sem_cycler              0x20005fc8     0x4  Data  Gb  scheduler.o [1]
sem_cyclest             0x20005fc4     0x4  Data  Gb  scheduler.o [1]
simpdelay()             0x0800619d    0x12  Code  Lc  AHRS.o [1]
simple_3d_trans(Vector3<float> *, Vector3<float> *, Vector3<float> *)
                        0x0800afe1    0xfc  Code  Gb  filter.o [1]
start_task(void *)      0x08008543    0x50  Code  Gb  scheduler.o [1]
systime::Cycle_Time_Init()
                        0x08006a17    0x1c  Code  Gb  time.o [1]
systime::GetSysTime_us()
                        0x08006a33    0x24  Code  Gb  time.o [1]
systime::Get_Cycle_T(unsigned char)
                        0x080069a5    0x72  Code  Gb  time.o [1]
systime::sys_time()     0x08006945    0x60  Code  Gb  time.o [1]
t_rxbuf                 0x20005f68     0x4  Data  Gb  baro.o [1]
temperature_5611        0x20005f74     0x4  Data  Gb  baro.o [1]
time                    0x200058c8    0x8c  Data  Gb  time.o [1]
uwTick                  0x20005fcc     0x4  Data  Gb  stm32f4xx_hal.o [1]


[1] = G:\STM32\Acopter\Acopter\EWARM\Acopter\Obj
[2] = command line
[3] = dl7M_tlf.a
[4] = m7M_tls.a
[5] = rt7M_tl.a
[6] = shb_l.a

  46 564 bytes of readonly  code memory
   1 504 bytes of readonly  data memory
  24 548 bytes of readwrite data memory

Errors: none
Warnings: none
